[?2026h[?25l[1Gpulling manifest ⠋ [K[?25h[?2026l[?2026h[?25l[1Gpulling manifest ⠙ [K[?25h[?2026l[?2026h[?25l[1Gpulling manifest ⠹ [K[?25h[?2026l[?2026h[?25l[1Gpulling manifest ⠸ [K[?25h[?2026l[?2026h[?25l[1Gpulling manifest ⠼ [K[?25h[?2026l[?2026h[?25l[1Gpulling manifest ⠴ [K[?25h[?2026l[?2026h[?25l[1Gpulling manifest ⠦ [K[?25h[?2026l[?2026h[?25l[1Gpulling manifest ⠧ [K[?25h[?2026l[?2026h[?25l[1Gpulling manifest ⠇ [K[?25h[?2026l[?2026h[?25l[1Gpulling manifest ⠏ [K[?25h[?2026l[?2026h[?25l[1Gpulling manifest ⠋ [K[?25h[?2026l[?2026h[?25l[1Gpulling manifest ⠙ [K[?25h[?2026l[?2026h[?25l[1Gpulling manifest ⠹ [K[?25h[?2026l[?2026h[?25l[1Gpulling manifest ⠸ [K[?25h[?2026l[?2026h[?25l[1Gpulling manifest ⠼ [K[?25h[?2026l[?2026h[?25l[1Gpulling manifest ⠴ [K[?25h[?2026l[?2026h[?25l[1Gpulling manifest ⠦ [K[?25h[?2026l[?2026h[?25l[1Gpulling manifest ⠧ [K[?25h[?2026l[?2026h[?25l[1Gpulling manifest ⠇ [K[?25h[?2026l[?2026h[?25l[1Gpulling manifest ⠏ [K[?25h[?2026l[?2026h[?25l[1Gpulling manifest ⠋ [K[?25h[?2026l[?2026h[?25l[1Gpulling manifest ⠙ [K[?25h[?2026l[?2026h[?25l[1Gpulling manifest ⠹ [K[?25h[?2026l[?2026h[?25l[1Gpulling manifest ⠸ [K[?25h[?2026l[?2026h[?25l[1Gpulling manifest ⠼ [K[?25h[?2026l[?2026h[?25l[1Gpulling manifest ⠴ [K[?25h[?2026l[?2026h[?25l[1Gpulling manifest ⠦ [K[?25h[?2026l[?2026h[?25l[1Gpulling manifest ⠧ [K[?25h[?2026l[?2026h[?25l[1Gpulling manifest ⠇ [K[?25h[?2026l[?2026h[?25l[1Gpulling manifest ⠏ [K[?25h[?2026l[?2026h[?25l[1Gpulling manifest [K
pulling af63361d2ac3:   0% ▕                  ▏ 1.2 MB/5.6 GB                  [K[?25h[?2026l[?2026h[?25l[A[1Gpulling manifest [K
pulling af63361d2ac3:   0% ▕                  ▏ 8.9 MB/5.6 GB                  [K[?25h[?2026l[?2026h[?25l[A[1Gpulling manifest [K
pulling af63361d2ac3:   0% ▕                  ▏  20 MB/5.6 GB                  [K[?25h[?2026l[?2026h[?25l[A[1Gpulling manifest [K
pulling af63361d2ac3:   0% ▕                  ▏  25 MB/5.6 GB                  [K[?25h[?2026l[?2026h[?25l[A[1Gpulling manifest [K
pulling af63361d2ac3:   1% ▕                  ▏  36 MB/5.6 GB                  [K[?25h[?2026l[?2026h[?25l[A[1Gpulling manifest [K
pulling af63361d2ac3:   1% ▕                  ▏  47 MB/5.6 GB                  [K[?25h[?2026l[?2026h[?25l[A[1Gpulling manifest [K
pulling af63361d2ac3:   1% ▕                  ▏  53 MB/5.6 GB                  [K[?25h[?2026l[?2026h[?25l[A[1Gpulling manifest [K
pulling af63361d2ac3:   1% ▕                  ▏  63 MB/5.6 GB                  [K[?25h[?2026l[?2026h[?25l[A[1Gpulling manifest [K
pulling af63361d2ac3:   1% ▕                  ▏  73 MB/5.6 GB                  [K[?25h[?2026l[?2026h[?25l[A[1Gpulling manifest [K
pulling af63361d2ac3:   1% ▕                  ▏  79 MB/5.6 GB                  [K[?25h[?2026l[?2026h[?25l[A[1Gpulling manifest [K
pulling af63361d2ac3:   2% ▕                  ▏  90 MB/5.6 GB   89 MB/s    1m2s[K[?25h[?2026l[?2026h[?25l[A[1Gpulling manifest [K
pulling af63361d2ac3:   2% ▕                  ▏ 101 MB/5.6 GB   89 MB/s    1m1s[K[?25h[?2026l[?2026h[?25l[A[1Gpulling manifest [K
pulling af63361d2ac3:   2% ▕                  ▏ 107 MB/5.6 GB   89 MB/s    1m1s[K[?25h[?2026l[?2026h[?25l[A[1Gpulling manifest [K
pulling af63361d2ac3:   2% ▕                  ▏ 119 MB/5.6 GB   89 MB/s    1m1s[K[?25h[?2026l[?2026h[?25l[A[1Gpulling manifest [K
pulling af63361d2ac3:   2% ▕                  ▏ 130 MB/5.6 GB   89 MB/s    1m1s[K[?25h[?2026l[?2026h[?25l[A[1Gpulling manifest [K
pulling af63361d2ac3:   2% ▕                  ▏ 136 MB/5.6 GB   89 MB/s    1m1s[K[?25h[?2026l[?2026h[?25l[A[1Gpulling manifest [K
pulling af63361d2ac3:   3% ▕                  ▏ 148 MB/5.6 GB   89 MB/s    1m1s[K[?25h[?2026l[?2026h[?25l[A[1Gpulling manifest [K
pulling af63361d2ac3:   3% ▕                  ▏ 159 MB/5.6 GB   89 MB/s    1m1s[K[?25h[?2026l[?2026h[?25l[A[1Gpulling manifest [K
pulling af63361d2ac3:   3% ▕                  ▏ 164 MB/5.6 GB   89 MB/s    1m1s[K[?25h[?2026l[?2026h[?25l[A[1Gpulling manifest [K
pulling af63361d2ac3:   3% ▕                  ▏ 176 MB/5.6 GB   89 MB/s    1m1s[K[?25h[?2026l[?2026h[?25l[A[1Gpulling manifest [K
pulling af63361d2ac3:   3% ▕                  ▏ 183 MB/5.6 GB   91 MB/s     59s[K[?25h[?2026l[?2026h[?25l[A[1Gpulling manifest [K
pulling af63361d2ac3:   3% ▕                  ▏ 183 MB/5.6 GB   91 MB/s     59s[K[?25h[?2026l[?2026h[?25l[A[1Gpulling manifest [K
pulling af63361d2ac3:   3% ▕                  ▏ 194 MB/5.6 GB   91 MB/s     59s[K[?25h[?2026l[?2026h[?25l[A[1Gpulling manifest [K
pulling af63361d2ac3:   4% ▕                  ▏ 203 MB/5.6 GB   91 MB/s     59s[K[?25h[?2026l[?2026h[?25l[A[1Gpulling manifest [K
pulling af63361d2ac3:   4% ▕                  ▏ 208 MB/5.6 GB   91 MB/s     59s[K[?25h[?2026l[?2026h[?25l[A[1Gpulling manifest [K
pulling af63361d2ac3:   4% ▕                  ▏ 218 MB/5.6 GB   91 MB/s     59s[K[?25h[?2026l[?2026h[?25l[A[1Gpulling manifest [K
pulling af63361d2ac3:   4% ▕                  ▏ 228 MB/5.6 GB   91 MB/s     59s[K[?25h[?2026l[?2026h[?25l[A[1Gpulling manifest [K
pulling af63361d2ac3:   4% ▕                  ▏ 233 MB/5.6 GB   91 MB/s     59s[K[?25h[?2026l[?2026h[?25l[A[1Gpulling manifest [K
pulling af63361d2ac3:   4% ▕                  ▏ 244 MB/5.6 GB   91 MB/s     59s[K[?25h[?2026l[?2026h[?25l[A[1Gpulling manifest [K
pulling af63361d2ac3:   5% ▕                  ▏ 254 MB/5.6 GB   91 MB/s     58s[K[?25h[?2026l[?2026h[?25l[A[1Gpulling manifest [K
pulling af63361d2ac3:   5% ▕                  ▏ 259 MB/5.6 GB   91 MB/s     58s[K[?25h[?2026l[?2026h[?25l[A[1Gpulling manifest [K
pulling af63361d2ac3:   5% ▕                  ▏ 270 MB/5.6 GB   87 MB/s    1m0s[K[?25h[?2026l[?2026h[?25l[A[1Gpulling manifest [K
pulling af63361d2ac3:   5% ▕                  ▏ 280 MB/5.6 GB   87 MB/s    1m0s[K[?25h[?2026l[?2026h[?25l[A[1Gpulling manifest [K
pulling af63361d2ac3:   5% ▕                  ▏ 285 MB/5.6 GB   87 MB/s    1m0s[K[?25h[?2026l[?2026h[?25l[A[1Gpulling manifest [K
pulling af63361d2ac3:   5% ▕                  ▏ 295 MB/5.6 GB   87 MB/s    1m0s[K[?25h[?2026l[?2026h[?25l[A[1Gpulling manifest [K
pulling af63361d2ac3:   5% ▕                  ▏ 305 MB/5.6 GB   87 MB/s    1m0s[K[?25h[?2026l[?2026h[?25l[A[1Gpulling manifest [K
pulling af63361d2ac3:   6% ▕                  ▏ 311 MB/5.6 GB   87 MB/s    1m0s[K[?25h[?2026l[?2026h[?25l[A[1Gpulling manifest [K
pulling af63361d2ac3:   6% ▕█                 ▏ 322 MB/5.6 GB   87 MB/s    1m0s[K[?25h[?2026l[?2026h[?25l[A[1Gpulling manifest [K
pulling af63361d2ac3:   6% ▕█                 ▏ 332 MB/5.6 GB   87 MB/s    1m0s[K[?25h[?2026l[?2026h[?25l[A[1Gpulling manifest [K
pulling af63361d2ac3:   6% ▕█                 ▏ 338 MB/5.6 GB   87 MB/s    1m0s[K[?25h[?2026l[?2026h[?25l[A[1Gpulling manifest [K
pulling af63361d2ac3:   6% ▕█                 ▏ 348 MB/5.6 GB   87 MB/s    1m0s[K[?25h[?2026l[?2026h[?25l[A[1Gpulling manifest [K
pulling af63361d2ac3:   6% ▕█                 ▏ 358 MB/5.6 GB   88 MB/s     59s[K[?25h[?2026l[?2026h[?25l[A[1Gpulling manifest [K
pulling af63361d2ac3:   6% ▕█                 ▏ 363 MB/5.6 GB   88 MB/s     59s[K[?25h[?2026l[?2026h[?25l[A[1Gpulling manifest [K
pulling af63361d2ac3:   7% ▕█                 ▏ 374 MB/5.6 GB   88 MB/s     59s[K[?25h[?2026l[?2026h[?25l[A[1Gpulling manifest [K
pulling af63361d2ac3:   7% ▕█                 ▏ 384 MB/5.6 GB   88 MB/s     59s[K[?25h[?2026l[?2026h[?25l[A[1Gpulling manifest [K
pulling af63361d2ac3:   7% ▕█                 ▏ 389 MB/5.6 GB   88 MB/s     59s[K[?25h[?2026l[?2026h[?25l[A[1Gpulling manifest [K
pulling af63361d2ac3:   7% ▕█                 ▏ 400 MB/5.6 GB   88 MB/s     59s[K[?25h[?2026l[?2026h[?25l[A[1Gpulling manifest [K
pulling af63361d2ac3:   7% ▕█                 ▏ 411 MB/5.6 GB   88 MB/s     59s[K[?25h[?2026l[?2026h[?25l[A[1Gpulling manifest [K
pulling af63361d2ac3:   7% ▕█                 ▏ 417 MB/5.6 GB   88 MB/s     59s[K[?25h[?2026l[?2026h[?25l[A[1Gpulling manifest [K
pulling af63361d2ac3:   8% ▕█                 ▏ 427 MB/5.6 GB   88 MB/s     59s[K[?25h[?2026l[?2026h[?25l[A[1Gpulling manifest [K
pulling af63361d2ac3:   8% ▕█                 ▏ 438 MB/5.6 GB   88 MB/s     58s[K[?25h[?2026l[?2026h[?25l[A[1Gpulling manifest [K
pulling af63361d2ac3:   8% ▕█                 ▏ 441 MB/5.6 GB   88 MB/s     58s[K[?25h[?2026l[?2026h[?25l[A[1Gpulling manifest [K
pulling af63361d2ac3:   8% ▕█                 ▏ 452 MB/5.6 GB   88 MB/s     58s[K[?25h[?2026l[?2026h[?25l[A[1Gpulling manifest [K
pulling af63361d2ac3:   8% ▕█                 ▏ 462 MB/5.6 GB   88 MB/s     58s[K[?25h[?2026l[?2026h[?25l[A[1Gpulling manifest [K
pulling af63361d2ac3:   8% ▕█                 ▏ 468 MB/5.6 GB   88 MB/s     58s[K[?25h[?2026l[?2026h[?25l[A[1Gpulling manifest [K
pulling af63361d2ac3:   9% ▕█                 ▏ 479 MB/5.6 GB   88 MB/s     58s[K[?25h[?2026l[?2026h[?25l[A[1Gpulling manifest [K
pulling af63361d2ac3:   9% ▕█                 ▏ 489 MB/5.6 GB   88 MB/s     58s[K[?25h[?2026l[?2026h[?25l[A[1Gpulling manifest [K
pulling af63361d2ac3:   9% ▕█                 ▏ 494 MB/5.6 GB   88 MB/s     58s[K[?25h[?2026l[?2026h[?25l[A[1Gpulling manifest [K
pulling af63361d2ac3:   9% ▕█                 ▏ 506 MB/5.6 GB   88 MB/s     58s[K[?25h[?2026l[?2026h[?25l[A[1Gpulling manifest [K
pulling af63361d2ac3:   9% ▕█                 ▏ 516 MB/5.6 GB   88 MB/s     57s[K[?25h[?2026l[?2026h[?25l[A[1Gpulling manifest [K
pulling af63361d2ac3:   9% ▕█                 ▏ 522 MB/5.6 GB   88 MB/s     57s[K[?25h[?2026l[?2026h[?25l[A[1Gpulling manifest [K
pulling af63361d2ac3:   9% ▕█                 ▏ 533 MB/5.6 GB   88 MB/s     57s[K[?25h[?2026l[?2026h[?25l[A[1Gpulling manifest [K
pulling af63361d2ac3:  10% ▕█                 ▏ 542 MB/5.6 GB   88 MB/s     57s[K[?25h[?2026l[?2026h[?25l[A[1Gpulling manifest [K
pulling af63361d2ac3:  10% ▕█                 ▏ 547 MB/5.6 GB   88 MB/s     57s[K[?25h[?2026l[?2026h[?25l[A[1Gpulling manifest [K
pulling af63361d2ac3:  10% ▕█                 ▏ 556 MB/5.6 GB   88 MB/s     57s[K[?25h[?2026l[?2026h[?25l[A[1Gpulling manifest [K
pulling af63361d2ac3:  10% ▕█                 ▏ 566 MB/5.6 GB   88 MB/s     57s[K[?25h[?2026l[?2026h[?25l[A[1Gpulling manifest [K
pulling af63361d2ac3:  10% ▕█                 ▏ 571 MB/5.6 GB   88 MB/s     57s[K[?25h[?2026l[?2026h[?25l[A[1Gpulling manifest [K
pulling af63361d2ac3:  10% ▕█                 ▏ 581 MB/5.6 GB   88 MB/s     56s[K[?25h[?2026l[?2026h[?25l[A[1Gpulling manifest [K
pulling af63361d2ac3:  11% ▕█                 ▏ 591 MB/5.6 GB   88 MB/s     56s[K[?25h[?2026l[?2026h[?25l[A[1Gpulling manifest [K
pulling af63361d2ac3:  11% ▕█                 ▏ 596 MB/5.6 GB   88 MB/s     56s[K[?25h[?2026l[?2026h[?25l[A[1Gpulling manifest [K
pulling af63361d2ac3:  11% ▕█                 ▏ 606 MB/5.6 GB   88 MB/s     56s[K[?25h[?2026l[?2026h[?25l[A[1Gpulling manifest [K
pulling af63361d2ac3:  11% ▕█                 ▏ 615 MB/5.6 GB   87 MB/s     57s[K[?25h[?2026l[?2026h[?25l[A[1Gpulling manifest [K
pulling af63361d2ac3:  11% ▕█                 ▏ 621 MB/5.6 GB   87 MB/s     57s[K[?25h[?2026l[?2026h[?25l[A[1Gpulling manifest [K
pulling af63361d2ac3:  11% ▕██                ▏ 630 MB/5.6 GB   87 MB/s     56s[K[?25h[?2026l[?2026h[?25l[A[1Gpulling manifest [K
pulling af63361d2ac3:  11% ▕██                ▏ 641 MB/5.6 GB   87 MB/s     56s[K[?25h[?2026l[?2026h[?25l[A[1Gpulling manifest [K
pulling af63361d2ac3:  11% ▕██                ▏ 646 MB/5.6 GB   87 MB/s     56s[K[?25h[?2026l[?2026h[?25l[A[1Gpulling manifest [K
pulling af63361d2ac3:  12% ▕██                ▏ 656 MB/5.6 GB   87 MB/s     56s[K[?25h[?2026l[?2026h[?25l[A[1Gpulling manifest [K
pulling af63361d2ac3:  12% ▕██                ▏ 665 MB/5.6 GB   87 MB/s     56s[K[?25h[?2026l[?2026h[?25l[A[1Gpulling manifest [K
pulling af63361d2ac3:  12% ▕██                ▏ 670 MB/5.6 GB   87 MB/s     56s[K[?25h[?2026l[?2026h[?25l[A[1Gpulling manifest [K
pulling af63361d2ac3:  12% ▕██                ▏ 680 MB/5.6 GB   87 MB/s     56s[K[?25h[?2026l[?2026h[?25l[A[1Gpulling manifest [K
pulling af63361d2ac3:  12% ▕██                ▏ 691 MB/5.6 GB   87 MB/s     56s[K[?25h[?2026l[?2026h[?25l[A[1Gpulling manifest [K
pulling af63361d2ac3:  12% ▕██                ▏ 697 MB/5.6 GB   87 MB/s     56s[K[?25h[?2026l[?2026h[?25l[A[1Gpulling manifest [K
pulling af63361d2ac3:  13% ▕██                ▏ 707 MB/5.6 GB   87 MB/s     56s[K[?25h[?2026l[?2026h[?25l[A[1Gpulling manifest [K
pulling af63361d2ac3:  13% ▕██                ▏ 717 MB/5.6 GB   87 MB/s     56s[K[?25h[?2026l[?2026h[?25l[A[1Gpulling manifest [K
pulling af63361d2ac3:  13% ▕██                ▏ 722 MB/5.6 GB   87 MB/s     55s[K[?25h[?2026l[?2026h[?25l[A[1Gpulling manifest [K
pulling af63361d2ac3:  13% ▕██                ▏ 733 MB/5.6 GB   87 MB/s     55s[K[?25h[?2026l[?2026h[?25l[A[1Gpulling manifest [K
pulling af63361d2ac3:  13% ▕██                ▏ 744 MB/5.6 GB   87 MB/s     55s[K[?25h[?2026l[?2026h[?25l[A[1Gpulling manifest [K
pulling af63361d2ac3:  13% ▕██                ▏ 749 MB/5.6 GB   87 MB/s     55s[K[?25h[?2026l[?2026h[?25l[A[1Gpulling manifest [K
pulling af63361d2ac3:  14% ▕██                ▏ 761 MB/5.6 GB   87 MB/s     55s[K[?25h[?2026l[?2026h[?25l[A[1Gpulling manifest [K
pulling af63361d2ac3:  14% ▕██                ▏ 773 MB/5.6 GB   87 MB/s     55s[K[?25h[?2026l[?2026h[?25l[A[1Gpulling manifest [K
pulling af63361d2ac3:  14% ▕██                ▏ 778 MB/5.6 GB   87 MB/s     55s[K[?25h[?2026l[?2026h[?25l[A[1Gpulling manifest [K
pulling af63361d2ac3:  14% ▕██                ▏ 790 MB/5.6 GB   87 MB/s     55s[K[?25h[?2026l[?2026h[?25l[A[1Gpulling manifest [K
pulling af63361d2ac3:  14% ▕██                ▏ 801 MB/5.6 GB   88 MB/s     54s[K[?25h[?2026l[?2026h[?25l[A[1Gpulling manifest [K
pulling af63361d2ac3:  14% ▕██                ▏ 807 MB/5.6 GB   88 MB/s     54s[K[?25h[?2026l[?2026h[?25l[A[1Gpulling manifest [K
pulling af63361d2ac3:  15% ▕██                ▏ 817 MB/5.6 GB   88 MB/s     54s[K[?25h[?2026l[?2026h[?25l[A[1Gpulling manifest [K
pulling af63361d2ac3:  15% ▕██                ▏ 827 MB/5.6 GB   88 MB/s     54s[K[?25h[?2026l[?2026h[?25l[A[1Gpulling manifest [K
pulling af63361d2ac3:  15% ▕██                ▏ 832 MB/5.6 GB   88 MB/s     54s[K[?25h[?2026l[?2026h[?25l[A[1Gpulling manifest [K
pulling af63361d2ac3:  15% ▕██                ▏ 842 MB/5.6 GB   88 MB/s     54s[K[?25h[?2026l[?2026h[?25l[A[1Gpulling manifest [K
pulling af63361d2ac3:  15% ▕██                ▏ 853 MB/5.6 GB   88 MB/s     54s[K[?25h[?2026l[?2026h[?25l[A[1Gpulling manifest [K
pulling af63361d2ac3:  15% ▕██                ▏ 858 MB/5.6 GB   88 MB/s     53s[K[?25h[?2026l[?2026h[?25l[A[1Gpulling manifest [K
pulling af63361d2ac3:  15% ▕██                ▏ 870 MB/5.6 GB   88 MB/s     53s[K[?25h[?2026l[?2026h[?25l[A[1Gpulling manifest [K
pulling af63361d2ac3:  16% ▕██                ▏ 882 MB/5.6 GB   88 MB/s     53s[K[?25h[?2026l[?2026h[?25l[A[1Gpulling manifest [K
pulling af63361d2ac3:  16% ▕██                ▏ 887 MB/5.6 GB   88 MB/s     53s[K[?25h[?2026l[?2026h[?25l[A[1Gpulling manifest [K
pulling af63361d2ac3:  16% ▕██                ▏ 898 MB/5.6 GB   88 MB/s     53s[K[?25h[?2026l[?2026h[?25l[A[1Gpulling manifest [K
pulling af63361d2ac3:  16% ▕██                ▏ 910 MB/5.6 GB   88 MB/s     53s[K[?25h[?2026l[?2026h[?25l[A[1Gpulling manifest [K
pulling af63361d2ac3:  16% ▕██                ▏ 916 MB/5.6 GB   88 MB/s     53s[K[?25h[?2026l[?2026h[?25l[A[1Gpulling manifest [K
pulling af63361d2ac3:  16% ▕██                ▏ 927 MB/5.6 GB   88 MB/s     53s[K[?25h[?2026l[?2026h[?25l[A[1Gpulling manifest [K
pulling af63361d2ac3:  17% ▕███               ▏ 939 MB/5.6 GB   88 MB/s     52s[K[?25h[?2026l[?2026h[?25l[A[1Gpulling manifest [K
pulling af63361d2ac3:  17% ▕███               ▏ 945 MB/5.6 GB   88 MB/s     52s[K[?25h[?2026l[?2026h[?25l[A[1Gpulling manifest [K
pulling af63361d2ac3:  17% ▕███               ▏ 956 MB/5.6 GB   88 MB/s     52s[K[?25h[?2026l[?2026h[?25l[A[1Gpulling manifest [K
pulling af63361d2ac3:  17% ▕███               ▏ 967 MB/5.6 GB   88 MB/s     52s[K[?25h[?2026l[?2026h[?25l[A[1Gpulling manifest [K
pulling af63361d2ac3:  17% ▕███               ▏ 972 MB/5.6 GB   88 MB/s     52s[K[?25h[?2026l[?2026h[?25l[A[1Gpulling manifest [K
pulling af63361d2ac3:  17% ▕███               ▏ 983 MB/5.6 GB   88 MB/s     52s[K[?25h[?2026l[?2026h[?25l[A[1Gpulling manifest [K
pulling af63361d2ac3:  18% ▕███               ▏ 996 MB/5.6 GB   88 MB/s     52s[K[?25h[?2026l[?2026h[?25l[A[1Gpulling manifest [K
pulling af63361d2ac3:  18% ▕███               ▏ 1.0 GB/5.6 GB   88 MB/s     52s[K[?25h[?2026l[?2026h[?25l[A[1Gpulling manifest [K
pulling af63361d2ac3:  18% ▕███               ▏ 1.0 GB/5.6 GB   88 MB/s     51s[K[?25h[?2026l[?2026h[?25l[A[1Gpulling manifest [K
pulling af63361d2ac3:  18% ▕███               ▏ 1.0 GB/5.6 GB   88 MB/s     51s[K[?25h[?2026l[?2026h[?25l[A[1Gpulling manifest [K
pulling af63361d2ac3:  18% ▕███               ▏ 1.0 GB/5.6 GB   88 MB/s     51s[K[?25h[?2026l[?2026h[?25l[A[1Gpulling manifest [K
pulling af63361d2ac3:  18% ▕███               ▏ 1.0 GB/5.6 GB   88 MB/s     51s[K[?25h[?2026l[?2026h[?25l[A[1Gpulling manifest [K
pulling af63361d2ac3:  19% ▕███               ▏ 1.0 GB/5.6 GB   88 MB/s     51s[K[?25h[?2026l[?2026h[?25l[A[1Gpulling manifest [K
pulling af63361d2ac3:  19% ▕███               ▏ 1.1 GB/5.6 GB   88 MB/s     51s[K[?25h[?2026l[?2026h[?25l[A[1Gpulling manifest [K
pulling af63361d2ac3:  19% ▕███               ▏ 1.1 GB/5.6 GB   88 MB/s     51s[K[?25h[?2026l[?2026h[?25l[A[1Gpulling manifest [K
pulling af63361d2ac3:  19% ▕███               ▏ 1.1 GB/5.6 GB   88 MB/s     51s[K[?25h[?2026l[?2026h[?25l[A[1Gpulling manifest [K
pulling af63361d2ac3:  19% ▕███               ▏ 1.1 GB/5.6 GB   88 MB/s     51s[K[?25h[?2026l[?2026h[?25l[A[1Gpulling manifest [K
pulling af63361d2ac3:  19% ▕███               ▏ 1.1 GB/5.6 GB   88 MB/s     51s[K[?25h[?2026l[?2026h[?25l[A[1Gpulling manifest [K
pulling af63361d2ac3:  19% ▕███               ▏ 1.1 GB/5.6 GB   88 MB/s     51s[K[?25h[?2026l[?2026h[?25l[A[1Gpulling manifest [K
pulling af63361d2ac3:  19% ▕███               ▏ 1.1 GB/5.6 GB   88 MB/s     50s[K[?25h[?2026l[?2026h[?25l[A[1Gpulling manifest [K
pulling af63361d2ac3:  20% ▕███               ▏ 1.1 GB/5.6 GB   88 MB/s     50s[K[?25h[?2026l[?2026h[?25l[A[1Gpulling manifest [K
pulling af63361d2ac3:  20% ▕███               ▏ 1.1 GB/5.6 GB   88 MB/s     50s[K[?25h[?2026l[?2026h[?25l[A[1Gpulling manifest [K
pulling af63361d2ac3:  20% ▕███               ▏ 1.1 GB/5.6 GB   88 MB/s     50s[K[?25h[?2026l[?2026h[?25l[A[1Gpulling manifest [K
pulling af63361d2ac3:  20% ▕███               ▏ 1.1 GB/5.6 GB   88 MB/s     50s[K[?25h[?2026l[?2026h[?25l[A[1Gpulling manifest [K
pulling af63361d2ac3:  20% ▕███               ▏ 1.1 GB/5.6 GB   88 MB/s     50s[K[?25h[?2026l[?2026h[?25l[A[1Gpulling manifest [K
pulling af63361d2ac3:  20% ▕███               ▏ 1.2 GB/5.6 GB   88 MB/s     50s[K[?25h[?2026l[?2026h[?25l[A[1Gpulling manifest [K
pulling af63361d2ac3:  21% ▕███               ▏ 1.2 GB/5.6 GB   89 MB/s     49s[K[?25h[?2026l[?2026h[?25l[A[1Gpulling manifest [K
pulling af63361d2ac3:  21% ▕███               ▏ 1.2 GB/5.6 GB   89 MB/s     49s[K[?25h[?2026l[?2026h[?25l[A[1Gpulling manifest [K
pulling af63361d2ac3:  21% ▕███               ▏ 1.2 GB/5.6 GB   89 MB/s     49s[K[?25h[?2026l[?2026h[?25l[A[1Gpulling manifest [K
pulling af63361d2ac3:  21% ▕███               ▏ 1.2 GB/5.6 GB   89 MB/s     49s[K[?25h[?2026l[?2026h[?25l[A[1Gpulling manifest [K
pulling af63361d2ac3:  21% ▕███               ▏ 1.2 GB/5.6 GB   89 MB/s     49s[K[?25h[?2026l[?2026h[?25l[A[1Gpulling manifest [K
pulling af63361d2ac3:  21% ▕███               ▏ 1.2 GB/5.6 GB   89 MB/s     49s[K[?25h[?2026l[?2026h[?25l[A[1Gpulling manifest [K
pulling af63361d2ac3:  22% ▕███               ▏ 1.2 GB/5.6 GB   89 MB/s     49s[K[?25h[?2026l[?2026h[?25l[A[1Gpulling manifest [K
pulling af63361d2ac3:  22% ▕███               ▏ 1.2 GB/5.6 GB   89 MB/s     49s[K[?25h[?2026l[?2026h[?25l[A[1Gpulling manifest [K
pulling af63361d2ac3:  22% ▕███               ▏ 1.2 GB/5.6 GB   89 MB/s     49s[K[?25h[?2026l[?2026h[?25l[A[1Gpulling manifest [K
pulling af63361d2ac3:  22% ▕████              ▏ 1.3 GB/5.6 GB   89 MB/s     48s[K[?25h[?2026l[?2026h[?25l[A[1Gpulling manifest [K
pulling af63361d2ac3:  22% ▕████              ▏ 1.3 GB/5.6 GB   90 MB/s     48s[K[?25h[?2026l[?2026h[?25l[A[1Gpulling manifest [K
pulling af63361d2ac3:  23% ▕████              ▏ 1.3 GB/5.6 GB   90 MB/s     48s[K[?25h[?2026l[?2026h[?25l[A[1Gpulling manifest [K
pulling af63361d2ac3:  23% ▕████              ▏ 1.3 GB/5.6 GB   90 MB/s     48s[K[?25h[?2026l[?2026h[?25l[A[1Gpulling manifest [K
pulling af63361d2ac3:  23% ▕████              ▏ 1.3 GB/5.6 GB   90 MB/s     48s[K[?25h[?2026l[?2026h[?25l[A[1Gpulling manifest [K
pulling af63361d2ac3:  23% ▕████              ▏ 1.3 GB/5.6 GB   90 MB/s     47s[K[?25h[?2026l[?2026h[?25l[A[1Gpulling manifest [K
pulling af63361d2ac3:  23% ▕████              ▏ 1.3 GB/5.6 GB   90 MB/s     47s[K[?25h[?2026l[?2026h[?25l[A[1Gpulling manifest [K
pulling af63361d2ac3:  23% ▕████              ▏ 1.3 GB/5.6 GB   90 MB/s     47s[K[?25h[?2026l[?2026h[?25l[A[1Gpulling manifest [K
pulling af63361d2ac3:  23% ▕████              ▏ 1.3 GB/5.6 GB   90 MB/s     47s[K[?25h[?2026l[?2026h[?25l[A[1Gpulling manifest [K
pulling af63361d2ac3:  24% ▕████              ▏ 1.3 GB/5.6 GB   90 MB/s     47s[K[?25h[?2026l[?2026h[?25l[A[1Gpulling manifest [K
pulling af63361d2ac3:  24% ▕████              ▏ 1.3 GB/5.6 GB   90 MB/s     47s[K[?25h[?2026l[?2026h[?25l[A[1Gpulling manifest [K
pulling af63361d2ac3:  24% ▕████              ▏ 1.3 GB/5.6 GB   90 MB/s     47s[K[?25h[?2026l[?2026h[?25l[A[1Gpulling manifest [K
pulling af63361d2ac3:  24% ▕████              ▏ 1.4 GB/5.6 GB   90 MB/s     47s[K[?25h[?2026l[?2026h[?25l[A[1Gpulling manifest [K
pulling af63361d2ac3:  24% ▕████              ▏ 1.4 GB/5.6 GB   90 MB/s     46s[K[?25h[?2026l[?2026h[?25l[A[1Gpulling manifest [K
pulling af63361d2ac3:  24% ▕████              ▏ 1.4 GB/5.6 GB   90 MB/s     46s[K[?25h[?2026l[?2026h[?25l[A[1Gpulling manifest [K
pulling af63361d2ac3:  25% ▕████              ▏ 1.4 GB/5.6 GB   90 MB/s     46s[K[?25h[?2026l[?2026h[?25l[A[1Gpulling manifest [K
pulling af63361d2ac3:  25% ▕████              ▏ 1.4 GB/5.6 GB   90 MB/s     46s[K[?25h[?2026l[?2026h[?25l[A[1Gpulling manifest [K
pulling af63361d2ac3:  25% ▕████              ▏ 1.4 GB/5.6 GB   90 MB/s     46s[K[?25h[?2026l[?2026h[?25l[A[1Gpulling manifest [K
pulling af63361d2ac3:  25% ▕████              ▏ 1.4 GB/5.6 GB   90 MB/s     46s[K[?25h[?2026l[?2026h[?25l[A[1Gpulling manifest [K
pulling af63361d2ac3:  25% ▕████              ▏ 1.4 GB/5.6 GB   90 MB/s     46s[K[?25h[?2026l[?2026h[?25l[A[1Gpulling manifest [K
pulling af63361d2ac3:  25% ▕████              ▏ 1.4 GB/5.6 GB   90 MB/s     46s[K[?25h[?2026l[?2026h[?25l[A[1Gpulling manifest [K
pulling af63361d2ac3:  26% ▕████              ▏ 1.4 GB/5.6 GB   91 MB/s     45s[K[?25h[?2026l[?2026h[?25l[A[1Gpulling manifest [K
pulling af63361d2ac3:  26% ▕████              ▏ 1.5 GB/5.6 GB   91 MB/s     45s[K[?25h[?2026l[?2026h[?25l[A[1Gpulling manifest [K
pulling af63361d2ac3:  26% ▕████              ▏ 1.5 GB/5.6 GB   91 MB/s     45s[K[?25h[?2026l[?2026h[?25l[A[1Gpulling manifest [K
pulling af63361d2ac3:  26% ▕████              ▏ 1.5 GB/5.6 GB   91 MB/s     45s[K[?25h[?2026l[?2026h[?25l[A[1Gpulling manifest [K
pulling af63361d2ac3:  26% ▕████              ▏ 1.5 GB/5.6 GB   91 MB/s     45s[K[?25h[?2026l[?2026h[?25l[A[1Gpulling manifest [K
pulling af63361d2ac3:  26% ▕████              ▏ 1.5 GB/5.6 GB   91 MB/s     45s[K[?25h[?2026l[?2026h[?25l[A[1Gpulling manifest [K
pulling af63361d2ac3:  27% ▕████              ▏ 1.5 GB/5.6 GB   91 MB/s     44s[K[?25h[?2026l[?2026h[?25l[A[1Gpulling manifest [K
pulling af63361d2ac3:  27% ▕████              ▏ 1.5 GB/5.6 GB   91 MB/s     44s[K[?25h[?2026l[?2026h[?25l[A[1Gpulling manifest [K
pulling af63361d2ac3:  27% ▕████              ▏ 1.5 GB/5.6 GB   91 MB/s     44s[K[?25h[?2026l[?2026h[?25l[A[1Gpulling manifest [K
pulling af63361d2ac3:  27% ▕████              ▏ 1.5 GB/5.6 GB   91 MB/s     44s[K[?25h[?2026l[?2026h[?25l[A[1Gpulling manifest [K
pulling af63361d2ac3:  27% ▕████              ▏ 1.5 GB/5.6 GB   92 MB/s     44s[K[?25h[?2026l[?2026h[?25l[A[1Gpulling manifest [K
pulling af63361d2ac3:  27% ▕████              ▏ 1.5 GB/5.6 GB   92 MB/s     43s[K[?25h[?2026l[?2026h[?25l[A[1Gpulling manifest [K
pulling af63361d2ac3:  28% ▕████              ▏ 1.6 GB/5.6 GB   92 MB/s     43s[K[?25h[?2026l[?2026h[?25l[A[1Gpulling manifest [K
pulling af63361d2ac3:  28% ▕█████             ▏ 1.6 GB/5.6 GB   92 MB/s     43s[K[?25h[?2026l[?2026h[?25l[A[1Gpulling manifest [K
pulling af63361d2ac3:  28% ▕█████             ▏ 1.6 GB/5.6 GB   92 MB/s     43s[K[?25h[?2026l[?2026h[?25l[A[1Gpulling manifest [K
pulling af63361d2ac3:  28% ▕█████             ▏ 1.6 GB/5.6 GB   92 MB/s     43s[K[?25h[?2026l[?2026h[?25l[A[1Gpulling manifest [K
pulling af63361d2ac3:  28% ▕█████             ▏ 1.6 GB/5.6 GB   92 MB/s     43s[K[?25h[?2026l[?2026h[?25l[A[1Gpulling manifest [K
pulling af63361d2ac3:  28% ▕█████             ▏ 1.6 GB/5.6 GB   92 MB/s     43s[K[?25h[?2026l[?2026h[?25l[A[1Gpulling manifest [K
pulling af63361d2ac3:  29% ▕█████             ▏ 1.6 GB/5.6 GB   92 MB/s     43s[K[?25h[?2026l[?2026h[?25l[A[1Gpulling manifest [K
pulling af63361d2ac3:  29% ▕█████             ▏ 1.6 GB/5.6 GB   92 MB/s     43s[K[?25h[?2026l[?2026h[?25l[A[1Gpulling manifest [K
pulling af63361d2ac3:  29% ▕█████             ▏ 1.6 GB/5.6 GB   92 MB/s     43s[K[?25h[?2026l[?2026h[?25l[A[1Gpulling manifest [K
pulling af63361d2ac3:  29% ▕█████             ▏ 1.6 GB/5.6 GB   92 MB/s     43s[K[?25h[?2026l[?2026h[?25l[A[1Gpulling manifest [K
pulling af63361d2ac3:  29% ▕█████             ▏ 1.6 GB/5.6 GB   92 MB/s     43s[K[?25h[?2026l[?2026h[?25l[A[1Gpulling manifest [K
pulling af63361d2ac3:  29% ▕█████             ▏ 1.6 GB/5.6 GB   92 MB/s     43s[K[?25h[?2026l[?2026h[?25l[A[1Gpulling manifest [K
pulling af63361d2ac3:  29% ▕█████             ▏ 1.7 GB/5.6 GB   92 MB/s     42s[K[?25h[?2026l[?2026h[?25l[A[1Gpulling manifest [K
pulling af63361d2ac3:  30% ▕█████             ▏ 1.7 GB/5.6 GB   92 MB/s     42s[K[?25h[?2026l[?2026h[?25l[A[1Gpulling manifest [K
pulling af63361d2ac3:  30% ▕█████             ▏ 1.7 GB/5.6 GB   92 MB/s     42s[K[?25h[?2026l[?2026h[?25l[A[1Gpulling manifest [K
pulling af63361d2ac3:  30% ▕█████             ▏ 1.7 GB/5.6 GB   92 MB/s     42s[K[?25h[?2026l[?2026h[?25l[A[1Gpulling manifest [K
pulling af63361d2ac3:  30% ▕█████             ▏ 1.7 GB/5.6 GB   92 MB/s     42s[K[?25h[?2026l[?2026h[?25l[A[1Gpulling manifest [K
pulling af63361d2ac3:  30% ▕█████             ▏ 1.7 GB/5.6 GB   92 MB/s     42s[K[?25h[?2026l[?2026h[?25l[A[1Gpulling manifest [K
pulling af63361d2ac3:  30% ▕█████             ▏ 1.7 GB/5.6 GB   92 MB/s     42s[K[?25h[?2026l[?2026h[?25l[A[1Gpulling manifest [K
pulling af63361d2ac3:  31% ▕█████             ▏ 1.7 GB/5.6 GB   92 MB/s     42s[K[?25h[?2026l[?2026h[?25l[A[1Gpulling manifest [K
pulling af63361d2ac3:  31% ▕█████             ▏ 1.7 GB/5.6 GB   92 MB/s     42s[K[?25h[?2026l[?2026h[?25l[A[1Gpulling manifest [K
pulling af63361d2ac3:  31% ▕█████             ▏ 1.7 GB/5.6 GB   92 MB/s     41s[K[?25h[?2026l[?2026h[?25l[A[1Gpulling manifest [K
pulling af63361d2ac3:  31% ▕█████             ▏ 1.8 GB/5.6 GB   92 MB/s     41s[K[?25h[?2026l[?2026h[?25l[A[1Gpulling manifest [K
pulling af63361d2ac3:  31% ▕█████             ▏ 1.8 GB/5.6 GB   92 MB/s     41s[K[?25h[?2026l[?2026h[?25l[A[1Gpulling manifest [K
pulling af63361d2ac3:  31% ▕█████             ▏ 1.8 GB/5.6 GB   92 MB/s     41s[K[?25h[?2026l[?2026h[?25l[A[1Gpulling manifest [K
pulling af63361d2ac3:  32% ▕█████             ▏ 1.8 GB/5.6 GB   92 MB/s     41s[K[?25h[?2026l[?2026h[?25l[A[1Gpulling manifest [K
pulling af63361d2ac3:  32% ▕█████             ▏ 1.8 GB/5.6 GB   92 MB/s     41s[K[?25h[?2026l[?2026h[?25l[A[1Gpulling manifest [K
pulling af63361d2ac3:  32% ▕█████             ▏ 1.8 GB/5.6 GB   92 MB/s     41s[K[?25h[?2026l[?2026h[?25l[A[1Gpulling manifest [K
pulling af63361d2ac3:  32% ▕█████             ▏ 1.8 GB/5.6 GB   92 MB/s     41s[K[?25h[?2026l[?2026h[?25l[A[1Gpulling manifest [K
pulling af63361d2ac3:  32% ▕█████             ▏ 1.8 GB/5.6 GB   92 MB/s     41s[K[?25h[?2026l[?2026h[?25l[A[1Gpulling manifest [K
pulling af63361d2ac3:  33% ▕█████             ▏ 1.8 GB/5.6 GB   92 MB/s     40s[K[?25h[?2026l[?2026h[?25l[A[1Gpulling manifest [K
pulling af63361d2ac3:  33% ▕█████             ▏ 1.8 GB/5.6 GB   92 MB/s     40s[K[?25h[?2026l[?2026h[?25l[A[1Gpulling manifest [K
pulling af63361d2ac3:  33% ▕█████             ▏ 1.8 GB/5.6 GB   92 MB/s     40s[K[?25h[?2026l[?2026h[?25l[A[1Gpulling manifest [K
pulling af63361d2ac3:  33% ▕█████             ▏ 1.9 GB/5.6 GB   92 MB/s     40s[K[?25h[?2026l[?2026h[?25l[A[1Gpulling manifest [K
pulling af63361d2ac3:  33% ▕█████             ▏ 1.9 GB/5.6 GB   92 MB/s     40s[K[?25h[?2026l[?2026h[?25l[A[1Gpulling manifest [K
pulling af63361d2ac3:  33% ▕█████             ▏ 1.9 GB/5.6 GB   92 MB/s     40s[K[?25h[?2026l[?2026h[?25l[A[1Gpulling manifest [K
pulling af63361d2ac3:  34% ▕██████            ▏ 1.9 GB/5.6 GB   92 MB/s     40s[K[?25h[?2026l[?2026h[?25l[A[1Gpulling manifest [K
pulling af63361d2ac3:  34% ▕██████            ▏ 1.9 GB/5.6 GB   92 MB/s     40s[K[?25h[?2026l[?2026h[?25l[A[1Gpulling manifest [K
pulling af63361d2ac3:  34% ▕██████            ▏ 1.9 GB/5.6 GB   92 MB/s     40s[K[?25h[?2026l[?2026h[?25l[A[1Gpulling manifest [K
pulling af63361d2ac3:  34% ▕██████            ▏ 1.9 GB/5.6 GB   93 MB/s     39s[K[?25h[?2026l[?2026h[?25l[A[1Gpulling manifest [K
pulling af63361d2ac3:  34% ▕██████            ▏ 1.9 GB/5.6 GB   93 MB/s     39s[K[?25h[?2026l[?2026h[?25l[A[1Gpulling manifest [K
pulling af63361d2ac3:  34% ▕██████            ▏ 1.9 GB/5.6 GB   93 MB/s     39s[K[?25h[?2026l[?2026h[?25l[A[1Gpulling manifest [K
pulling af63361d2ac3:  34% ▕██████            ▏ 1.9 GB/5.6 GB   93 MB/s     39s[K[?25h[?2026l[?2026h[?25l[A[1Gpulling manifest [K
pulling af63361d2ac3:  35% ▕██████            ▏ 1.9 GB/5.6 GB   93 MB/s     39s[K[?25h[?2026l[?2026h[?25l[A[1Gpulling manifest [K
pulling af63361d2ac3:  35% ▕██████            ▏ 2.0 GB/5.6 GB   93 MB/s     39s[K[?25h[?2026l[?2026h[?25l[A[1Gpulling manifest [K
pulling af63361d2ac3:  35% ▕██████            ▏ 2.0 GB/5.6 GB   93 MB/s     39s[K[?25h[?2026l[?2026h[?25l[A[1Gpulling manifest [K
pulling af63361d2ac3:  35% ▕██████            ▏ 2.0 GB/5.6 GB   93 MB/s     39s[K[?25h[?2026l[?2026h[?25l[A[1Gpulling manifest [K
pulling af63361d2ac3:  35% ▕██████            ▏ 2.0 GB/5.6 GB   93 MB/s     39s[K[?25h[?2026l[?2026h[?25l[A[1Gpulling manifest [K
pulling af63361d2ac3:  35% ▕██████            ▏ 2.0 GB/5.6 GB   93 MB/s     38s[K[?25h[?2026l[?2026h[?25l[A[1Gpulling manifest [K
pulling af63361d2ac3:  35% ▕██████            ▏ 2.0 GB/5.6 GB   91 MB/s     39s[K[?25h[?2026l[?2026h[?25l[A[1Gpulling manifest [K
pulling af63361d2ac3:  35% ▕██████            ▏ 2.0 GB/5.6 GB   91 MB/s     39s[K[?25h[?2026l[?2026h[?25l[A[1Gpulling manifest [K
pulling af63361d2ac3:  35% ▕██████            ▏ 2.0 GB/5.6 GB   91 MB/s     39s[K[?25h[?2026l[?2026h[?25l[A[1Gpulling manifest [K
pulling af63361d2ac3:  36% ▕██████            ▏ 2.0 GB/5.6 GB   91 MB/s     39s[K[?25h[?2026l[?2026h[?25l[A[1Gpulling manifest [K
pulling af63361d2ac3:  36% ▕██████            ▏ 2.0 GB/5.6 GB   91 MB/s     39s[K[?25h[?2026l[?2026h[?25l[A[1Gpulling manifest [K
pulling af63361d2ac3:  36% ▕██████            ▏ 2.0 GB/5.6 GB   91 MB/s     39s[K[?25h[?2026l[?2026h[?25l[A[1Gpulling manifest [K
pulling af63361d2ac3:  36% ▕██████            ▏ 2.0 GB/5.6 GB   91 MB/s     39s[K[?25h[?2026l[?2026h[?25l[A[1Gpulling manifest [K
pulling af63361d2ac3:  36% ▕██████            ▏ 2.0 GB/5.6 GB   91 MB/s     39s[K[?25h[?2026l[?2026h[?25l[A[1Gpulling manifest [K
pulling af63361d2ac3:  36% ▕██████            ▏ 2.0 GB/5.6 GB   91 MB/s     39s[K[?25h[?2026l[?2026h[?25l[A[1Gpulling manifest [K
pulling af63361d2ac3:  36% ▕██████            ▏ 2.1 GB/5.6 GB   91 MB/s     38s[K[?25h[?2026l[?2026h[?25l[A[1Gpulling manifest [K
pulling af63361d2ac3:  37% ▕██████            ▏ 2.1 GB/5.6 GB   91 MB/s     38s[K[?25h[?2026l[?2026h[?25l[A[1Gpulling manifest [K
pulling af63361d2ac3:  37% ▕██████            ▏ 2.1 GB/5.6 GB   89 MB/s     39s[K[?25h[?2026l[?2026h[?25l[A[1Gpulling manifest [K
pulling af63361d2ac3:  37% ▕██████            ▏ 2.1 GB/5.6 GB   89 MB/s     39s[K[?25h[?2026l[?2026h[?25l[A[1Gpulling manifest [K
pulling af63361d2ac3:  37% ▕██████            ▏ 2.1 GB/5.6 GB   89 MB/s     39s[K[?25h[?2026l[?2026h[?25l[A[1Gpulling manifest [K
pulling af63361d2ac3:  37% ▕██████            ▏ 2.1 GB/5.6 GB   89 MB/s     39s[K[?25h[?2026l[?2026h[?25l[A[1Gpulling manifest [K
pulling af63361d2ac3:  38% ▕██████            ▏ 2.1 GB/5.6 GB   89 MB/s     39s[K[?25h[?2026l[?2026h[?25l[A[1Gpulling manifest [K
pulling af63361d2ac3:  38% ▕██████            ▏ 2.1 GB/5.6 GB   89 MB/s     39s[K[?25h[?2026l[?2026h[?25l[A[1Gpulling manifest [K
pulling af63361d2ac3:  38% ▕██████            ▏ 2.1 GB/5.6 GB   89 MB/s     38s[K[?25h[?2026l[?2026h[?25l[A[1Gpulling manifest [K
pulling af63361d2ac3:  38% ▕██████            ▏ 2.1 GB/5.6 GB   89 MB/s     38s[K[?25h[?2026l[?2026h[?25l[A[1Gpulling manifest [K
pulling af63361d2ac3:  38% ▕██████            ▏ 2.1 GB/5.6 GB   89 MB/s     38s[K[?25h[?2026l[?2026h[?25l[A[1Gpulling manifest [K
pulling af63361d2ac3:  38% ▕██████            ▏ 2.2 GB/5.6 GB   89 MB/s     38s[K[?25h[?2026l[?2026h[?25l[A[1Gpulling manifest [K
pulling af63361d2ac3:  39% ▕██████            ▏ 2.2 GB/5.6 GB   90 MB/s     38s[K[?25h[?2026l[?2026h[?25l[A[1Gpulling manifest [K
pulling af63361d2ac3:  39% ▕██████            ▏ 2.2 GB/5.6 GB   90 MB/s     38s[K[?25h[?2026l[?2026h[?25l[A[1Gpulling manifest [K
pulling af63361d2ac3:  39% ▕██████            ▏ 2.2 GB/5.6 GB   90 MB/s     37s[K[?25h[?2026l[?2026h[?25l[A[1Gpulling manifest [K
pulling af63361d2ac3:  39% ▕███████           ▏ 2.2 GB/5.6 GB   90 MB/s     37s[K[?25h[?2026l[?2026h[?25l[A[1Gpulling manifest [K
pulling af63361d2ac3:  39% ▕███████           ▏ 2.2 GB/5.6 GB   90 MB/s     37s[K[?25h[?2026l[?2026h[?25l[A[1Gpulling manifest [K
pulling af63361d2ac3:  39% ▕███████           ▏ 2.2 GB/5.6 GB   90 MB/s     37s[K[?25h[?2026l[?2026h[?25l[A[1Gpulling manifest [K
pulling af63361d2ac3:  40% ▕███████           ▏ 2.2 GB/5.6 GB   90 MB/s     37s[K[?25h[?2026l[?2026h[?25l[A[1Gpulling manifest [K
pulling af63361d2ac3:  40% ▕███████           ▏ 2.2 GB/5.6 GB   90 MB/s     37s[K[?25h[?2026l[?2026h[?25l[A[1Gpulling manifest [K
pulling af63361d2ac3:  40% ▕███████           ▏ 2.2 GB/5.6 GB   90 MB/s     37s[K[?25h[?2026l[?2026h[?25l[A[1Gpulling manifest [K
pulling af63361d2ac3:  40% ▕███████           ▏ 2.3 GB/5.6 GB   90 MB/s     37s[K[?25h[?2026l[?2026h[?25l[A[1Gpulling manifest [K
pulling af63361d2ac3:  40% ▕███████           ▏ 2.3 GB/5.6 GB   90 MB/s     37s[K[?25h[?2026l[?2026h[?25l[A[1Gpulling manifest [K
pulling af63361d2ac3:  40% ▕███████           ▏ 2.3 GB/5.6 GB   90 MB/s     36s[K[?25h[?2026l[?2026h[?25l[A[1Gpulling manifest [K
pulling af63361d2ac3:  40% ▕███████           ▏ 2.3 GB/5.6 GB   90 MB/s     36s[K[?25h[?2026l[?2026h[?25l[A[1Gpulling manifest [K
pulling af63361d2ac3:  41% ▕███████           ▏ 2.3 GB/5.6 GB   90 MB/s     36s[K[?25h[?2026l[?2026h[?25l[A[1Gpulling manifest [K
pulling af63361d2ac3:  41% ▕███████           ▏ 2.3 GB/5.6 GB   90 MB/s     36s[K[?25h[?2026l[?2026h[?25l[A[1Gpulling manifest [K
pulling af63361d2ac3:  41% ▕███████           ▏ 2.3 GB/5.6 GB   90 MB/s     36s[K[?25h[?2026l[?2026h[?25l[A[1Gpulling manifest [K
pulling af63361d2ac3:  41% ▕███████           ▏ 2.3 GB/5.6 GB   90 MB/s     36s[K[?25h[?2026l[?2026h[?25l[A[1Gpulling manifest [K
pulling af63361d2ac3:  41% ▕███████           ▏ 2.3 GB/5.6 GB   90 MB/s     36s[K[?25h[?2026l[?2026h[?25l[A[1Gpulling manifest [K
pulling af63361d2ac3:  41% ▕███████           ▏ 2.3 GB/5.6 GB   90 MB/s     36s[K[?25h[?2026l[?2026h[?25l[A[1Gpulling manifest [K
pulling af63361d2ac3:  42% ▕███████           ▏ 2.3 GB/5.6 GB   90 MB/s     36s[K[?25h[?2026l[?2026h[?25l[A[1Gpulling manifest [K
pulling af63361d2ac3:  42% ▕███████           ▏ 2.4 GB/5.6 GB   90 MB/s     36s[K[?25h[?2026l[?2026h[?25l[A[1Gpulling manifest [K
pulling af63361d2ac3:  42% ▕███████           ▏ 2.4 GB/5.6 GB   90 MB/s     36s[K[?25h[?2026l[?2026h[?25l[A[1Gpulling manifest [K
pulling af63361d2ac3:  42% ▕███████           ▏ 2.4 GB/5.6 GB   90 MB/s     36s[K[?25h[?2026l[?2026h[?25l[A[1Gpulling manifest [K
pulling af63361d2ac3:  42% ▕███████           ▏ 2.4 GB/5.6 GB   90 MB/s     35s[K[?25h[?2026l[?2026h[?25l[A[1Gpulling manifest [K
pulling af63361d2ac3:  42% ▕███████           ▏ 2.4 GB/5.6 GB   90 MB/s     35s[K[?25h[?2026l[?2026h[?25l[A[1Gpulling manifest [K
pulling af63361d2ac3:  43% ▕███████           ▏ 2.4 GB/5.6 GB   90 MB/s     35s[K[?25h[?2026l[?2026h[?25l[A[1Gpulling manifest [K
pulling af63361d2ac3:  43% ▕███████           ▏ 2.4 GB/5.6 GB   90 MB/s     35s[K[?25h[?2026l[?2026h[?25l[A[1Gpulling manifest [K
pulling af63361d2ac3:  43% ▕███████           ▏ 2.4 GB/5.6 GB   90 MB/s     35s[K[?25h[?2026l[?2026h[?25l[A[1Gpulling manifest [K
pulling af63361d2ac3:  43% ▕███████           ▏ 2.4 GB/5.6 GB   90 MB/s     35s[K[?25h[?2026l[?2026h[?25l[A[1Gpulling manifest [K
pulling af63361d2ac3:  43% ▕███████           ▏ 2.4 GB/5.6 GB   90 MB/s     35s[K[?25h[?2026l[?2026h[?25l[A[1Gpulling manifest [K
pulling af63361d2ac3:  44% ▕███████           ▏ 2.4 GB/5.6 GB   91 MB/s     34s[K[?25h[?2026l[?2026h[?25l[A[1Gpulling manifest [K
pulling af63361d2ac3:  44% ▕███████           ▏ 2.5 GB/5.6 GB   91 MB/s     34s[K[?25h[?2026l[?2026h[?25l[A[1Gpulling manifest [K
pulling af63361d2ac3:  44% ▕███████           ▏ 2.5 GB/5.6 GB   91 MB/s     34s[K[?25h[?2026l[?2026h[?25l[A[1Gpulling manifest [K
pulling af63361d2ac3:  44% ▕███████           ▏ 2.5 GB/5.6 GB   91 MB/s     34s[K[?25h[?2026l[?2026h[?25l[A[1Gpulling manifest [K
pulling af63361d2ac3:  44% ▕███████           ▏ 2.5 GB/5.6 GB   91 MB/s     34s[K[?25h[?2026l[?2026h[?25l[A[1Gpulling manifest [K
pulling af63361d2ac3:  44% ▕███████           ▏ 2.5 GB/5.6 GB   91 MB/s     34s[K[?25h[?2026l[?2026h[?25l[A[1Gpulling manifest [K
pulling af63361d2ac3:  44% ▕███████           ▏ 2.5 GB/5.6 GB   91 MB/s     34s[K[?25h[?2026l[?2026h[?25l[A[1Gpulling manifest [K
pulling af63361d2ac3:  45% ▕████████          ▏ 2.5 GB/5.6 GB   91 MB/s     34s[K[?25h[?2026l[?2026h[?25l[A[1Gpulling manifest [K
pulling af63361d2ac3:  45% ▕████████          ▏ 2.5 GB/5.6 GB   91 MB/s     34s[K[?25h[?2026l[?2026h[?25l[A[1Gpulling manifest [K
pulling af63361d2ac3:  45% ▕████████          ▏ 2.5 GB/5.6 GB   91 MB/s     34s[K[?25h[?2026l[?2026h[?25l[A[1Gpulling manifest [K
pulling af63361d2ac3:  45% ▕████████          ▏ 2.5 GB/5.6 GB   91 MB/s     33s[K[?25h[?2026l[?2026h[?25l[A[1Gpulling manifest [K
pulling af63361d2ac3:  45% ▕████████          ▏ 2.5 GB/5.6 GB   90 MB/s     33s[K[?25h[?2026l[?2026h[?25l[A[1Gpulling manifest [K
pulling af63361d2ac3:  45% ▕████████          ▏ 2.6 GB/5.6 GB   90 MB/s     33s[K[?25h[?2026l[?2026h[?25l[A[1Gpulling manifest [K
pulling af63361d2ac3:  46% ▕████████          ▏ 2.6 GB/5.6 GB   90 MB/s     33s[K[?25h[?2026l[?2026h[?25l[A[1Gpulling manifest [K
pulling af63361d2ac3:  46% ▕████████          ▏ 2.6 GB/5.6 GB   90 MB/s     33s[K[?25h[?2026l[?2026h[?25l[A[1Gpulling manifest [K
pulling af63361d2ac3:  46% ▕████████          ▏ 2.6 GB/5.6 GB   90 MB/s     33s[K[?25h[?2026l[?2026h[?25l[A[1Gpulling manifest [K
pulling af63361d2ac3:  46% ▕████████          ▏ 2.6 GB/5.6 GB   90 MB/s     33s[K[?25h[?2026l[?2026h[?25l[A[1Gpulling manifest [K
pulling af63361d2ac3:  46% ▕████████          ▏ 2.6 GB/5.6 GB   90 MB/s     33s[K[?25h[?2026l[?2026h[?25l[A[1Gpulling manifest [K
pulling af63361d2ac3:  46% ▕████████          ▏ 2.6 GB/5.6 GB   90 MB/s     33s[K[?25h[?2026l[?2026h[?25l[A[1Gpulling manifest [K
pulling af63361d2ac3:  47% ▕████████          ▏ 2.6 GB/5.6 GB   90 MB/s     33s[K[?25h[?2026l[?2026h[?25l[A[1Gpulling manifest [K
pulling af63361d2ac3:  47% ▕████████          ▏ 2.6 GB/5.6 GB   90 MB/s     32s[K[?25h[?2026l[?2026h[?25l[A[1Gpulling manifest [K
pulling af63361d2ac3:  47% ▕████████          ▏ 2.6 GB/5.6 GB   90 MB/s     32s[K[?25h[?2026l[?2026h[?25l[A[1Gpulling manifest [K
pulling af63361d2ac3:  47% ▕████████          ▏ 2.6 GB/5.6 GB   90 MB/s     32s[K[?25h[?2026l[?2026h[?25l[A[1Gpulling manifest [K
pulling af63361d2ac3:  47% ▕████████          ▏ 2.7 GB/5.6 GB   90 MB/s     32s[K[?25h[?2026l[?2026h[?25l[A[1Gpulling manifest [K
pulling af63361d2ac3:  47% ▕████████          ▏ 2.7 GB/5.6 GB   90 MB/s     32s[K[?25h[?2026l[?2026h[?25l[A[1Gpulling manifest [K
pulling af63361d2ac3:  48% ▕████████          ▏ 2.7 GB/5.6 GB   90 MB/s     32s[K[?25h[?2026l[?2026h[?25l[A[1Gpulling manifest [K
pulling af63361d2ac3:  48% ▕████████          ▏ 2.7 GB/5.6 GB   90 MB/s     32s[K[?25h[?2026l[?2026h[?25l[A[1Gpulling manifest [K
pulling af63361d2ac3:  48% ▕████████          ▏ 2.7 GB/5.6 GB   90 MB/s     32s[K[?25h[?2026l[?2026h[?25l[A[1Gpulling manifest [K
pulling af63361d2ac3:  48% ▕████████          ▏ 2.7 GB/5.6 GB   90 MB/s     32s[K[?25h[?2026l[?2026h[?25l[A[1Gpulling manifest [K
pulling af63361d2ac3:  48% ▕████████          ▏ 2.7 GB/5.6 GB   90 MB/s     32s[K[?25h[?2026l[?2026h[?25l[A[1Gpulling manifest [K
pulling af63361d2ac3:  48% ▕████████          ▏ 2.7 GB/5.6 GB   90 MB/s     32s[K[?25h[?2026l[?2026h[?25l[A[1Gpulling manifest [K
pulling af63361d2ac3:  48% ▕████████          ▏ 2.7 GB/5.6 GB   90 MB/s     32s[K[?25h[?2026l[?2026h[?25l[A[1Gpulling manifest [K
pulling af63361d2ac3:  49% ▕████████          ▏ 2.7 GB/5.6 GB   90 MB/s     31s[K[?25h[?2026l[?2026h[?25l[A[1Gpulling manifest [K
pulling af63361d2ac3:  49% ▕████████          ▏ 2.7 GB/5.6 GB   90 MB/s     31s[K[?25h[?2026l[?2026h[?25l[A[1Gpulling manifest [K
pulling af63361d2ac3:  49% ▕████████          ▏ 2.8 GB/5.6 GB   90 MB/s     31s[K[?25h[?2026l[?2026h[?25l[A[1Gpulling manifest [K
pulling af63361d2ac3:  49% ▕████████          ▏ 2.8 GB/5.6 GB   90 MB/s     31s[K[?25h[?2026l[?2026h[?25l[A[1Gpulling manifest [K
pulling af63361d2ac3:  49% ▕████████          ▏ 2.8 GB/5.6 GB   90 MB/s     31s[K[?25h[?2026l[?2026h[?25l[A[1Gpulling manifest [K
pulling af63361d2ac3:  49% ▕████████          ▏ 2.8 GB/5.6 GB   90 MB/s     31s[K[?25h[?2026l[?2026h[?25l[A[1Gpulling manifest [K
pulling af63361d2ac3:  50% ▕████████          ▏ 2.8 GB/5.6 GB   90 MB/s     31s[K[?25h[?2026l[?2026h[?25l[A[1Gpulling manifest [K
pulling af63361d2ac3:  50% ▕████████          ▏ 2.8 GB/5.6 GB   90 MB/s     31s[K[?25h[?2026l[?2026h[?25l[A[1Gpulling manifest [K
pulling af63361d2ac3:  50% ▕████████          ▏ 2.8 GB/5.6 GB   90 MB/s     31s[K[?25h[?2026l[?2026h[?25l[A[1Gpulling manifest [K
pulling af63361d2ac3:  50% ▕█████████         ▏ 2.8 GB/5.6 GB   92 MB/s     30s[K[?25h[?2026l[?2026h[?25l[A[1Gpulling manifest [K
pulling af63361d2ac3:  50% ▕█████████         ▏ 2.8 GB/5.6 GB   92 MB/s     30s[K[?25h[?2026l[?2026h[?25l[A[1Gpulling manifest [K
pulling af63361d2ac3:  50% ▕█████████         ▏ 2.8 GB/5.6 GB   92 MB/s     30s[K[?25h[?2026l[?2026h[?25l[A[1Gpulling manifest [K
pulling af63361d2ac3:  51% ▕█████████         ▏ 2.8 GB/5.6 GB   92 MB/s     29s[K[?25h[?2026l[?2026h[?25l[A[1Gpulling manifest [K
pulling af63361d2ac3:  51% ▕█████████         ▏ 2.9 GB/5.6 GB   92 MB/s     29s[K[?25h[?2026l[?2026h[?25l[A[1Gpulling manifest [K
pulling af63361d2ac3:  51% ▕█████████         ▏ 2.9 GB/5.6 GB   92 MB/s     29s[K[?25h[?2026l[?2026h[?25l[A[1Gpulling manifest [K
pulling af63361d2ac3:  51% ▕█████████         ▏ 2.9 GB/5.6 GB   92 MB/s     29s[K[?25h[?2026l[?2026h[?25l[A[1Gpulling manifest [K
pulling af63361d2ac3:  51% ▕█████████         ▏ 2.9 GB/5.6 GB   92 MB/s     29s[K[?25h[?2026l[?2026h[?25l[A[1Gpulling manifest [K
pulling af63361d2ac3:  51% ▕█████████         ▏ 2.9 GB/5.6 GB   92 MB/s     29s[K[?25h[?2026l[?2026h[?25l[A[1Gpulling manifest [K
pulling af63361d2ac3:  52% ▕█████████         ▏ 2.9 GB/5.6 GB   92 MB/s     29s[K[?25h[?2026l[?2026h[?25l[A[1Gpulling manifest [K
pulling af63361d2ac3:  52% ▕█████████         ▏ 2.9 GB/5.6 GB   94 MB/s     28s[K[?25h[?2026l[?2026h[?25l[A[1Gpulling manifest [K
pulling af63361d2ac3:  52% ▕█████████         ▏ 2.9 GB/5.6 GB   94 MB/s     28s[K[?25h[?2026l[?2026h[?25l[A[1Gpulling manifest [K
pulling af63361d2ac3:  52% ▕█████████         ▏ 2.9 GB/5.6 GB   94 MB/s     28s[K[?25h[?2026l[?2026h[?25l[A[1Gpulling manifest [K
pulling af63361d2ac3:  52% ▕█████████         ▏ 2.9 GB/5.6 GB   94 MB/s     28s[K[?25h[?2026l[?2026h[?25l[A[1Gpulling manifest [K
pulling af63361d2ac3:  52% ▕█████████         ▏ 2.9 GB/5.6 GB   94 MB/s     28s[K[?25h[?2026l[?2026h[?25l[A[1Gpulling manifest [K
pulling af63361d2ac3:  52% ▕█████████         ▏ 2.9 GB/5.6 GB   94 MB/s     28s[K[?25h[?2026l[?2026h[?25l[A[1Gpulling manifest [K
pulling af63361d2ac3:  53% ▕█████████         ▏ 3.0 GB/5.6 GB   94 MB/s     28s[K[?25h[?2026l[?2026h[?25l[A[1Gpulling manifest [K
pulling af63361d2ac3:  53% ▕█████████         ▏ 3.0 GB/5.6 GB   94 MB/s     28s[K[?25h[?2026l[?2026h[?25l[A[1Gpulling manifest [K
pulling af63361d2ac3:  53% ▕█████████         ▏ 3.0 GB/5.6 GB   94 MB/s     28s[K[?25h[?2026l[?2026h[?25l[A[1Gpulling manifest [K
pulling af63361d2ac3:  53% ▕█████████         ▏ 3.0 GB/5.6 GB   94 MB/s     28s[K[?25h[?2026l[?2026h[?25l[A[1Gpulling manifest [K
pulling af63361d2ac3:  53% ▕█████████         ▏ 3.0 GB/5.6 GB   94 MB/s     28s[K[?25h[?2026l[?2026h[?25l[A[1Gpulling manifest [K
pulling af63361d2ac3:  53% ▕█████████         ▏ 3.0 GB/5.6 GB   92 MB/s     28s[K[?25h[?2026l[?2026h[?25l[A[1Gpulling manifest [K
pulling af63361d2ac3:  54% ▕█████████         ▏ 3.0 GB/5.6 GB   92 MB/s     28s[K[?25h[?2026l[?2026h[?25l[A[1Gpulling manifest [K
pulling af63361d2ac3:  54% ▕█████████         ▏ 3.0 GB/5.6 GB   92 MB/s     28s[K[?25h[?2026l[?2026h[?25l[A[1Gpulling manifest [K
pulling af63361d2ac3:  54% ▕█████████         ▏ 3.0 GB/5.6 GB   92 MB/s     28s[K[?25h[?2026l[?2026h[?25l[A[1Gpulling manifest [K
pulling af63361d2ac3:  54% ▕█████████         ▏ 3.0 GB/5.6 GB   92 MB/s     28s[K[?25h[?2026l[?2026h[?25l[A[1Gpulling manifest [K
pulling af63361d2ac3:  54% ▕█████████         ▏ 3.0 GB/5.6 GB   92 MB/s     27s[K[?25h[?2026l[?2026h[?25l[A[1Gpulling manifest [K
pulling af63361d2ac3:  54% ▕█████████         ▏ 3.1 GB/5.6 GB   92 MB/s     27s[K[?25h[?2026l[?2026h[?25l[A[1Gpulling manifest [K
pulling af63361d2ac3:  55% ▕█████████         ▏ 3.1 GB/5.6 GB   92 MB/s     27s[K[?25h[?2026l[?2026h[?25l[A[1Gpulling manifest [K
pulling af63361d2ac3:  55% ▕█████████         ▏ 3.1 GB/5.6 GB   92 MB/s     27s[K[?25h[?2026l[?2026h[?25l[A[1Gpulling manifest [K
pulling af63361d2ac3:  55% ▕█████████         ▏ 3.1 GB/5.6 GB   92 MB/s     27s[K[?25h[?2026l[?2026h[?25l[A[1Gpulling manifest [K
pulling af63361d2ac3:  55% ▕█████████         ▏ 3.1 GB/5.6 GB   92 MB/s     27s[K[?25h[?2026l[?2026h[?25l[A[1Gpulling manifest [K
pulling af63361d2ac3:  55% ▕█████████         ▏ 3.1 GB/5.6 GB   92 MB/s     27s[K[?25h[?2026l[?2026h[?25l[A[1Gpulling manifest [K
pulling af63361d2ac3:  55% ▕█████████         ▏ 3.1 GB/5.6 GB   92 MB/s     27s[K[?25h[?2026l[?2026h[?25l[A[1Gpulling manifest [K
pulling af63361d2ac3:  56% ▕██████████        ▏ 3.1 GB/5.6 GB   92 MB/s     27s[K[?25h[?2026l[?2026h[?25l[A[1Gpulling manifest [K
pulling af63361d2ac3:  56% ▕██████████        ▏ 3.1 GB/5.6 GB   92 MB/s     26s[K[?25h[?2026l[?2026h[?25l[A[1Gpulling manifest [K
pulling af63361d2ac3:  56% ▕██████████        ▏ 3.1 GB/5.6 GB   92 MB/s     26s[K[?25h[?2026l[?2026h[?25l[A[1Gpulling manifest [K
pulling af63361d2ac3:  56% ▕██████████        ▏ 3.2 GB/5.6 GB   92 MB/s     26s[K[?25h[?2026l[?2026h[?25l[A[1Gpulling manifest [K
pulling af63361d2ac3:  56% ▕██████████        ▏ 3.2 GB/5.6 GB   92 MB/s     26s[K[?25h[?2026l[?2026h[?25l[A[1Gpulling manifest [K
pulling af63361d2ac3:  56% ▕██████████        ▏ 3.2 GB/5.6 GB   92 MB/s     26s[K[?25h[?2026l[?2026h[?25l[A[1Gpulling manifest [K
pulling af63361d2ac3:  57% ▕██████████        ▏ 3.2 GB/5.6 GB   92 MB/s     26s[K[?25h[?2026l[?2026h[?25l[A[1Gpulling manifest [K
pulling af63361d2ac3:  57% ▕██████████        ▏ 3.2 GB/5.6 GB   93 MB/s     26s[K[?25h[?2026l[?2026h[?25l[A[1Gpulling manifest [K
pulling af63361d2ac3:  57% ▕██████████        ▏ 3.2 GB/5.6 GB   93 MB/s     25s[K[?25h[?2026l[?2026h[?25l[A[1Gpulling manifest [K
pulling af63361d2ac3:  57% ▕██████████        ▏ 3.2 GB/5.6 GB   93 MB/s     25s[K[?25h[?2026l[?2026h[?25l[A[1Gpulling manifest [K
pulling af63361d2ac3:  57% ▕██████████        ▏ 3.2 GB/5.6 GB   93 MB/s     25s[K[?25h[?2026l[?2026h[?25l[A[1Gpulling manifest [K
pulling af63361d2ac3:  57% ▕██████████        ▏ 3.2 GB/5.6 GB   93 MB/s     25s[K[?25h[?2026l[?2026h[?25l[A[1Gpulling manifest [K
pulling af63361d2ac3:  58% ▕██████████        ▏ 3.2 GB/5.6 GB   93 MB/s     25s[K[?25h[?2026l[?2026h[?25l[A[1Gpulling manifest [K
pulling af63361d2ac3:  58% ▕██████████        ▏ 3.3 GB/5.6 GB   93 MB/s     25s[K[?25h[?2026l[?2026h[?25l[A[1Gpulling manifest [K
pulling af63361d2ac3:  58% ▕██████████        ▏ 3.3 GB/5.6 GB   93 MB/s     25s[K[?25h[?2026l[?2026h[?25l[A[1Gpulling manifest [K
pulling af63361d2ac3:  58% ▕██████████        ▏ 3.3 GB/5.6 GB   93 MB/s     25s[K[?25h[?2026l[?2026h[?25l[A[1Gpulling manifest [K
pulling af63361d2ac3:  58% ▕██████████        ▏ 3.3 GB/5.6 GB   93 MB/s     25s[K[?25h[?2026l[?2026h[?25l[A[1Gpulling manifest [K
pulling af63361d2ac3:  58% ▕██████████        ▏ 3.3 GB/5.6 GB   93 MB/s     25s[K[?25h[?2026l[?2026h[?25l[A[1Gpulling manifest [K
pulling af63361d2ac3:  59% ▕██████████        ▏ 3.3 GB/5.6 GB   93 MB/s     24s[K[?25h[?2026l[?2026h[?25l[A[1Gpulling manifest [K
pulling af63361d2ac3:  59% ▕██████████        ▏ 3.3 GB/5.6 GB   93 MB/s     24s[K[?25h[?2026l[?2026h[?25l[A[1Gpulling manifest [K
pulling af63361d2ac3:  59% ▕██████████        ▏ 3.3 GB/5.6 GB   93 MB/s     24s[K[?25h[?2026l[?2026h[?25l[A[1Gpulling manifest [K
pulling af63361d2ac3:  59% ▕██████████        ▏ 3.3 GB/5.6 GB   93 MB/s     24s[K[?25h[?2026l[?2026h[?25l[A[1Gpulling manifest [K
pulling af63361d2ac3:  59% ▕██████████        ▏ 3.3 GB/5.6 GB   93 MB/s     24s[K[?25h[?2026l[?2026h[?25l[A[1Gpulling manifest [K
pulling af63361d2ac3:  59% ▕██████████        ▏ 3.3 GB/5.6 GB   93 MB/s     24s[K[?25h[?2026l[?2026h[?25l[A[1Gpulling manifest [K
pulling af63361d2ac3:  60% ▕██████████        ▏ 3.4 GB/5.6 GB   93 MB/s     24s[K[?25h[?2026l[?2026h[?25l[A[1Gpulling manifest [K
pulling af63361d2ac3:  60% ▕██████████        ▏ 3.4 GB/5.6 GB   93 MB/s     24s[K[?25h[?2026l[?2026h[?25l[A[1Gpulling manifest [K
pulling af63361d2ac3:  60% ▕██████████        ▏ 3.4 GB/5.6 GB   93 MB/s     23s[K[?25h[?2026l[?2026h[?25l[A[1Gpulling manifest [K
pulling af63361d2ac3:  60% ▕██████████        ▏ 3.4 GB/5.6 GB   95 MB/s     23s[K[?25h[?2026l[?2026h[?25l[A[1Gpulling manifest [K
pulling af63361d2ac3:  61% ▕██████████        ▏ 3.4 GB/5.6 GB   95 MB/s     23s[K[?25h[?2026l[?2026h[?25l[A[1Gpulling manifest [K
pulling af63361d2ac3:  61% ▕██████████        ▏ 3.4 GB/5.6 GB   95 MB/s     23s[K[?25h[?2026l[?2026h[?25l[A[1Gpulling manifest [K
pulling af63361d2ac3:  61% ▕██████████        ▏ 3.4 GB/5.6 GB   95 MB/s     22s[K[?25h[?2026l[?2026h[?25l[A[1Gpulling manifest [K
pulling af63361d2ac3:  61% ▕██████████        ▏ 3.4 GB/5.6 GB   95 MB/s     22s[K[?25h[?2026l[?2026h[?25l[A[1Gpulling manifest [K
pulling af63361d2ac3:  61% ▕███████████       ▏ 3.5 GB/5.6 GB   95 MB/s     22s[K[?25h[?2026l[?2026h[?25l[A[1Gpulling manifest [K
pulling af63361d2ac3:  62% ▕███████████       ▏ 3.5 GB/5.6 GB   95 MB/s     22s[K[?25h[?2026l[?2026h[?25l[A[1Gpulling manifest [K
pulling af63361d2ac3:  62% ▕███████████       ▏ 3.5 GB/5.6 GB   95 MB/s     22s[K[?25h[?2026l[?2026h[?25l[A[1Gpulling manifest [K
pulling af63361d2ac3:  62% ▕███████████       ▏ 3.5 GB/5.6 GB   95 MB/s     22s[K[?25h[?2026l[?2026h[?25l[A[1Gpulling manifest [K
pulling af63361d2ac3:  62% ▕███████████       ▏ 3.5 GB/5.6 GB   95 MB/s     22s[K[?25h[?2026l[?2026h[?25l[A[1Gpulling manifest [K
pulling af63361d2ac3:  62% ▕███████████       ▏ 3.5 GB/5.6 GB   95 MB/s     22s[K[?25h[?2026l[?2026h[?25l[A[1Gpulling manifest [K
pulling af63361d2ac3:  62% ▕███████████       ▏ 3.5 GB/5.6 GB   96 MB/s     21s[K[?25h[?2026l[?2026h[?25l[A[1Gpulling manifest [K
pulling af63361d2ac3:  63% ▕███████████       ▏ 3.5 GB/5.6 GB   96 MB/s     21s[K[?25h[?2026l[?2026h[?25l[A[1Gpulling manifest [K
pulling af63361d2ac3:  63% ▕███████████       ▏ 3.5 GB/5.6 GB   96 MB/s     21s[K[?25h[?2026l[?2026h[?25l[A[1Gpulling manifest [K
pulling af63361d2ac3:  63% ▕███████████       ▏ 3.5 GB/5.6 GB   96 MB/s     21s[K[?25h[?2026l[?2026h[?25l[A[1Gpulling manifest [K
pulling af63361d2ac3:  63% ▕███████████       ▏ 3.6 GB/5.6 GB   96 MB/s     21s[K[?25h[?2026l[?2026h[?25l[A[1Gpulling manifest [K
pulling af63361d2ac3:  63% ▕███████████       ▏ 3.6 GB/5.6 GB   96 MB/s     21s[K[?25h[?2026l[?2026h[?25l[A[1Gpulling manifest [K
pulling af63361d2ac3:  64% ▕███████████       ▏ 3.6 GB/5.6 GB   96 MB/s     21s[K[?25h[?2026l[?2026h[?25l[A[1Gpulling manifest [K
pulling af63361d2ac3:  64% ▕███████████       ▏ 3.6 GB/5.6 GB   96 MB/s     20s[K[?25h[?2026l[?2026h[?25l[A[1Gpulling manifest [K
pulling af63361d2ac3:  64% ▕███████████       ▏ 3.6 GB/5.6 GB   96 MB/s     20s[K[?25h[?2026l[?2026h[?25l[A[1Gpulling manifest [K
pulling af63361d2ac3:  64% ▕███████████       ▏ 3.6 GB/5.6 GB   96 MB/s     20s[K[?25h[?2026l[?2026h[?25l[A[1Gpulling manifest [K
pulling af63361d2ac3:  64% ▕███████████       ▏ 3.6 GB/5.6 GB   99 MB/s     20s[K[?25h[?2026l[?2026h[?25l[A[1Gpulling manifest [K
pulling af63361d2ac3:  64% ▕███████████       ▏ 3.6 GB/5.6 GB   99 MB/s     20s[K[?25h[?2026l[?2026h[?25l[A[1Gpulling manifest [K
pulling af63361d2ac3:  65% ▕███████████       ▏ 3.6 GB/5.6 GB   99 MB/s     19s[K[?25h[?2026l[?2026h[?25l[A[1Gpulling manifest [K
pulling af63361d2ac3:  65% ▕███████████       ▏ 3.7 GB/5.6 GB   99 MB/s     19s[K[?25h[?2026l[?2026h[?25l[A[1Gpulling manifest [K
pulling af63361d2ac3:  65% ▕███████████       ▏ 3.7 GB/5.6 GB   99 MB/s     19s[K[?25h[?2026l[?2026h[?25l[A[1Gpulling manifest [K
pulling af63361d2ac3:  65% ▕███████████       ▏ 3.7 GB/5.6 GB   99 MB/s     19s[K[?25h[?2026l[?2026h[?25l[A[1Gpulling manifest [K
pulling af63361d2ac3:  65% ▕███████████       ▏ 3.7 GB/5.6 GB   99 MB/s     19s[K[?25h[?2026l[?2026h[?25l[A[1Gpulling manifest [K
pulling af63361d2ac3:  66% ▕███████████       ▏ 3.7 GB/5.6 GB   99 MB/s     19s[K[?25h[?2026l[?2026h[?25l[A[1Gpulling manifest [K
pulling af63361d2ac3:  66% ▕███████████       ▏ 3.7 GB/5.6 GB   99 MB/s     19s[K[?25h[?2026l[?2026h[?25l[A[1Gpulling manifest [K
pulling af63361d2ac3:  66% ▕███████████       ▏ 3.7 GB/5.6 GB   99 MB/s     19s[K[?25h[?2026l[?2026h[?25l[A[1Gpulling manifest [K
pulling af63361d2ac3:  66% ▕███████████       ▏ 3.7 GB/5.6 GB   99 MB/s     19s[K[?25h[?2026l[?2026h[?25l[A[1Gpulling manifest [K
pulling af63361d2ac3:  66% ▕███████████       ▏ 3.7 GB/5.6 GB   99 MB/s     18s[K[?25h[?2026l[?2026h[?25l[A[1Gpulling manifest [K
pulling af63361d2ac3:  67% ▕███████████       ▏ 3.7 GB/5.6 GB   99 MB/s     18s[K[?25h[?2026l[?2026h[?25l[A[1Gpulling manifest [K
pulling af63361d2ac3:  67% ▕███████████       ▏ 3.8 GB/5.6 GB   99 MB/s     18s[K[?25h[?2026l[?2026h[?25l[A[1Gpulling manifest [K
pulling af63361d2ac3:  67% ▕████████████      ▏ 3.8 GB/5.6 GB   99 MB/s     18s[K[?25h[?2026l[?2026h[?25l[A[1Gpulling manifest [K
pulling af63361d2ac3:  67% ▕████████████      ▏ 3.8 GB/5.6 GB   99 MB/s     18s[K[?25h[?2026l[?2026h[?25l[A[1Gpulling manifest [K
pulling af63361d2ac3:  67% ▕████████████      ▏ 3.8 GB/5.6 GB   99 MB/s     18s[K[?25h[?2026l[?2026h[?25l[A[1Gpulling manifest [K
pulling af63361d2ac3:  67% ▕████████████      ▏ 3.8 GB/5.6 GB   99 MB/s     18s[K[?25h[?2026l[?2026h[?25l[A[1Gpulling manifest [K
pulling af63361d2ac3:  68% ▕████████████      ▏ 3.8 GB/5.6 GB   99 MB/s     18s[K[?25h[?2026l[?2026h[?25l[A[1Gpulling manifest [K
pulling af63361d2ac3:  68% ▕████████████      ▏ 3.8 GB/5.6 GB   99 MB/s     18s[K[?25h[?2026l[?2026h[?25l[A[1Gpulling manifest [K
pulling af63361d2ac3:  68% ▕████████████      ▏ 3.8 GB/5.6 GB  101 MB/s     17s[K[?25h[?2026l[?2026h[?25l[A[1Gpulling manifest [K
pulling af63361d2ac3:  68% ▕████████████      ▏ 3.8 GB/5.6 GB  101 MB/s     17s[K[?25h[?2026l[?2026h[?25l[A[1Gpulling manifest [K
pulling af63361d2ac3:  68% ▕████████████      ▏ 3.8 GB/5.6 GB  101 MB/s     17s[K[?25h[?2026l[?2026h[?25l[A[1Gpulling manifest [K
pulling af63361d2ac3:  68% ▕████████████      ▏ 3.9 GB/5.6 GB  101 MB/s     17s[K[?25h[?2026l[?2026h[?25l[A[1Gpulling manifest [K
pulling af63361d2ac3:  69% ▕████████████      ▏ 3.9 GB/5.6 GB  101 MB/s     17s[K[?25h[?2026l[?2026h[?25l[A[1Gpulling manifest [K
pulling af63361d2ac3:  69% ▕████████████      ▏ 3.9 GB/5.6 GB  101 MB/s     17s[K[?25h[?2026l[?2026h[?25l[A[1Gpulling manifest [K
pulling af63361d2ac3:  69% ▕████████████      ▏ 3.9 GB/5.6 GB  101 MB/s     17s[K[?25h[?2026l[?2026h[?25l[A[1Gpulling manifest [K
pulling af63361d2ac3:  69% ▕████████████      ▏ 3.9 GB/5.6 GB  101 MB/s     17s[K[?25h[?2026l[?2026h[?25l[A[1Gpulling manifest [K
pulling af63361d2ac3:  69% ▕████████████      ▏ 3.9 GB/5.6 GB  101 MB/s     17s[K[?25h[?2026l[?2026h[?25l[A[1Gpulling manifest [K
pulling af63361d2ac3:  69% ▕████████████      ▏ 3.9 GB/5.6 GB  101 MB/s     16s[K[?25h[?2026l[?2026h[?25l[A[1Gpulling manifest [K
pulling af63361d2ac3:  70% ▕████████████      ▏ 3.9 GB/5.6 GB  101 MB/s     16s[K[?25h[?2026l[?2026h[?25l[A[1Gpulling manifest [K
pulling af63361d2ac3:  70% ▕████████████      ▏ 3.9 GB/5.6 GB  101 MB/s     16s[K[?25h[?2026l[?2026h[?25l[A[1Gpulling manifest [K
pulling af63361d2ac3:  70% ▕████████████      ▏ 3.9 GB/5.6 GB  101 MB/s     16s[K[?25h[?2026l[?2026h[?25l[A[1Gpulling manifest [K
pulling af63361d2ac3:  70% ▕████████████      ▏ 3.9 GB/5.6 GB  101 MB/s     16s[K[?25h[?2026l[?2026h[?25l[A[1Gpulling manifest [K
pulling af63361d2ac3:  70% ▕████████████      ▏ 3.9 GB/5.6 GB  101 MB/s     16s[K[?25h[?2026l[?2026h[?25l[A[1Gpulling manifest [K
pulling af63361d2ac3:  70% ▕████████████      ▏ 3.9 GB/5.6 GB  101 MB/s     16s[K[?25h[?2026l[?2026h[?25l[A[1Gpulling manifest [K
pulling af63361d2ac3:  70% ▕████████████      ▏ 4.0 GB/5.6 GB  101 MB/s     16s[K[?25h[?2026l[?2026h[?25l[A[1Gpulling manifest [K
pulling af63361d2ac3:  70% ▕████████████      ▏ 4.0 GB/5.6 GB  101 MB/s     16s[K[?25h[?2026l[?2026h[?25l[A[1Gpulling manifest [K
pulling af63361d2ac3:  71% ▕████████████      ▏ 4.0 GB/5.6 GB  101 MB/s     16s[K[?25h[?2026l[?2026h[?25l[A[1Gpulling manifest [K
pulling af63361d2ac3:  71% ▕████████████      ▏ 4.0 GB/5.6 GB  101 MB/s     16s[K[?25h[?2026l[?2026h[?25l[A[1Gpulling manifest [K
pulling af63361d2ac3:  71% ▕████████████      ▏ 4.0 GB/5.6 GB  101 MB/s     16s[K[?25h[?2026l[?2026h[?25l[A[1Gpulling manifest [K
pulling af63361d2ac3:  71% ▕████████████      ▏ 4.0 GB/5.6 GB  100 MB/s     16s[K[?25h[?2026l[?2026h[?25l[A[1Gpulling manifest [K
pulling af63361d2ac3:  71% ▕████████████      ▏ 4.0 GB/5.6 GB  100 MB/s     15s[K[?25h[?2026l[?2026h[?25l[A[1Gpulling manifest [K
pulling af63361d2ac3:  72% ▕████████████      ▏ 4.0 GB/5.6 GB  100 MB/s     15s[K[?25h[?2026l[?2026h[?25l[A[1Gpulling manifest [K
pulling af63361d2ac3:  72% ▕████████████      ▏ 4.0 GB/5.6 GB  100 MB/s     15s[K[?25h[?2026l[?2026h[?25l[A[1Gpulling manifest [K
pulling af63361d2ac3:  72% ▕████████████      ▏ 4.0 GB/5.6 GB  100 MB/s     15s[K[?25h[?2026l[?2026h[?25l[A[1Gpulling manifest [K
pulling af63361d2ac3:  72% ▕████████████      ▏ 4.1 GB/5.6 GB  100 MB/s     15s[K[?25h[?2026l[?2026h[?25l[A[1Gpulling manifest [K
pulling af63361d2ac3:  72% ▕█████████████     ▏ 4.1 GB/5.6 GB  100 MB/s     15s[K[?25h[?2026l[?2026h[?25l[A[1Gpulling manifest [K
pulling af63361d2ac3:  72% ▕█████████████     ▏ 4.1 GB/5.6 GB  100 MB/s     15s[K[?25h[?2026l[?2026h[?25l[A[1Gpulling manifest [K
pulling af63361d2ac3:  73% ▕█████████████     ▏ 4.1 GB/5.6 GB  100 MB/s     15s[K[?25h[?2026l[?2026h[?25l[A[1Gpulling manifest [K
pulling af63361d2ac3:  73% ▕█████████████     ▏ 4.1 GB/5.6 GB  100 MB/s     15s[K[?25h[?2026l[?2026h[?25l[A[1Gpulling manifest [K
pulling af63361d2ac3:  73% ▕█████████████     ▏ 4.1 GB/5.6 GB  101 MB/s     14s[K[?25h[?2026l[?2026h[?25l[A[1Gpulling manifest [K
pulling af63361d2ac3:  73% ▕█████████████     ▏ 4.1 GB/5.6 GB  101 MB/s     14s[K[?25h[?2026l[?2026h[?25l[A[1Gpulling manifest [K
pulling af63361d2ac3:  73% ▕█████████████     ▏ 4.1 GB/5.6 GB  101 MB/s     14s[K[?25h[?2026l[?2026h[?25l[A[1Gpulling manifest [K
pulling af63361d2ac3:  74% ▕█████████████     ▏ 4.1 GB/5.6 GB  101 MB/s     14s[K[?25h[?2026l[?2026h[?25l[A[1Gpulling manifest [K
pulling af63361d2ac3:  74% ▕█████████████     ▏ 4.1 GB/5.6 GB  101 MB/s     14s[K[?25h[?2026l[?2026h[?25l[A[1Gpulling manifest [K
pulling af63361d2ac3:  74% ▕█████████████     ▏ 4.2 GB/5.6 GB  101 MB/s     14s[K[?25h[?2026l[?2026h[?25l[A[1Gpulling manifest [K
pulling af63361d2ac3:  74% ▕█████████████     ▏ 4.2 GB/5.6 GB  101 MB/s     14s[K[?25h[?2026l[?2026h[?25l[A[1Gpulling manifest [K
pulling af63361d2ac3:  74% ▕█████████████     ▏ 4.2 GB/5.6 GB  101 MB/s     14s[K[?25h[?2026l[?2026h[?25l[A[1Gpulling manifest [K
pulling af63361d2ac3:  74% ▕█████████████     ▏ 4.2 GB/5.6 GB  101 MB/s     14s[K[?25h[?2026l[?2026h[?25l[A[1Gpulling manifest [K
pulling af63361d2ac3:  75% ▕█████████████     ▏ 4.2 GB/5.6 GB  101 MB/s     14s[K[?25h[?2026l[?2026h[?25l[A[1Gpulling manifest [K
pulling af63361d2ac3:  75% ▕█████████████     ▏ 4.2 GB/5.6 GB  102 MB/s     13s[K[?25h[?2026l[?2026h[?25l[A[1Gpulling manifest [K
pulling af63361d2ac3:  75% ▕█████████████     ▏ 4.2 GB/5.6 GB  102 MB/s     13s[K[?25h[?2026l[?2026h[?25l[A[1Gpulling manifest [K
pulling af63361d2ac3:  75% ▕█████████████     ▏ 4.2 GB/5.6 GB  102 MB/s     13s[K[?25h[?2026l[?2026h[?25l[A[1Gpulling manifest [K
pulling af63361d2ac3:  75% ▕█████████████     ▏ 4.2 GB/5.6 GB  102 MB/s     13s[K[?25h[?2026l[?2026h[?25l[A[1Gpulling manifest [K
pulling af63361d2ac3:  76% ▕█████████████     ▏ 4.3 GB/5.6 GB  102 MB/s     13s[K[?25h[?2026l[?2026h[?25l[A[1Gpulling manifest [K
pulling af63361d2ac3:  76% ▕█████████████     ▏ 4.3 GB/5.6 GB  102 MB/s     13s[K[?25h[?2026l[?2026h[?25l[A[1Gpulling manifest [K
pulling af63361d2ac3:  76% ▕█████████████     ▏ 4.3 GB/5.6 GB  102 MB/s     13s[K[?25h[?2026l[?2026h[?25l[A[1Gpulling manifest [K
pulling af63361d2ac3:  76% ▕█████████████     ▏ 4.3 GB/5.6 GB  102 MB/s     13s[K[?25h[?2026l[?2026h[?25l[A[1Gpulling manifest [K
pulling af63361d2ac3:  76% ▕█████████████     ▏ 4.3 GB/5.6 GB  102 MB/s     12s[K[?25h[?2026l[?2026h[?25l[A[1Gpulling manifest [K
pulling af63361d2ac3:  77% ▕█████████████     ▏ 4.3 GB/5.6 GB  102 MB/s     12s[K[?25h[?2026l[?2026h[?25l[A[1Gpulling manifest [K
pulling af63361d2ac3:  77% ▕█████████████     ▏ 4.3 GB/5.6 GB  102 MB/s     12s[K[?25h[?2026l[?2026h[?25l[A[1Gpulling manifest [K
pulling af63361d2ac3:  77% ▕█████████████     ▏ 4.3 GB/5.6 GB  102 MB/s     12s[K[?25h[?2026l[?2026h[?25l[A[1Gpulling manifest [K
pulling af63361d2ac3:  77% ▕█████████████     ▏ 4.3 GB/5.6 GB  102 MB/s     12s[K[?25h[?2026l[?2026h[?25l[A[1Gpulling manifest [K
pulling af63361d2ac3:  77% ▕█████████████     ▏ 4.4 GB/5.6 GB  102 MB/s     12s[K[?25h[?2026l[?2026h[?25l[A[1Gpulling manifest [K
pulling af63361d2ac3:  78% ▕█████████████     ▏ 4.4 GB/5.6 GB  102 MB/s     12s[K[?25h[?2026l[?2026h[?25l[A[1Gpulling manifest [K
pulling af63361d2ac3:  78% ▕█████████████     ▏ 4.4 GB/5.6 GB  102 MB/s     12s[K[?25h[?2026l[?2026h[?25l[A[1Gpulling manifest [K
pulling af63361d2ac3:  78% ▕██████████████    ▏ 4.4 GB/5.6 GB  102 MB/s     12s[K[?25h[?2026l[?2026h[?25l[A[1Gpulling manifest [K
pulling af63361d2ac3:  78% ▕██████████████    ▏ 4.4 GB/5.6 GB  102 MB/s     12s[K[?25h[?2026l[?2026h[?25l[A[1Gpulling manifest [K
pulling af63361d2ac3:  78% ▕██████████████    ▏ 4.4 GB/5.6 GB  102 MB/s     12s[K[?25h[?2026l[?2026h[?25l[A[1Gpulling manifest [K
pulling af63361d2ac3:  78% ▕██████████████    ▏ 4.4 GB/5.6 GB  102 MB/s     11s[K[?25h[?2026l[?2026h[?25l[A[1Gpulling manifest [K
pulling af63361d2ac3:  79% ▕██████████████    ▏ 4.4 GB/5.6 GB  101 MB/s     11s[K[?25h[?2026l[?2026h[?25l[A[1Gpulling manifest [K
pulling af63361d2ac3:  79% ▕██████████████    ▏ 4.4 GB/5.6 GB  101 MB/s     11s[K[?25h[?2026l[?2026h[?25l[A[1Gpulling manifest [K
pulling af63361d2ac3:  79% ▕██████████████    ▏ 4.4 GB/5.6 GB  101 MB/s     11s[K[?25h[?2026l[?2026h[?25l[A[1Gpulling manifest [K
pulling af63361d2ac3:  79% ▕██████████████    ▏ 4.5 GB/5.6 GB  101 MB/s     11s[K[?25h[?2026l[?2026h[?25l[A[1Gpulling manifest [K
pulling af63361d2ac3:  79% ▕██████████████    ▏ 4.5 GB/5.6 GB  101 MB/s     11s[K[?25h[?2026l[?2026h[?25l[A[1Gpulling manifest [K
pulling af63361d2ac3:  80% ▕██████████████    ▏ 4.5 GB/5.6 GB  101 MB/s     11s[K[?25h[?2026l[?2026h[?25l[A[1Gpulling manifest [K
pulling af63361d2ac3:  80% ▕██████████████    ▏ 4.5 GB/5.6 GB  101 MB/s     11s[K[?25h[?2026l[?2026h[?25l[A[1Gpulling manifest [K
pulling af63361d2ac3:  80% ▕██████████████    ▏ 4.5 GB/5.6 GB  101 MB/s     11s[K[?25h[?2026l[?2026h[?25l[A[1Gpulling manifest [K
pulling af63361d2ac3:  80% ▕██████████████    ▏ 4.5 GB/5.6 GB  101 MB/s     10s[K[?25h[?2026l[?2026h[?25l[A[1Gpulling manifest [K
pulling af63361d2ac3:  80% ▕██████████████    ▏ 4.5 GB/5.6 GB  101 MB/s     10s[K[?25h[?2026l[?2026h[?25l[A[1Gpulling manifest [K
pulling af63361d2ac3:  80% ▕██████████████    ▏ 4.5 GB/5.6 GB  101 MB/s     10s[K[?25h[?2026l[?2026h[?25l[A[1Gpulling manifest [K
pulling af63361d2ac3:  81% ▕██████████████    ▏ 4.5 GB/5.6 GB  101 MB/s     10s[K[?25h[?2026l[?2026h[?25l[A[1Gpulling manifest [K
pulling af63361d2ac3:  81% ▕██████████████    ▏ 4.6 GB/5.6 GB  101 MB/s     10s[K[?25h[?2026l[?2026h[?25l[A[1Gpulling manifest [K
pulling af63361d2ac3:  81% ▕██████████████    ▏ 4.6 GB/5.6 GB  101 MB/s     10s[K[?25h[?2026l[?2026h[?25l[A[1Gpulling manifest [K
pulling af63361d2ac3:  81% ▕██████████████    ▏ 4.6 GB/5.6 GB  101 MB/s     10s[K[?25h[?2026l[?2026h[?25l[A[1Gpulling manifest [K
pulling af63361d2ac3:  81% ▕██████████████    ▏ 4.6 GB/5.6 GB  101 MB/s     10s[K[?25h[?2026l[?2026h[?25l[A[1Gpulling manifest [K
pulling af63361d2ac3:  82% ▕██████████████    ▏ 4.6 GB/5.6 GB  101 MB/s     10s[K[?25h[?2026l[?2026h[?25l[A[1Gpulling manifest [K
pulling af63361d2ac3:  82% ▕██████████████    ▏ 4.6 GB/5.6 GB  101 MB/s     10s[K[?25h[?2026l[?2026h[?25l[A[1Gpulling manifest [K
pulling af63361d2ac3:  82% ▕██████████████    ▏ 4.6 GB/5.6 GB  101 MB/s      9s[K[?25h[?2026l[?2026h[?25l[A[1Gpulling manifest [K
pulling af63361d2ac3:  82% ▕██████████████    ▏ 4.6 GB/5.6 GB  101 MB/s      9s[K[?25h[?2026l[?2026h[?25l[A[1Gpulling manifest [K
pulling af63361d2ac3:  82% ▕██████████████    ▏ 4.6 GB/5.6 GB  101 MB/s      9s[K[?25h[?2026l[?2026h[?25l[A[1Gpulling manifest [K
pulling af63361d2ac3:  83% ▕██████████████    ▏ 4.6 GB/5.6 GB  102 MB/s      9s[K[?25h[?2026l[?2026h[?25l[A[1Gpulling manifest [K
pulling af63361d2ac3:  83% ▕██████████████    ▏ 4.7 GB/5.6 GB  102 MB/s      9s[K[?25h[?2026l[?2026h[?25l[A[1Gpulling manifest [K
pulling af63361d2ac3:  83% ▕██████████████    ▏ 4.7 GB/5.6 GB  102 MB/s      9s[K[?25h[?2026l[?2026h[?25l[A[1Gpulling manifest [K
pulling af63361d2ac3:  83% ▕██████████████    ▏ 4.7 GB/5.6 GB  102 MB/s      9s[K[?25h[?2026l[?2026h[?25l[A[1Gpulling manifest [K
pulling af63361d2ac3:  83% ▕██████████████    ▏ 4.7 GB/5.6 GB  102 MB/s      9s[K[?25h[?2026l[?2026h[?25l[A[1Gpulling manifest [K
pulling af63361d2ac3:  83% ▕██████████████    ▏ 4.7 GB/5.6 GB  102 MB/s      9s[K[?25h[?2026l[?2026h[?25l[A[1Gpulling manifest [K
pulling af63361d2ac3:  84% ▕███████████████   ▏ 4.7 GB/5.6 GB  102 MB/s      9s[K[?25h[?2026l[?2026h[?25l[A[1Gpulling manifest [K
pulling af63361d2ac3:  84% ▕███████████████   ▏ 4.7 GB/5.6 GB  102 MB/s      8s[K[?25h[?2026l[?2026h[?25l[A[1Gpulling manifest [K
pulling af63361d2ac3:  84% ▕███████████████   ▏ 4.7 GB/5.6 GB  102 MB/s      8s[K[?25h[?2026l[?2026h[?25l[A[1Gpulling manifest [K
pulling af63361d2ac3:  84% ▕███████████████   ▏ 4.7 GB/5.6 GB  102 MB/s      8s[K[?25h[?2026l[?2026h[?25l[A[1Gpulling manifest [K
pulling af63361d2ac3:  84% ▕███████████████   ▏ 4.7 GB/5.6 GB  101 MB/s      8s[K[?25h[?2026l[?2026h[?25l[A[1Gpulling manifest [K
pulling af63361d2ac3:  84% ▕███████████████   ▏ 4.8 GB/5.6 GB  101 MB/s      8s[K[?25h[?2026l[?2026h[?25l[A[1Gpulling manifest [K
pulling af63361d2ac3:  85% ▕███████████████   ▏ 4.8 GB/5.6 GB  101 MB/s      8s[K[?25h[?2026l[?2026h[?25l[A[1Gpulling manifest [K
pulling af63361d2ac3:  85% ▕███████████████   ▏ 4.8 GB/5.6 GB  101 MB/s      8s[K[?25h[?2026l[?2026h[?25l[A[1Gpulling manifest [K
pulling af63361d2ac3:  85% ▕███████████████   ▏ 4.8 GB/5.6 GB  101 MB/s      8s[K[?25h[?2026l[?2026h[?25l[A[1Gpulling manifest [K
pulling af63361d2ac3:  85% ▕███████████████   ▏ 4.8 GB/5.6 GB  101 MB/s      8s[K[?25h[?2026l[?2026h[?25l[A[1Gpulling manifest [K
pulling af63361d2ac3:  85% ▕███████████████   ▏ 4.8 GB/5.6 GB  101 MB/s      8s[K[?25h[?2026l[?2026h[?25l[A[1Gpulling manifest [K
pulling af63361d2ac3:  86% ▕███████████████   ▏ 4.8 GB/5.6 GB  101 MB/s      8s[K[?25h[?2026l[?2026h[?25l[A[1Gpulling manifest [K
pulling af63361d2ac3:  86% ▕███████████████   ▏ 4.8 GB/5.6 GB  101 MB/s      7s[K[?25h[?2026l[?2026h[?25l[A[1Gpulling manifest [K
pulling af63361d2ac3:  86% ▕███████████████   ▏ 4.8 GB/5.6 GB  101 MB/s      7s[K[?25h[?2026l[?2026h[?25l[A[1Gpulling manifest [K
pulling af63361d2ac3:  86% ▕███████████████   ▏ 4.8 GB/5.6 GB  103 MB/s      7s[K[?25h[?2026l[?2026h[?25l[A[1Gpulling manifest [K
pulling af63361d2ac3:  86% ▕███████████████   ▏ 4.9 GB/5.6 GB  103 MB/s      7s[K[?25h[?2026l[?2026h[?25l[A[1Gpulling manifest [K
pulling af63361d2ac3:  86% ▕███████████████   ▏ 4.9 GB/5.6 GB  103 MB/s      7s[K[?25h[?2026l[?2026h[?25l[A[1Gpulling manifest [K
pulling af63361d2ac3:  86% ▕███████████████   ▏ 4.9 GB/5.6 GB  103 MB/s      7s[K[?25h[?2026l[?2026h[?25l[A[1Gpulling manifest [K
pulling af63361d2ac3:  87% ▕███████████████   ▏ 4.9 GB/5.6 GB  103 MB/s      7s[K[?25h[?2026l[?2026h[?25l[A[1Gpulling manifest [K
pulling af63361d2ac3:  87% ▕███████████████   ▏ 4.9 GB/5.6 GB  103 MB/s      7s[K[?25h[?2026l[?2026h[?25l[A[1Gpulling manifest [K
pulling af63361d2ac3:  87% ▕███████████████   ▏ 4.9 GB/5.6 GB  103 MB/s      7s[K[?25h[?2026l[?2026h[?25l[A[1Gpulling manifest [K
pulling af63361d2ac3:  87% ▕███████████████   ▏ 4.9 GB/5.6 GB  103 MB/s      6s[K[?25h[?2026l[?2026h[?25l[A[1Gpulling manifest [K
pulling af63361d2ac3:  87% ▕███████████████   ▏ 4.9 GB/5.6 GB  103 MB/s      6s[K[?25h[?2026l[?2026h[?25l[A[1Gpulling manifest [K
pulling af63361d2ac3:  88% ▕███████████████   ▏ 4.9 GB/5.6 GB  103 MB/s      6s[K[?25h[?2026l[?2026h[?25l[A[1Gpulling manifest [K
pulling af63361d2ac3:  88% ▕███████████████   ▏ 4.9 GB/5.6 GB  103 MB/s      6s[K[?25h[?2026l[?2026h[?25l[A[1Gpulling manifest [K
pulling af63361d2ac3:  88% ▕███████████████   ▏ 4.9 GB/5.6 GB  103 MB/s      6s[K[?25h[?2026l[?2026h[?25l[A[1Gpulling manifest [K
pulling af63361d2ac3:  88% ▕███████████████   ▏ 4.9 GB/5.6 GB  103 MB/s      6s[K[?25h[?2026l[?2026h[?25l[A[1Gpulling manifest [K
pulling af63361d2ac3:  88% ▕███████████████   ▏ 5.0 GB/5.6 GB  103 MB/s      6s[K[?25h[?2026l[?2026h[?25l[A[1Gpulling manifest [K
pulling af63361d2ac3:  88% ▕███████████████   ▏ 5.0 GB/5.6 GB  103 MB/s      6s[K[?25h[?2026l[?2026h[?25l[A[1Gpulling manifest [K
pulling af63361d2ac3:  88% ▕███████████████   ▏ 5.0 GB/5.6 GB  103 MB/s      6s[K[?25h[?2026l[?2026h[?25l[A[1Gpulling manifest [K
pulling af63361d2ac3:  89% ▕███████████████   ▏ 5.0 GB/5.6 GB  103 MB/s      6s[K[?25h[?2026l[?2026h[?25l[A[1Gpulling manifest [K
pulling af63361d2ac3:  89% ▕███████████████   ▏ 5.0 GB/5.6 GB  103 MB/s      6s[K[?25h[?2026l[?2026h[?25l[A[1Gpulling manifest [K
pulling af63361d2ac3:  89% ▕███████████████   ▏ 5.0 GB/5.6 GB  103 MB/s      6s[K[?25h[?2026l[?2026h[?25l[A[1Gpulling manifest [K
pulling af63361d2ac3:  89% ▕████████████████  ▏ 5.0 GB/5.6 GB  103 MB/s      5s[K[?25h[?2026l[?2026h[?25l[A[1Gpulling manifest [K
pulling af63361d2ac3:  89% ▕████████████████  ▏ 5.0 GB/5.6 GB  103 MB/s      5s[K[?25h[?2026l[?2026h[?25l[A[1Gpulling manifest [K
pulling af63361d2ac3:  89% ▕████████████████  ▏ 5.0 GB/5.6 GB  102 MB/s      5s[K[?25h[?2026l[?2026h[?25l[A[1Gpulling manifest [K
pulling af63361d2ac3:  90% ▕████████████████  ▏ 5.0 GB/5.6 GB  102 MB/s      5s[K[?25h[?2026l[?2026h[?25l[A[1Gpulling manifest [K
pulling af63361d2ac3:  90% ▕████████████████  ▏ 5.0 GB/5.6 GB  102 MB/s      5s[K[?25h[?2026l[?2026h[?25l[A[1Gpulling manifest [K
pulling af63361d2ac3:  90% ▕████████████████  ▏ 5.1 GB/5.6 GB  102 MB/s      5s[K[?25h[?2026l[?2026h[?25l[A[1Gpulling manifest [K
pulling af63361d2ac3:  90% ▕████████████████  ▏ 5.1 GB/5.6 GB  102 MB/s      5s[K[?25h[?2026l[?2026h[?25l[A[1Gpulling manifest [K
pulling af63361d2ac3:  90% ▕████████████████  ▏ 5.1 GB/5.6 GB  102 MB/s      5s[K[?25h[?2026l[?2026h[?25l[A[1Gpulling manifest [K
pulling af63361d2ac3:  90% ▕████████████████  ▏ 5.1 GB/5.6 GB  102 MB/s      5s[K[?25h[?2026l[?2026h[?25l[A[1Gpulling manifest [K
pulling af63361d2ac3:  91% ▕████████████████  ▏ 5.1 GB/5.6 GB  102 MB/s      5s[K[?25h[?2026l[?2026h[?25l[A[1Gpulling manifest [K
pulling af63361d2ac3:  91% ▕████████████████  ▏ 5.1 GB/5.6 GB  102 MB/s      5s[K[?25h[?2026l[?2026h[?25l[A[1Gpulling manifest [K
pulling af63361d2ac3:  91% ▕████████████████  ▏ 5.1 GB/5.6 GB  102 MB/s      4s[K[?25h[?2026l[?2026h[?25l[A[1Gpulling manifest [K
pulling af63361d2ac3:  91% ▕████████████████  ▏ 5.1 GB/5.6 GB  101 MB/s      4s[K[?25h[?2026l[?2026h[?25l[A[1Gpulling manifest [K
pulling af63361d2ac3:  91% ▕████████████████  ▏ 5.1 GB/5.6 GB  101 MB/s      4s[K[?25h[?2026l[?2026h[?25l[A[1Gpulling manifest [K
pulling af63361d2ac3:  92% ▕████████████████  ▏ 5.2 GB/5.6 GB  101 MB/s      4s[K[?25h[?2026l[?2026h[?25l[A[1Gpulling manifest [K
pulling af63361d2ac3:  92% ▕████████████████  ▏ 5.2 GB/5.6 GB  101 MB/s      4s[K[?25h[?2026l[?2026h[?25l[A[1Gpulling manifest [K
pulling af63361d2ac3:  92% ▕████████████████  ▏ 5.2 GB/5.6 GB  101 MB/s      4s[K[?25h[?2026l[?2026h[?25l[A[1Gpulling manifest [K
pulling af63361d2ac3:  92% ▕████████████████  ▏ 5.2 GB/5.6 GB  101 MB/s      4s[K[?25h[?2026l[?2026h[?25l[A[1Gpulling manifest [K
pulling af63361d2ac3:  92% ▕████████████████  ▏ 5.2 GB/5.6 GB  101 MB/s      4s[K[?25h[?2026l[?2026h[?25l[A[1Gpulling manifest [K
pulling af63361d2ac3:  92% ▕████████████████  ▏ 5.2 GB/5.6 GB  101 MB/s      4s[K[?25h[?2026l[?2026h[?25l[A[1Gpulling manifest [K
pulling af63361d2ac3:  93% ▕████████████████  ▏ 5.2 GB/5.6 GB  101 MB/s      4s[K[?25h[?2026l[?2026h[?25l[A[1Gpulling manifest [K
pulling af63361d2ac3:  93% ▕████████████████  ▏ 5.2 GB/5.6 GB  101 MB/s      3s[K[?25h[?2026l[?2026h[?25l[A[1Gpulling manifest [K
pulling af63361d2ac3:  93% ▕████████████████  ▏ 5.2 GB/5.6 GB  101 MB/s      3s[K[?25h[?2026l[?2026h[?25l[A[1Gpulling manifest [K
pulling af63361d2ac3:  93% ▕████████████████  ▏ 5.2 GB/5.6 GB  101 MB/s      3s[K[?25h[?2026l[?2026h[?25l[A[1Gpulling manifest [K
pulling af63361d2ac3:  93% ▕████████████████  ▏ 5.3 GB/5.6 GB  101 MB/s      3s[K[?25h[?2026l[?2026h[?25l[A[1Gpulling manifest [K
pulling af63361d2ac3:  93% ▕████████████████  ▏ 5.3 GB/5.6 GB  101 MB/s      3s[K[?25h[?2026l[?2026h[?25l[A[1Gpulling manifest [K
pulling af63361d2ac3:  94% ▕████████████████  ▏ 5.3 GB/5.6 GB  101 MB/s      3s[K[?25h[?2026l[?2026h[?25l[A[1Gpulling manifest [K
pulling af63361d2ac3:  94% ▕████████████████  ▏ 5.3 GB/5.6 GB  101 MB/s      3s[K[?25h[?2026l[?2026h[?25l[A[1Gpulling manifest [K
pulling af63361d2ac3:  94% ▕████████████████  ▏ 5.3 GB/5.6 GB  101 MB/s      3s[K[?25h[?2026l[?2026h[?25l[A[1Gpulling manifest [K
pulling af63361d2ac3:  94% ▕████████████████  ▏ 5.3 GB/5.6 GB  101 MB/s      3s[K[?25h[?2026l[?2026h[?25l[A[1Gpulling manifest [K
pulling af63361d2ac3:  94% ▕█████████████████ ▏ 5.3 GB/5.6 GB  101 MB/s      3s[K[?25h[?2026l[?2026h[?25l[A[1Gpulling manifest [K
pulling af63361d2ac3:  95% ▕█████████████████ ▏ 5.3 GB/5.6 GB  101 MB/s      3s[K[?25h[?2026l[?2026h[?25l[A[1Gpulling manifest [K
pulling af63361d2ac3:  95% ▕█████████████████ ▏ 5.3 GB/5.6 GB  100 MB/s      2s[K[?25h[?2026l[?2026h[?25l[A[1Gpulling manifest [K
pulling af63361d2ac3:  95% ▕█████████████████ ▏ 5.3 GB/5.6 GB  100 MB/s      2s[K[?25h[?2026l[?2026h[?25l[A[1Gpulling manifest [K
pulling af63361d2ac3:  95% ▕█████████████████ ▏ 5.3 GB/5.6 GB  100 MB/s      2s[K[?25h[?2026l[?2026h[?25l[A[1Gpulling manifest [K
pulling af63361d2ac3:  95% ▕█████████████████ ▏ 5.4 GB/5.6 GB  100 MB/s      2s[K[?25h[?2026l[?2026h[?25l[A[1Gpulling manifest [K
pulling af63361d2ac3:  95% ▕█████████████████ ▏ 5.4 GB/5.6 GB  100 MB/s      2s[K[?25h[?2026l[?2026h[?25l[A[1Gpulling manifest [K
pulling af63361d2ac3:  95% ▕█████████████████ ▏ 5.4 GB/5.6 GB  100 MB/s      2s[K[?25h[?2026l[?2026h[?25l[A[1Gpulling manifest [K
pulling af63361d2ac3:  96% ▕█████████████████ ▏ 5.4 GB/5.6 GB  100 MB/s      2s[K[?25h[?2026l[?2026h[?25l[A[1Gpulling manifest [K
pulling af63361d2ac3:  96% ▕█████████████████ ▏ 5.4 GB/5.6 GB  100 MB/s      2s[K[?25h[?2026l[?2026h[?25l[A[1Gpulling manifest [K
pulling af63361d2ac3:  96% ▕█████████████████ ▏ 5.4 GB/5.6 GB  100 MB/s      2s[K[?25h[?2026l[?2026h[?25l[A[1Gpulling manifest [K
pulling af63361d2ac3:  96% ▕█████████████████ ▏ 5.4 GB/5.6 GB  100 MB/s      2s[K[?25h[?2026l[?2026h[?25l[A[1Gpulling manifest [K
pulling af63361d2ac3:  96% ▕█████████████████ ▏ 5.4 GB/5.6 GB   99 MB/s      1s[K[?25h[?2026l[?2026h[?25l[A[1Gpulling manifest [K
pulling af63361d2ac3:  97% ▕█████████████████ ▏ 5.4 GB/5.6 GB   99 MB/s      1s[K[?25h[?2026l[?2026h[?25l[A[1Gpulling manifest [K
pulling af63361d2ac3:  97% ▕█████████████████ ▏ 5.4 GB/5.6 GB   99 MB/s      1s[K[?25h[?2026l[?2026h[?25l[A[1Gpulling manifest [K
pulling af63361d2ac3:  97% ▕█████████████████ ▏ 5.5 GB/5.6 GB   99 MB/s      1s[K[?25h[?2026l[?2026h[?25l[A[1Gpulling manifest [K
pulling af63361d2ac3:  97% ▕█████████████████ ▏ 5.5 GB/5.6 GB   99 MB/s      1s[K[?25h[?2026l[?2026h[?25l[A[1Gpulling manifest [K
pulling af63361d2ac3:  97% ▕█████████████████ ▏ 5.5 GB/5.6 GB   99 MB/s      1s[K[?25h[?2026l[?2026h[?25l[A[1Gpulling manifest [K
pulling af63361d2ac3:  97% ▕█████████████████ ▏ 5.5 GB/5.6 GB   99 MB/s      1s[K[?25h[?2026l[?2026h[?25l[A[1Gpulling manifest [K
pulling af63361d2ac3:  98% ▕█████████████████ ▏ 5.5 GB/5.6 GB   99 MB/s      1s[K[?25h[?2026l[?2026h[?25l[A[1Gpulling manifest [K
pulling af63361d2ac3:  98% ▕█████████████████ ▏ 5.5 GB/5.6 GB   99 MB/s      1s[K[?25h[?2026l[?2026h[?25l[A[1Gpulling manifest [K
pulling af63361d2ac3:  98% ▕█████████████████ ▏ 5.5 GB/5.6 GB   99 MB/s      1s[K[?25h[?2026l[?2026h[?25l[A[1Gpulling manifest [K
pulling af63361d2ac3:  98% ▕█████████████████ ▏ 5.5 GB/5.6 GB   99 MB/s      1s[K[?25h[?2026l[?2026h[?25l[A[1Gpulling manifest [K
pulling af63361d2ac3:  98% ▕█████████████████ ▏ 5.5 GB/5.6 GB   98 MB/s      0s[K[?25h[?2026l[?2026h[?25l[A[1Gpulling manifest [K
pulling af63361d2ac3:  98% ▕█████████████████ ▏ 5.5 GB/5.6 GB   98 MB/s      0s[K[?25h[?2026l[?2026h[?25l[A[1Gpulling manifest [K
pulling af63361d2ac3:  99% ▕█████████████████ ▏ 5.5 GB/5.6 GB   98 MB/s      0s[K[?25h[?2026l[?2026h[?25l[A[1Gpulling manifest [K
pulling af63361d2ac3:  99% ▕█████████████████ ▏ 5.6 GB/5.6 GB   98 MB/s      0s[K[?25h[?2026l[?2026h[?25l[A[1Gpulling manifest [K
pulling af63361d2ac3:  99% ▕█████████████████ ▏ 5.6 GB/5.6 GB   98 MB/s      0s[K[?25h[?2026l[?2026h[?25l[A[1Gpulling manifest [K
pulling af63361d2ac3:  99% ▕█████████████████ ▏ 5.6 GB/5.6 GB   98 MB/s      0s[K[?25h[?2026l[?2026h[?25l[A[1Gpulling manifest [K
pulling af63361d2ac3:  99% ▕█████████████████ ▏ 5.6 GB/5.6 GB   98 MB/s      0s[K[?25h[?2026l[?2026h[?25l[A[1Gpulling manifest [K
pulling af63361d2ac3:  99% ▕█████████████████ ▏ 5.6 GB/5.6 GB   98 MB/s      0s[K[?25h[?2026l[?2026h[?25l[A[1Gpulling manifest [K
pulling af63361d2ac3:  99% ▕█████████████████ ▏ 5.6 GB/5.6 GB   98 MB/s      0s[K[?25h[?2026l[?2026h[?25l[A[1Gpulling manifest [K
pulling af63361d2ac3: 100% ▕█████████████████ ▏ 5.6 GB/5.6 GB   98 MB/s      0s[K[?25h[?2026l[?2026h[?25l[A[1Gpulling manifest [K
pulling af63361d2ac3: 100% ▕█████████████████ ▏ 5.6 GB/5.6 GB   96 MB/s      0s[K[?25h[?2026l[?2026h[?25l[A[1Gpulling manifest [K
pulling af63361d2ac3: 100% ▕█████████████████ ▏ 5.6 GB/5.6 GB   96 MB/s      0s[K[?25h[?2026l[?2026h[?25l[A[1Gpulling manifest [K
pulling af63361d2ac3: 100% ▕█████████████████ ▏ 5.6 GB/5.6 GB   96 MB/s      0s[K[?25h[?2026l[?2026h[?25l[A[1Gpulling manifest [K
pulling af63361d2ac3: 100% ▕██████████████████▏ 5.6 GB                         [K[?25h[?2026l[?2026h[?25l[A[1Gpulling manifest [K
pulling af63361d2ac3: 100% ▕██████████████████▏ 5.6 GB                         [K[?25h[?2026l[?2026h[?25l[A[1Gpulling manifest [K
pulling af63361d2ac3: 100% ▕██████████████████▏ 5.6 GB                         [K[?25h[?2026l[?2026h[?25l[A[1Gpulling manifest [K
pulling af63361d2ac3: 100% ▕██████████████████▏ 5.6 GB                         [K[?25h[?2026l[?2026h[?25l[A[1Gpulling manifest [K
pulling af63361d2ac3: 100% ▕██████████████████▏ 5.6 GB                         [K[?25h[?2026l[?2026h[?25l[A[1Gpulling manifest [K
pulling af63361d2ac3: 100% ▕██████████████████▏ 5.6 GB                         [K[?25h[?2026l[?2026h[?25l[A[1Gpulling manifest [K
pulling af63361d2ac3: 100% ▕██████████████████▏ 5.6 GB                         [K[?25h[?2026l[?2026h[?25l[A[1Gpulling manifest [K
pulling af63361d2ac3: 100% ▕██████████████████▏ 5.6 GB                         [K[?25h[?2026l[?2026h[?25l[A[1Gpulling manifest [K
pulling af63361d2ac3: 100% ▕██████████████████▏ 5.6 GB                         [K[?25h[?2026l[?2026h[?25l[A[1Gpulling manifest [K
pulling af63361d2ac3: 100% ▕██████████████████▏ 5.6 GB                         [K[?25h[?2026l[?2026h[?25l[A[1Gpulling manifest [K
pulling af63361d2ac3: 100% ▕██████████████████▏ 5.6 GB                         [K[?25h[?2026l[?2026h[?25l[A[1Gpulling manifest [K
pulling af63361d2ac3: 100% ▕██████████████████▏ 5.6 GB                         [K[?25h[?2026l[?2026h[?25l[A[1Gpulling manifest [K
pulling af63361d2ac3: 100% ▕██████████████████▏ 5.6 GB                         [K[?25h[?2026l[?2026h[?25l[A[1Gpulling manifest [K
pulling af63361d2ac3: 100% ▕██████████████████▏ 5.6 GB                         [K[?25h[?2026l[?2026h[?25l[A[1Gpulling manifest [K
pulling af63361d2ac3: 100% ▕██████████████████▏ 5.6 GB                         [K[?25h[?2026l[?2026h[?25l[A[1Gpulling manifest [K
pulling af63361d2ac3: 100% ▕██████████████████▏ 5.6 GB                         [K[?25h[?2026l[?2026h[?25l[A[1Gpulling manifest [K
pulling af63361d2ac3: 100% ▕██████████████████▏ 5.6 GB                         [K[?25h[?2026l[?2026h[?25l[A[1Gpulling manifest [K
pulling af63361d2ac3: 100% ▕██████████████████▏ 5.6 GB                         [K[?25h[?2026l[?2026h[?25l[A[1Gpulling manifest [K
pulling af63361d2ac3: 100% ▕██████████████████▏ 5.6 GB                         [K[?25h[?2026l[?2026h[?25l[A[1Gpulling manifest [K
pulling af63361d2ac3: 100% ▕██████████████████▏ 5.6 GB                         [K[?25h[?2026l[?2026h[?25l[A[1Gpulling manifest [K
pulling af63361d2ac3: 100% ▕██████████████████▏ 5.6 GB                         [K[?25h[?2026l[?2026h[?25l[A[1Gpulling manifest [K
pulling af63361d2ac3: 100% ▕██████████████████▏ 5.6 GB                         [K[?25h[?2026l[?2026h[?25l[A[1Gpulling manifest [K
pulling af63361d2ac3: 100% ▕██████████████████▏ 5.6 GB                         [K[?25h[?2026l[?2026h[?25l[A[1Gpulling manifest [K
pulling af63361d2ac3: 100% ▕██████████████████▏ 5.6 GB                         [K[?25h[?2026l[?2026h[?25l[A[1Gpulling manifest [K
pulling af63361d2ac3: 100% ▕██████████████████▏ 5.6 GB                         [K[?25h[?2026l[?2026h[?25l[A[1Gpulling manifest [K
pulling af63361d2ac3: 100% ▕██████████████████▏ 5.6 GB                         [K[?25h[?2026l[?2026h[?25l[A[1Gpulling manifest [K
pulling af63361d2ac3: 100% ▕██████████████████▏ 5.6 GB                         [K[?25h[?2026l[?2026h[?25l[A[1Gpulling manifest [K
pulling af63361d2ac3: 100% ▕██████████████████▏ 5.6 GB                         [K[?25h[?2026l[?2026h[?25l[A[1Gpulling manifest [K
pulling af63361d2ac3: 100% ▕██████████████████▏ 5.6 GB                         [K[?25h[?2026l[?2026h[?25l[A[1Gpulling manifest [K
pulling af63361d2ac3: 100% ▕██████████████████▏ 5.6 GB                         [K[?25h[?2026l[?2026h[?25l[A[1Gpulling manifest [K
pulling af63361d2ac3: 100% ▕██████████████████▏ 5.6 GB                         [K[?25h[?2026l[?2026h[?25l[A[1Gpulling manifest [K
pulling af63361d2ac3: 100% ▕██████████████████▏ 5.6 GB                         [K[?25h[?2026l[?2026h[?25l[A[1Gpulling manifest [K
pulling af63361d2ac3: 100% ▕██████████████████▏ 5.6 GB                         [K[?25h[?2026l[?2026h[?25l[A[1Gpulling manifest [K
pulling af63361d2ac3: 100% ▕██████████████████▏ 5.6 GB                         [K[?25h[?2026l[?2026h[?25l[A[1Gpulling manifest [K
pulling af63361d2ac3: 100% ▕██████████████████▏ 5.6 GB                         [K[?25h[?2026l[?2026h[?25l[A[1Gpulling manifest [K
pulling af63361d2ac3: 100% ▕██████████████████▏ 5.6 GB                         [K[?25h[?2026l[?2026h[?25l[A[1Gpulling manifest [K
pulling af63361d2ac3: 100% ▕██████████████████▏ 5.6 GB                         [K[?25h[?2026l[?2026h[?25l[A[1Gpulling manifest [K
pulling af63361d2ac3: 100% ▕██████████████████▏ 5.6 GB                         [K[?25h[?2026l[?2026h[?25l[A[1Gpulling manifest [K
pulling af63361d2ac3: 100% ▕██████████████████▏ 5.6 GB                         [K[?25h[?2026l[?2026h[?25l[A[1Gpulling manifest [K
pulling af63361d2ac3: 100% ▕██████████████████▏ 5.6 GB                         [K[?25h[?2026l[?2026h[?25l[A[1Gpulling manifest [K
pulling af63361d2ac3: 100% ▕██████████████████▏ 5.6 GB                         [K[?25h[?2026l[?2026h[?25l[A[1Gpulling manifest [K
pulling af63361d2ac3: 100% ▕██████████████████▏ 5.6 GB                         [K[?25h[?2026l[?2026h[?25l[A[1Gpulling manifest [K
pulling af63361d2ac3: 100% ▕██████████████████▏ 5.6 GB                         [K[?25h[?2026l[?2026h[?25l[A[1Gpulling manifest [K
pulling af63361d2ac3: 100% ▕██████████████████▏ 5.6 GB                         [K[?25h[?2026l[?2026h[?25l[A[1Gpulling manifest [K
pulling af63361d2ac3: 100% ▕██████████████████▏ 5.6 GB                         [K[?25h[?2026l[?2026h[?25l[A[1Gpulling manifest [K
pulling af63361d2ac3: 100% ▕██████████████████▏ 5.6 GB                         [K[?25h[?2026l[?2026h[?25l[A[1Gpulling manifest [K
pulling af63361d2ac3: 100% ▕██████████████████▏ 5.6 GB                         [K[?25h[?2026l[?2026h[?25l[A[1Gpulling manifest [K
pulling af63361d2ac3: 100% ▕██████████████████▏ 5.6 GB                         [K[?25h[?2026l[?2026h[?25l[A[1Gpulling manifest [K
pulling af63361d2ac3: 100% ▕██████████████████▏ 5.6 GB                         [K[?25h[?2026l[?2026h[?25l[A[1Gpulling manifest [K
pulling af63361d2ac3: 100% ▕██████████████████▏ 5.6 GB                         [K[?25h[?2026l[?2026h[?25l[A[1Gpulling manifest [K
pulling af63361d2ac3: 100% ▕██████████████████▏ 5.6 GB                         [K
verifying sha256 digest ⠋ [K[?25h[?2026l[?2026h[?25l[A[A[1Gpulling manifest [K
pulling af63361d2ac3: 100% ▕██████████████████▏ 5.6 GB                         [K
verifying sha256 digest ⠙ [K[?25h[?2026l[?2026h[?25l[A[A[1Gpulling manifest [K
pulling af63361d2ac3: 100% ▕██████████████████▏ 5.6 GB                         [K
verifying sha256 digest ⠹ [K[?25h[?2026l[?2026h[?25l[A[A[1Gpulling manifest [K
pulling af63361d2ac3: 100% ▕██████████████████▏ 5.6 GB                         [K
verifying sha256 digest ⠸ [K[?25h[?2026l[?2026h[?25l[A[A[1Gpulling manifest [K
pulling af63361d2ac3: 100% ▕██████████████████▏ 5.6 GB                         [K
verifying sha256 digest ⠼ [K[?25h[?2026l[?2026h[?25l[A[A[1Gpulling manifest [K
pulling af63361d2ac3: 100% ▕██████████████████▏ 5.6 GB                         [K
verifying sha256 digest ⠴ [K[?25h[?2026l[?2026h[?25l[A[A[1Gpulling manifest [K
pulling af63361d2ac3: 100% ▕██████████████████▏ 5.6 GB                         [K
verifying sha256 digest ⠦ [K[?25h[?2026l[?2026h[?25l[A[A[1Gpulling manifest [K
pulling af63361d2ac3: 100% ▕██████████████████▏ 5.6 GB                         [K
verifying sha256 digest ⠧ [K[?25h[?2026l[?2026h[?25l[A[A[1Gpulling manifest [K
pulling af63361d2ac3: 100% ▕██████████████████▏ 5.6 GB                         [K
verifying sha256 digest ⠇ [K[?25h[?2026l[?2026h[?25l[A[A[1Gpulling manifest [K
pulling af63361d2ac3: 100% ▕██████████████████▏ 5.6 GB                         [K
verifying sha256 digest ⠏ [K[?25h[?2026l[?2026h[?25l[A[A[1Gpulling manifest [K
pulling af63361d2ac3: 100% ▕██████████████████▏ 5.6 GB                         [K
verifying sha256 digest ⠋ [K[?25h[?2026l[?2026h[?25l[A[A[1Gpulling manifest [K
pulling af63361d2ac3: 100% ▕██████████████████▏ 5.6 GB                         [K
verifying sha256 digest ⠙ [K[?25h[?2026l[?2026h[?25l[A[A[1Gpulling manifest [K
pulling af63361d2ac3: 100% ▕██████████████████▏ 5.6 GB                         [K
verifying sha256 digest ⠹ [K[?25h[?2026l[?2026h[?25l[A[A[1Gpulling manifest [K
pulling af63361d2ac3: 100% ▕██████████████████▏ 5.6 GB                         [K
verifying sha256 digest ⠸ [K[?25h[?2026l[?2026h[?25l[A[A[1Gpulling manifest [K
pulling af63361d2ac3: 100% ▕██████████████████▏ 5.6 GB                         [K
verifying sha256 digest ⠼ [K[?25h[?2026l[?2026h[?25l[A[A[1Gpulling manifest [K
pulling af63361d2ac3: 100% ▕██████████████████▏ 5.6 GB                         [K
verifying sha256 digest ⠴ [K[?25h[?2026l[?2026h[?25l[A[A[1Gpulling manifest [K
pulling af63361d2ac3: 100% ▕██████████████████▏ 5.6 GB                         [K
verifying sha256 digest ⠦ [K[?25h[?2026l[?2026h[?25l[A[A[1Gpulling manifest [K
pulling af63361d2ac3: 100% ▕██████████████████▏ 5.6 GB                         [K
verifying sha256 digest ⠧ [K[?25h[?2026l[?2026h[?25l[A[A[1Gpulling manifest [K
pulling af63361d2ac3: 100% ▕██████████████████▏ 5.6 GB                         [K
verifying sha256 digest ⠇ [K[?25h[?2026l[?2026h[?25l[A[A[1Gpulling manifest [K
pulling af63361d2ac3: 100% ▕██████████████████▏ 5.6 GB                         [K
verifying sha256 digest ⠏ [K[?25h[?2026l[?2026h[?25l[A[A[1Gpulling manifest [K
pulling af63361d2ac3: 100% ▕██████████████████▏ 5.6 GB                         [K
verifying sha256 digest ⠋ [K[?25h[?2026l[?2026h[?25l[A[A[1Gpulling manifest [K
pulling af63361d2ac3: 100% ▕██████████████████▏ 5.6 GB                         [K
verifying sha256 digest ⠙ [K[?25h[?2026l[?2026h[?25l[A[A[1Gpulling manifest [K
pulling af63361d2ac3: 100% ▕██████████████████▏ 5.6 GB                         [K
verifying sha256 digest ⠹ [K[?25h[?2026l[?2026h[?25l[A[A[1Gpulling manifest [K
pulling af63361d2ac3: 100% ▕██████████████████▏ 5.6 GB                         [K
verifying sha256 digest [K
writing manifest [K
success [K[?25h[?2026l
