[?2026h[?25l[1Gpulling manifest ⠋ [K[?25h[?2026l[?2026h[?25l[1Gpulling manifest ⠙ [K[?25h[?2026l[?2026h[?25l[1Gpulling manifest ⠹ [K[?25h[?2026l[?2026h[?25l[1Gpulling manifest ⠸ [K[?25h[?2026l[?2026h[?25l[1Gpulling manifest ⠼ [K[?25h[?2026l[?2026h[?25l[1Gpulling manifest ⠴ [K[?25h[?2026l[?2026h[?25l[1Gpulling manifest ⠦ [K[?25h[?2026l[?2026h[?25l[1Gpulling manifest ⠧ [K[?25h[?2026l[?2026h[?25l[1Gpulling manifest ⠇ [K[?25h[?2026l[?2026h[?25l[1Gpulling manifest ⠏ [K[?25h[?2026l[?2026h[?25l[1Gpulling manifest ⠋ [K[?25h[?2026l[?2026h[?25l[1Gpulling manifest ⠙ [K[?25h[?2026l[?2026h[?25l[1Gpulling manifest ⠹ [K[?25h[?2026l[?2026h[?25l[1Gpulling manifest ⠸ [K[?25h[?2026l[?2026h[?25l[1Gpulling manifest ⠼ [K[?25h[?2026l[?2026h[?25l[1Gpulling manifest ⠴ [K[?25h[?2026l[?2026h[?25l[1Gpulling manifest ⠦ [K[?25h[?2026l[?2026h[?25l[1Gpulling manifest ⠧ [K[?25h[?2026l[?2026h[?25l[1Gpulling manifest ⠇ [K[?25h[?2026l[?2026h[?25l[1Gpulling manifest ⠏ [K[?25h[?2026l[?2026h[?25l[1Gpulling manifest ⠋ [K[?25h[?2026l[?2026h[?25l[1Gpulling manifest ⠙ [K[?25h[?2026l[?2026h[?25l[1Gpulling manifest ⠹ [K[?25h[?2026l[?2026h[?25l[1Gpulling manifest ⠸ [K[?25h[?2026l[?2026h[?25l[1Gpulling manifest ⠼ [K[?25h[?2026l[?2026h[?25l[1Gpulling manifest ⠴ [K[?25h[?2026l[?2026h[?25l[1Gpulling manifest ⠦ [K[?25h[?2026l[?2026h[?25l[1Gpulling manifest ⠧ [K[?25h[?2026l[?2026h[?25l[1Gpulling manifest ⠇ [K[?25h[?2026l[?2026h[?25l[1Gpulling manifest ⠏ [K[?25h[?2026l[?2026h[?25l[1Gpulling manifest ⠋ [K[?25h[?2026l[?2026h[?25l[1Gpulling manifest ⠙ [K[?25h[?2026l[?2026h[?25l[1Gpulling manifest ⠹ [K[?25h[?2026l[?2026h[?25l[1Gpulling manifest ⠸ [K[?25h[?2026l[?2026h[?25l[1Gpulling manifest ⠼ [K[?25h[?2026l[?2026h[?25l[1Gpulling manifest ⠴ [K[?25h[?2026l[?2026h[?25l[1Gpulling manifest ⠦ [K[?25h[?2026l[?2026h[?25l[1Gpulling manifest ⠧ [K[?25h[?2026l[?2026h[?25l[1Gpulling manifest ⠇ [K[?25h[?2026l[?2026h[?25l[1Gpulling manifest ⠏ [K[?25h[?2026l[?2026h[?25l[1Gpulling manifest ⠋ [K[?25h[?2026l[?2026h[?25l[1Gpulling manifest ⠙ [K[?25h[?2026l[?2026h[?25l[1Gpulling manifest ⠹ [K[?25h[?2026l[?2026h[?25l[1Gpulling manifest ⠸ [K[?25h[?2026l[?2026h[?25l[1Gpulling manifest ⠼ [K[?25h[?2026l[?2026h[?25l[1Gpulling manifest [K
pulling 60e05f210007:   0% ▕                  ▏  76 KB/4.7 GB                  [K[?25h[?2026l[?2026h[?25l[A[1Gpulling manifest [K
pulling 60e05f210007:   0% ▕                  ▏ 9.5 MB/4.7 GB                  [K[?25h[?2026l[?2026h[?25l[A[1Gpulling manifest [K
pulling 60e05f210007:   0% ▕                  ▏  19 MB/4.7 GB                  [K[?25h[?2026l[?2026h[?25l[A[1Gpulling manifest [K
pulling 60e05f210007:   1% ▕                  ▏  26 MB/4.7 GB                  [K[?25h[?2026l[?2026h[?25l[A[1Gpulling manifest [K
pulling 60e05f210007:   1% ▕                  ▏  40 MB/4.7 GB                  [K[?25h[?2026l[?2026h[?25l[A[1Gpulling manifest [K
pulling 60e05f210007:   1% ▕                  ▏  50 MB/4.7 GB                  [K[?25h[?2026l[?2026h[?25l[A[1Gpulling manifest [K
pulling 60e05f210007:   1% ▕                  ▏  55 MB/4.7 GB                  [K[?25h[?2026l[?2026h[?25l[A[1Gpulling manifest [K
pulling 60e05f210007:   1% ▕                  ▏  69 MB/4.7 GB                  [K[?25h[?2026l[?2026h[?25l[A[1Gpulling manifest [K
pulling 60e05f210007:   2% ▕                  ▏  81 MB/4.7 GB                  [K[?25h[?2026l[?2026h[?25l[A[1Gpulling manifest [K
pulling 60e05f210007:   2% ▕                  ▏  88 MB/4.7 GB                  [K[?25h[?2026l[?2026h[?25l[A[1Gpulling manifest [K
pulling 60e05f210007:   2% ▕                  ▏ 100 MB/4.7 GB  100 MB/s     45s[K[?25h[?2026l[?2026h[?25l[A[1Gpulling manifest [K
pulling 60e05f210007:   2% ▕                  ▏ 112 MB/4.7 GB  100 MB/s     45s[K[?25h[?2026l[?2026h[?25l[A[1Gpulling manifest [K
pulling 60e05f210007:   3% ▕                  ▏ 119 MB/4.7 GB  100 MB/s     45s[K[?25h[?2026l[?2026h[?25l[A[1Gpulling manifest [K
pulling 60e05f210007:   3% ▕                  ▏ 131 MB/4.7 GB  100 MB/s     45s[K[?25h[?2026l[?2026h[?25l[A[1Gpulling manifest [K
pulling 60e05f210007:   3% ▕                  ▏ 144 MB/4.7 GB  100 MB/s     45s[K[?25h[?2026l[?2026h[?25l[A[1Gpulling manifest [K
pulling 60e05f210007:   3% ▕                  ▏ 150 MB/4.7 GB  100 MB/s     45s[K[?25h[?2026l[?2026h[?25l[A[1Gpulling manifest [K
pulling 60e05f210007:   3% ▕                  ▏ 163 MB/4.7 GB  100 MB/s     45s[K[?25h[?2026l[?2026h[?25l[A[1Gpulling manifest [K
pulling 60e05f210007:   4% ▕                  ▏ 175 MB/4.7 GB  100 MB/s     44s[K[?25h[?2026l[?2026h[?25l[A[1Gpulling manifest [K
pulling 60e05f210007:   4% ▕                  ▏ 182 MB/4.7 GB  100 MB/s     44s[K[?25h[?2026l[?2026h[?25l[A[1Gpulling manifest [K
pulling 60e05f210007:   4% ▕                  ▏ 194 MB/4.7 GB  100 MB/s     44s[K[?25h[?2026l[?2026h[?25l[A[1Gpulling manifest [K
pulling 60e05f210007:   4% ▕                  ▏ 207 MB/4.7 GB  103 MB/s     43s[K[?25h[?2026l[?2026h[?25l[A[1Gpulling manifest [K
pulling 60e05f210007:   5% ▕                  ▏ 214 MB/4.7 GB  103 MB/s     43s[K[?25h[?2026l[?2026h[?25l[A[1Gpulling manifest [K
pulling 60e05f210007:   5% ▕                  ▏ 228 MB/4.7 GB  103 MB/s     42s[K[?25h[?2026l[?2026h[?25l[A[1Gpulling manifest [K
pulling 60e05f210007:   5% ▕                  ▏ 240 MB/4.7 GB  103 MB/s     42s[K[?25h[?2026l[?2026h[?25l[A[1Gpulling manifest [K
pulling 60e05f210007:   5% ▕                  ▏ 247 MB/4.7 GB  103 MB/s     42s[K[?25h[?2026l[?2026h[?25l[A[1Gpulling manifest [K
pulling 60e05f210007:   6% ▕                  ▏ 259 MB/4.7 GB  103 MB/s     42s[K[?25h[?2026l[?2026h[?25l[A[1Gpulling manifest [K
pulling 60e05f210007:   6% ▕█                 ▏ 270 MB/4.7 GB  103 MB/s     42s[K[?25h[?2026l[?2026h[?25l[A[1Gpulling manifest [K
pulling 60e05f210007:   6% ▕█                 ▏ 275 MB/4.7 GB  103 MB/s     42s[K[?25h[?2026l[?2026h[?25l[A[1Gpulling manifest [K
pulling 60e05f210007:   6% ▕█                 ▏ 289 MB/4.7 GB  103 MB/s     42s[K[?25h[?2026l[?2026h[?25l[A[1Gpulling manifest [K
pulling 60e05f210007:   6% ▕█                 ▏ 301 MB/4.7 GB  103 MB/s     42s[K[?25h[?2026l[?2026h[?25l[A[1Gpulling manifest [K
pulling 60e05f210007:   7% ▕█                 ▏ 307 MB/4.7 GB  103 MB/s     42s[K[?25h[?2026l[?2026h[?25l[A[1Gpulling manifest [K
pulling 60e05f210007:   7% ▕█                 ▏ 317 MB/4.7 GB  104 MB/s     41s[K[?25h[?2026l[?2026h[?25l[A[1Gpulling manifest [K
pulling 60e05f210007:   7% ▕█                 ▏ 330 MB/4.7 GB  104 MB/s     41s[K[?25h[?2026l[?2026h[?25l[A[1Gpulling manifest [K
pulling 60e05f210007:   7% ▕█                 ▏ 336 MB/4.7 GB  104 MB/s     41s[K[?25h[?2026l[?2026h[?25l[A[1Gpulling manifest [K
pulling 60e05f210007:   7% ▕█                 ▏ 348 MB/4.7 GB  104 MB/s     41s[K[?25h[?2026l[?2026h[?25l[A[1Gpulling manifest [K
pulling 60e05f210007:   8% ▕█                 ▏ 360 MB/4.7 GB  104 MB/s     41s[K[?25h[?2026l[?2026h[?25l[A[1Gpulling manifest [K
pulling 60e05f210007:   8% ▕█                 ▏ 366 MB/4.7 GB  104 MB/s     41s[K[?25h[?2026l[?2026h[?25l[A[1Gpulling manifest [K
pulling 60e05f210007:   8% ▕█                 ▏ 374 MB/4.7 GB  104 MB/s     41s[K[?25h[?2026l[?2026h[?25l[A[1Gpulling manifest [K
pulling 60e05f210007:   8% ▕█                 ▏ 382 MB/4.7 GB  104 MB/s     41s[K[?25h[?2026l[?2026h[?25l[A[1Gpulling manifest [K
pulling 60e05f210007:   8% ▕█                 ▏ 388 MB/4.7 GB  104 MB/s     41s[K[?25h[?2026l[?2026h[?25l[A[1Gpulling manifest [K
pulling 60e05f210007:   9% ▕█                 ▏ 400 MB/4.7 GB  104 MB/s     41s[K[?25h[?2026l[?2026h[?25l[A[1Gpulling manifest [K
pulling 60e05f210007:   9% ▕█                 ▏ 411 MB/4.7 GB  101 MB/s     42s[K[?25h[?2026l[?2026h[?25l[A[1Gpulling manifest [K
pulling 60e05f210007:   9% ▕█                 ▏ 417 MB/4.7 GB  101 MB/s     42s[K[?25h[?2026l[?2026h[?25l[A[1Gpulling manifest [K
pulling 60e05f210007:   9% ▕█                 ▏ 429 MB/4.7 GB  101 MB/s     41s[K[?25h[?2026l[?2026h[?25l[A[1Gpulling manifest [K
pulling 60e05f210007:   9% ▕█                 ▏ 441 MB/4.7 GB  101 MB/s     41s[K[?25h[?2026l[?2026h[?25l[A[1Gpulling manifest [K
pulling 60e05f210007:  10% ▕█                 ▏ 447 MB/4.7 GB  101 MB/s     41s[K[?25h[?2026l[?2026h[?25l[A[1Gpulling manifest [K
pulling 60e05f210007:  10% ▕█                 ▏ 459 MB/4.7 GB  101 MB/s     41s[K[?25h[?2026l[?2026h[?25l[A[1Gpulling manifest [K
pulling 60e05f210007:  10% ▕█                 ▏ 471 MB/4.7 GB  101 MB/s     41s[K[?25h[?2026l[?2026h[?25l[A[1Gpulling manifest [K
pulling 60e05f210007:  10% ▕█                 ▏ 477 MB/4.7 GB  101 MB/s     41s[K[?25h[?2026l[?2026h[?25l[A[1Gpulling manifest [K
pulling 60e05f210007:  10% ▕█                 ▏ 488 MB/4.7 GB  101 MB/s     41s[K[?25h[?2026l[?2026h[?25l[A[1Gpulling manifest [K
pulling 60e05f210007:  11% ▕█                 ▏ 500 MB/4.7 GB  101 MB/s     41s[K[?25h[?2026l[?2026h[?25l[A[1Gpulling manifest [K
pulling 60e05f210007:  11% ▕█                 ▏ 506 MB/4.7 GB  101 MB/s     41s[K[?25h[?2026l[?2026h[?25l[A[1Gpulling manifest [K
pulling 60e05f210007:  11% ▕█                 ▏ 518 MB/4.7 GB  101 MB/s     41s[K[?25h[?2026l[?2026h[?25l[A[1Gpulling manifest [K
pulling 60e05f210007:  11% ▕██                ▏ 530 MB/4.7 GB  101 MB/s     40s[K[?25h[?2026l[?2026h[?25l[A[1Gpulling manifest [K
pulling 60e05f210007:  11% ▕██                ▏ 537 MB/4.7 GB  101 MB/s     40s[K[?25h[?2026l[?2026h[?25l[A[1Gpulling manifest [K
pulling 60e05f210007:  12% ▕██                ▏ 549 MB/4.7 GB  101 MB/s     40s[K[?25h[?2026l[?2026h[?25l[A[1Gpulling manifest [K
pulling 60e05f210007:  12% ▕██                ▏ 561 MB/4.7 GB  101 MB/s     40s[K[?25h[?2026l[?2026h[?25l[A[1Gpulling manifest [K
pulling 60e05f210007:  12% ▕██                ▏ 567 MB/4.7 GB  101 MB/s     40s[K[?25h[?2026l[?2026h[?25l[A[1Gpulling manifest [K
pulling 60e05f210007:  12% ▕██                ▏ 578 MB/4.7 GB  101 MB/s     40s[K[?25h[?2026l[?2026h[?25l[A[1Gpulling manifest [K
pulling 60e05f210007:  13% ▕██                ▏ 591 MB/4.7 GB  101 MB/s     40s[K[?25h[?2026l[?2026h[?25l[A[1Gpulling manifest [K
pulling 60e05f210007:  13% ▕██                ▏ 597 MB/4.7 GB  101 MB/s     40s[K[?25h[?2026l[?2026h[?25l[A[1Gpulling manifest [K
pulling 60e05f210007:  13% ▕██                ▏ 609 MB/4.7 GB  101 MB/s     40s[K[?25h[?2026l[?2026h[?25l[A[1Gpulling manifest [K
pulling 60e05f210007:  13% ▕██                ▏ 620 MB/4.7 GB  101 MB/s     40s[K[?25h[?2026l[?2026h[?25l[A[1Gpulling manifest [K
pulling 60e05f210007:  13% ▕██                ▏ 626 MB/4.7 GB  101 MB/s     39s[K[?25h[?2026l[?2026h[?25l[A[1Gpulling manifest [K
pulling 60e05f210007:  13% ▕██                ▏ 630 MB/4.7 GB  101 MB/s     39s[K[?25h[?2026l[?2026h[?25l[A[1Gpulling manifest [K
pulling 60e05f210007:  14% ▕██                ▏ 642 MB/4.7 GB  101 MB/s     39s[K[?25h[?2026l[?2026h[?25l[A[1Gpulling manifest [K
pulling 60e05f210007:  14% ▕██                ▏ 649 MB/4.7 GB  101 MB/s     39s[K[?25h[?2026l[?2026h[?25l[A[1Gpulling manifest [K
pulling 60e05f210007:  14% ▕██                ▏ 662 MB/4.7 GB  101 MB/s     39s[K[?25h[?2026l[?2026h[?25l[A[1Gpulling manifest [K
pulling 60e05f210007:  14% ▕██                ▏ 676 MB/4.7 GB  101 MB/s     39s[K[?25h[?2026l[?2026h[?25l[A[1Gpulling manifest [K
pulling 60e05f210007:  15% ▕██                ▏ 682 MB/4.7 GB  101 MB/s     39s[K[?25h[?2026l[?2026h[?25l[A[1Gpulling manifest [K
pulling 60e05f210007:  15% ▕██                ▏ 695 MB/4.7 GB  101 MB/s     39s[K[?25h[?2026l[?2026h[?25l[A[1Gpulling manifest [K
pulling 60e05f210007:  15% ▕██                ▏ 707 MB/4.7 GB  101 MB/s     39s[K[?25h[?2026l[?2026h[?25l[A[1Gpulling manifest [K
pulling 60e05f210007:  15% ▕██                ▏ 714 MB/4.7 GB  101 MB/s     39s[K[?25h[?2026l[?2026h[?25l[A[1Gpulling manifest [K
pulling 60e05f210007:  16% ▕██                ▏ 726 MB/4.7 GB  101 MB/s     39s[K[?25h[?2026l[?2026h[?25l[A[1Gpulling manifest [K
pulling 60e05f210007:  16% ▕██                ▏ 738 MB/4.7 GB  101 MB/s     39s[K[?25h[?2026l[?2026h[?25l[A[1Gpulling manifest [K
pulling 60e05f210007:  16% ▕██                ▏ 745 MB/4.7 GB  101 MB/s     38s[K[?25h[?2026l[?2026h[?25l[A[1Gpulling manifest [K
pulling 60e05f210007:  16% ▕██                ▏ 757 MB/4.7 GB  101 MB/s     38s[K[?25h[?2026l[?2026h[?25l[A[1Gpulling manifest [K
pulling 60e05f210007:  16% ▕██                ▏ 768 MB/4.7 GB  101 MB/s     38s[K[?25h[?2026l[?2026h[?25l[A[1Gpulling manifest [K
pulling 60e05f210007:  17% ▕██                ▏ 774 MB/4.7 GB  101 MB/s     38s[K[?25h[?2026l[?2026h[?25l[A[1Gpulling manifest [K
pulling 60e05f210007:  17% ▕███               ▏ 787 MB/4.7 GB  101 MB/s     38s[K[?25h[?2026l[?2026h[?25l[A[1Gpulling manifest [K
pulling 60e05f210007:  17% ▕███               ▏ 800 MB/4.7 GB  101 MB/s     38s[K[?25h[?2026l[?2026h[?25l[A[1Gpulling manifest [K
pulling 60e05f210007:  17% ▕███               ▏ 806 MB/4.7 GB  101 MB/s     38s[K[?25h[?2026l[?2026h[?25l[A[1Gpulling manifest [K
pulling 60e05f210007:  18% ▕███               ▏ 819 MB/4.7 GB  101 MB/s     37s[K[?25h[?2026l[?2026h[?25l[A[1Gpulling manifest [K
pulling 60e05f210007:  18% ▕███               ▏ 830 MB/4.7 GB  101 MB/s     37s[K[?25h[?2026l[?2026h[?25l[A[1Gpulling manifest [K
pulling 60e05f210007:  18% ▕███               ▏ 836 MB/4.7 GB  101 MB/s     37s[K[?25h[?2026l[?2026h[?25l[A[1Gpulling manifest [K
pulling 60e05f210007:  18% ▕███               ▏ 850 MB/4.7 GB  101 MB/s     37s[K[?25h[?2026l[?2026h[?25l[A[1Gpulling manifest [K
pulling 60e05f210007:  18% ▕███               ▏ 862 MB/4.7 GB  101 MB/s     37s[K[?25h[?2026l[?2026h[?25l[A[1Gpulling manifest [K
pulling 60e05f210007:  19% ▕███               ▏ 868 MB/4.7 GB  101 MB/s     37s[K[?25h[?2026l[?2026h[?25l[A[1Gpulling manifest [K
pulling 60e05f210007:  19% ▕███               ▏ 882 MB/4.7 GB  101 MB/s     37s[K[?25h[?2026l[?2026h[?25l[A[1Gpulling manifest [K
pulling 60e05f210007:  19% ▕███               ▏ 894 MB/4.7 GB  101 MB/s     37s[K[?25h[?2026l[?2026h[?25l[A[1Gpulling manifest [K
pulling 60e05f210007:  19% ▕███               ▏ 900 MB/4.7 GB  101 MB/s     37s[K[?25h[?2026l[?2026h[?25l[A[1Gpulling manifest [K
pulling 60e05f210007:  19% ▕███               ▏ 912 MB/4.7 GB  101 MB/s     37s[K[?25h[?2026l[?2026h[?25l[A[1Gpulling manifest [K
pulling 60e05f210007:  20% ▕███               ▏ 924 MB/4.7 GB  102 MB/s     36s[K[?25h[?2026l[?2026h[?25l[A[1Gpulling manifest [K
pulling 60e05f210007:  20% ▕███               ▏ 930 MB/4.7 GB  102 MB/s     36s[K[?25h[?2026l[?2026h[?25l[A[1Gpulling manifest [K
pulling 60e05f210007:  20% ▕███               ▏ 943 MB/4.7 GB  102 MB/s     36s[K[?25h[?2026l[?2026h[?25l[A[1Gpulling manifest [K
pulling 60e05f210007:  20% ▕███               ▏ 953 MB/4.7 GB  102 MB/s     36s[K[?25h[?2026l[?2026h[?25l[A[1Gpulling manifest [K
pulling 60e05f210007:  20% ▕███               ▏ 958 MB/4.7 GB  102 MB/s     36s[K[?25h[?2026l[?2026h[?25l[A[1Gpulling manifest [K
pulling 60e05f210007:  21% ▕███               ▏ 969 MB/4.7 GB  102 MB/s     36s[K[?25h[?2026l[?2026h[?25l[A[1Gpulling manifest [K
pulling 60e05f210007:  21% ▕███               ▏ 975 MB/4.7 GB  102 MB/s     36s[K[?25h[?2026l[?2026h[?25l[A[1Gpulling manifest [K
pulling 60e05f210007:  21% ▕███               ▏ 978 MB/4.7 GB  102 MB/s     36s[K[?25h[?2026l[?2026h[?25l[A[1Gpulling manifest [K
pulling 60e05f210007:  21% ▕███               ▏ 989 MB/4.7 GB  102 MB/s     36s[K[?25h[?2026l[?2026h[?25l[A[1Gpulling manifest [K
pulling 60e05f210007:  21% ▕███               ▏ 1.0 GB/4.7 GB  102 MB/s     36s[K[?25h[?2026l[?2026h[?25l[A[1Gpulling manifest [K
pulling 60e05f210007:  22% ▕███               ▏ 1.0 GB/4.7 GB  100 MB/s     36s[K[?25h[?2026l[?2026h[?25l[A[1Gpulling manifest [K
pulling 60e05f210007:  22% ▕███               ▏ 1.0 GB/4.7 GB  100 MB/s     36s[K[?25h[?2026l[?2026h[?25l[A[1Gpulling manifest [K
pulling 60e05f210007:  22% ▕███               ▏ 1.0 GB/4.7 GB  100 MB/s     36s[K[?25h[?2026l[?2026h[?25l[A[1Gpulling manifest [K
pulling 60e05f210007:  22% ▕███               ▏ 1.0 GB/4.7 GB  100 MB/s     36s[K[?25h[?2026l[?2026h[?25l[A[1Gpulling manifest [K
pulling 60e05f210007:  22% ▕████              ▏ 1.1 GB/4.7 GB  100 MB/s     35s[K[?25h[?2026l[?2026h[?25l[A[1Gpulling manifest [K
pulling 60e05f210007:  23% ▕████              ▏ 1.1 GB/4.7 GB  100 MB/s     35s[K[?25h[?2026l[?2026h[?25l[A[1Gpulling manifest [K
pulling 60e05f210007:  23% ▕████              ▏ 1.1 GB/4.7 GB  100 MB/s     35s[K[?25h[?2026l[?2026h[?25l[A[1Gpulling manifest [K
pulling 60e05f210007:  23% ▕████              ▏ 1.1 GB/4.7 GB  100 MB/s     35s[K[?25h[?2026l[?2026h[?25l[A[1Gpulling manifest [K
pulling 60e05f210007:  23% ▕████              ▏ 1.1 GB/4.7 GB  100 MB/s     35s[K[?25h[?2026l[?2026h[?25l[A[1Gpulling manifest [K
pulling 60e05f210007:  23% ▕████              ▏ 1.1 GB/4.7 GB  100 MB/s     35s[K[?25h[?2026l[?2026h[?25l[A[1Gpulling manifest [K
pulling 60e05f210007:  24% ▕████              ▏ 1.1 GB/4.7 GB  100 MB/s     35s[K[?25h[?2026l[?2026h[?25l[A[1Gpulling manifest [K
pulling 60e05f210007:  24% ▕████              ▏ 1.1 GB/4.7 GB  100 MB/s     35s[K[?25h[?2026l[?2026h[?25l[A[1Gpulling manifest [K
pulling 60e05f210007:  24% ▕████              ▏ 1.1 GB/4.7 GB  100 MB/s     35s[K[?25h[?2026l[?2026h[?25l[A[1Gpulling manifest [K
pulling 60e05f210007:  24% ▕████              ▏ 1.1 GB/4.7 GB  100 MB/s     35s[K[?25h[?2026l[?2026h[?25l[A[1Gpulling manifest [K
pulling 60e05f210007:  25% ▕████              ▏ 1.2 GB/4.7 GB  100 MB/s     35s[K[?25h[?2026l[?2026h[?25l[A[1Gpulling manifest [K
pulling 60e05f210007:  25% ▕████              ▏ 1.2 GB/4.7 GB  100 MB/s     35s[K[?25h[?2026l[?2026h[?25l[A[1Gpulling manifest [K
pulling 60e05f210007:  25% ▕████              ▏ 1.2 GB/4.7 GB  100 MB/s     35s[K[?25h[?2026l[?2026h[?25l[A[1Gpulling manifest [K
pulling 60e05f210007:  25% ▕████              ▏ 1.2 GB/4.7 GB  100 MB/s     34s[K[?25h[?2026l[?2026h[?25l[A[1Gpulling manifest [K
pulling 60e05f210007:  25% ▕████              ▏ 1.2 GB/4.7 GB  100 MB/s     34s[K[?25h[?2026l[?2026h[?25l[A[1Gpulling manifest [K
pulling 60e05f210007:  26% ▕████              ▏ 1.2 GB/4.7 GB  100 MB/s     34s[K[?25h[?2026l[?2026h[?25l[A[1Gpulling manifest [K
pulling 60e05f210007:  26% ▕████              ▏ 1.2 GB/4.7 GB   99 MB/s     34s[K[?25h[?2026l[?2026h[?25l[A[1Gpulling manifest [K
pulling 60e05f210007:  26% ▕████              ▏ 1.2 GB/4.7 GB   99 MB/s     34s[K[?25h[?2026l[?2026h[?25l[A[1Gpulling manifest [K
pulling 60e05f210007:  26% ▕████              ▏ 1.2 GB/4.7 GB   99 MB/s     34s[K[?25h[?2026l[?2026h[?25l[A[1Gpulling manifest [K
pulling 60e05f210007:  26% ▕████              ▏ 1.2 GB/4.7 GB   99 MB/s     34s[K[?25h[?2026l[?2026h[?25l[A[1Gpulling manifest [K
pulling 60e05f210007:  27% ▕████              ▏ 1.2 GB/4.7 GB   99 MB/s     34s[K[?25h[?2026l[?2026h[?25l[A[1Gpulling manifest [K
pulling 60e05f210007:  27% ▕████              ▏ 1.3 GB/4.7 GB   99 MB/s     34s[K[?25h[?2026l[?2026h[?25l[A[1Gpulling manifest [K
pulling 60e05f210007:  27% ▕████              ▏ 1.3 GB/4.7 GB   99 MB/s     34s[K[?25h[?2026l[?2026h[?25l[A[1Gpulling manifest [K
pulling 60e05f210007:  27% ▕████              ▏ 1.3 GB/4.7 GB   99 MB/s     34s[K[?25h[?2026l[?2026h[?25l[A[1Gpulling manifest [K
pulling 60e05f210007:  27% ▕████              ▏ 1.3 GB/4.7 GB   99 MB/s     34s[K[?25h[?2026l[?2026h[?25l[A[1Gpulling manifest [K
pulling 60e05f210007:  28% ▕████              ▏ 1.3 GB/4.7 GB   99 MB/s     33s[K[?25h[?2026l[?2026h[?25l[A[1Gpulling manifest [K
pulling 60e05f210007:  28% ▕█████             ▏ 1.3 GB/4.7 GB   99 MB/s     33s[K[?25h[?2026l[?2026h[?25l[A[1Gpulling manifest [K
pulling 60e05f210007:  28% ▕█████             ▏ 1.3 GB/4.7 GB  100 MB/s     33s[K[?25h[?2026l[?2026h[?25l[A[1Gpulling manifest [K
pulling 60e05f210007:  28% ▕█████             ▏ 1.3 GB/4.7 GB  100 MB/s     33s[K[?25h[?2026l[?2026h[?25l[A[1Gpulling manifest [K
pulling 60e05f210007:  28% ▕█████             ▏ 1.3 GB/4.7 GB  100 MB/s     33s[K[?25h[?2026l[?2026h[?25l[A[1Gpulling manifest [K
pulling 60e05f210007:  29% ▕█████             ▏ 1.3 GB/4.7 GB  100 MB/s     33s[K[?25h[?2026l[?2026h[?25l[A[1Gpulling manifest [K
pulling 60e05f210007:  29% ▕█████             ▏ 1.4 GB/4.7 GB  100 MB/s     33s[K[?25h[?2026l[?2026h[?25l[A[1Gpulling manifest [K
pulling 60e05f210007:  29% ▕█████             ▏ 1.4 GB/4.7 GB  100 MB/s     33s[K[?25h[?2026l[?2026h[?25l[A[1Gpulling manifest [K
pulling 60e05f210007:  29% ▕█████             ▏ 1.4 GB/4.7 GB  100 MB/s     32s[K[?25h[?2026l[?2026h[?25l[A[1Gpulling manifest [K
pulling 60e05f210007:  30% ▕█████             ▏ 1.4 GB/4.7 GB  100 MB/s     32s[K[?25h[?2026l[?2026h[?25l[A[1Gpulling manifest [K
pulling 60e05f210007:  30% ▕█████             ▏ 1.4 GB/4.7 GB  100 MB/s     32s[K[?25h[?2026l[?2026h[?25l[A[1Gpulling manifest [K
pulling 60e05f210007:  30% ▕█████             ▏ 1.4 GB/4.7 GB  100 MB/s     32s[K[?25h[?2026l[?2026h[?25l[A[1Gpulling manifest [K
pulling 60e05f210007:  30% ▕█████             ▏ 1.4 GB/4.7 GB  101 MB/s     32s[K[?25h[?2026l[?2026h[?25l[A[1Gpulling manifest [K
pulling 60e05f210007:  31% ▕█████             ▏ 1.4 GB/4.7 GB  101 MB/s     32s[K[?25h[?2026l[?2026h[?25l[A[1Gpulling manifest [K
pulling 60e05f210007:  31% ▕█████             ▏ 1.4 GB/4.7 GB  101 MB/s     32s[K[?25h[?2026l[?2026h[?25l[A[1Gpulling manifest [K
pulling 60e05f210007:  31% ▕█████             ▏ 1.5 GB/4.7 GB  101 MB/s     31s[K[?25h[?2026l[?2026h[?25l[A[1Gpulling manifest [K
pulling 60e05f210007:  31% ▕█████             ▏ 1.5 GB/4.7 GB  101 MB/s     31s[K[?25h[?2026l[?2026h[?25l[A[1Gpulling manifest [K
pulling 60e05f210007:  31% ▕█████             ▏ 1.5 GB/4.7 GB  101 MB/s     31s[K[?25h[?2026l[?2026h[?25l[A[1Gpulling manifest [K
pulling 60e05f210007:  32% ▕█████             ▏ 1.5 GB/4.7 GB  101 MB/s     31s[K[?25h[?2026l[?2026h[?25l[A[1Gpulling manifest [K
pulling 60e05f210007:  32% ▕█████             ▏ 1.5 GB/4.7 GB  101 MB/s     31s[K[?25h[?2026l[?2026h[?25l[A[1Gpulling manifest [K
pulling 60e05f210007:  32% ▕█████             ▏ 1.5 GB/4.7 GB  101 MB/s     31s[K[?25h[?2026l[?2026h[?25l[A[1Gpulling manifest [K
pulling 60e05f210007:  32% ▕█████             ▏ 1.5 GB/4.7 GB  101 MB/s     31s[K[?25h[?2026l[?2026h[?25l[A[1Gpulling manifest [K
pulling 60e05f210007:  32% ▕█████             ▏ 1.5 GB/4.7 GB  100 MB/s     31s[K[?25h[?2026l[?2026h[?25l[A[1Gpulling manifest [K
pulling 60e05f210007:  32% ▕█████             ▏ 1.5 GB/4.7 GB  100 MB/s     31s[K[?25h[?2026l[?2026h[?25l[A[1Gpulling manifest [K
pulling 60e05f210007:  33% ▕█████             ▏ 1.5 GB/4.7 GB  100 MB/s     31s[K[?25h[?2026l[?2026h[?25l[A[1Gpulling manifest [K
pulling 60e05f210007:  33% ▕█████             ▏ 1.5 GB/4.7 GB  100 MB/s     31s[K[?25h[?2026l[?2026h[?25l[A[1Gpulling manifest [K
pulling 60e05f210007:  33% ▕█████             ▏ 1.5 GB/4.7 GB  100 MB/s     31s[K[?25h[?2026l[?2026h[?25l[A[1Gpulling manifest [K
pulling 60e05f210007:  33% ▕█████             ▏ 1.6 GB/4.7 GB  100 MB/s     31s[K[?25h[?2026l[?2026h[?25l[A[1Gpulling manifest [K
pulling 60e05f210007:  33% ▕██████            ▏ 1.6 GB/4.7 GB  100 MB/s     31s[K[?25h[?2026l[?2026h[?25l[A[1Gpulling manifest [K
pulling 60e05f210007:  34% ▕██████            ▏ 1.6 GB/4.7 GB  100 MB/s     30s[K[?25h[?2026l[?2026h[?25l[A[1Gpulling manifest [K
pulling 60e05f210007:  34% ▕██████            ▏ 1.6 GB/4.7 GB  100 MB/s     30s[K[?25h[?2026l[?2026h[?25l[A[1Gpulling manifest [K
pulling 60e05f210007:  34% ▕██████            ▏ 1.6 GB/4.7 GB  100 MB/s     30s[K[?25h[?2026l[?2026h[?25l[A[1Gpulling manifest [K
pulling 60e05f210007:  34% ▕██████            ▏ 1.6 GB/4.7 GB  100 MB/s     30s[K[?25h[?2026l[?2026h[?25l[A[1Gpulling manifest [K
pulling 60e05f210007:  34% ▕██████            ▏ 1.6 GB/4.7 GB  100 MB/s     30s[K[?25h[?2026l[?2026h[?25l[A[1Gpulling manifest [K
pulling 60e05f210007:  35% ▕██████            ▏ 1.6 GB/4.7 GB  100 MB/s     30s[K[?25h[?2026l[?2026h[?25l[A[1Gpulling manifest [K
pulling 60e05f210007:  35% ▕██████            ▏ 1.6 GB/4.7 GB  100 MB/s     30s[K[?25h[?2026l[?2026h[?25l[A[1Gpulling manifest [K
pulling 60e05f210007:  35% ▕██████            ▏ 1.6 GB/4.7 GB  100 MB/s     30s[K[?25h[?2026l[?2026h[?25l[A[1Gpulling manifest [K
pulling 60e05f210007:  35% ▕██████            ▏ 1.6 GB/4.7 GB  100 MB/s     30s[K[?25h[?2026l[?2026h[?25l[A[1Gpulling manifest [K
pulling 60e05f210007:  36% ▕██████            ▏ 1.7 GB/4.7 GB  100 MB/s     30s[K[?25h[?2026l[?2026h[?25l[A[1Gpulling manifest [K
pulling 60e05f210007:  36% ▕██████            ▏ 1.7 GB/4.7 GB  100 MB/s     30s[K[?25h[?2026l[?2026h[?25l[A[1Gpulling manifest [K
pulling 60e05f210007:  36% ▕██████            ▏ 1.7 GB/4.7 GB  100 MB/s     29s[K[?25h[?2026l[?2026h[?25l[A[1Gpulling manifest [K
pulling 60e05f210007:  36% ▕██████            ▏ 1.7 GB/4.7 GB  100 MB/s     29s[K[?25h[?2026l[?2026h[?25l[A[1Gpulling manifest [K
pulling 60e05f210007:  36% ▕██████            ▏ 1.7 GB/4.7 GB   99 MB/s     30s[K[?25h[?2026l[?2026h[?25l[A[1Gpulling manifest [K
pulling 60e05f210007:  37% ▕██████            ▏ 1.7 GB/4.7 GB   99 MB/s     29s[K[?25h[?2026l[?2026h[?25l[A[1Gpulling manifest [K
pulling 60e05f210007:  37% ▕██████            ▏ 1.7 GB/4.7 GB   99 MB/s     29s[K[?25h[?2026l[?2026h[?25l[A[1Gpulling manifest [K
pulling 60e05f210007:  37% ▕██████            ▏ 1.7 GB/4.7 GB   99 MB/s     29s[K[?25h[?2026l[?2026h[?25l[A[1Gpulling manifest [K
pulling 60e05f210007:  37% ▕██████            ▏ 1.7 GB/4.7 GB   99 MB/s     29s[K[?25h[?2026l[?2026h[?25l[A[1Gpulling manifest [K
pulling 60e05f210007:  37% ▕██████            ▏ 1.7 GB/4.7 GB   99 MB/s     29s[K[?25h[?2026l[?2026h[?25l[A[1Gpulling manifest [K
pulling 60e05f210007:  38% ▕██████            ▏ 1.8 GB/4.7 GB   99 MB/s     29s[K[?25h[?2026l[?2026h[?25l[A[1Gpulling manifest [K
pulling 60e05f210007:  38% ▕██████            ▏ 1.8 GB/4.7 GB   99 MB/s     29s[K[?25h[?2026l[?2026h[?25l[A[1Gpulling manifest [K
pulling 60e05f210007:  38% ▕██████            ▏ 1.8 GB/4.7 GB   99 MB/s     29s[K[?25h[?2026l[?2026h[?25l[A[1Gpulling manifest [K
pulling 60e05f210007:  38% ▕██████            ▏ 1.8 GB/4.7 GB   99 MB/s     29s[K[?25h[?2026l[?2026h[?25l[A[1Gpulling manifest [K
pulling 60e05f210007:  38% ▕██████            ▏ 1.8 GB/4.7 GB   99 MB/s     29s[K[?25h[?2026l[?2026h[?25l[A[1Gpulling manifest [K
pulling 60e05f210007:  39% ▕██████            ▏ 1.8 GB/4.7 GB   98 MB/s     29s[K[?25h[?2026l[?2026h[?25l[A[1Gpulling manifest [K
pulling 60e05f210007:  39% ▕██████            ▏ 1.8 GB/4.7 GB   98 MB/s     29s[K[?25h[?2026l[?2026h[?25l[A[1Gpulling manifest [K
pulling 60e05f210007:  39% ▕███████           ▏ 1.8 GB/4.7 GB   98 MB/s     29s[K[?25h[?2026l[?2026h[?25l[A[1Gpulling manifest [K
pulling 60e05f210007:  39% ▕███████           ▏ 1.8 GB/4.7 GB   98 MB/s     29s[K[?25h[?2026l[?2026h[?25l[A[1Gpulling manifest [K
pulling 60e05f210007:  40% ▕███████           ▏ 1.9 GB/4.7 GB   98 MB/s     28s[K[?25h[?2026l[?2026h[?25l[A[1Gpulling manifest [K
pulling 60e05f210007:  40% ▕███████           ▏ 1.9 GB/4.7 GB   98 MB/s     28s[K[?25h[?2026l[?2026h[?25l[A[1Gpulling manifest [K
pulling 60e05f210007:  40% ▕███████           ▏ 1.9 GB/4.7 GB   98 MB/s     28s[K[?25h[?2026l[?2026h[?25l[A[1Gpulling manifest [K
pulling 60e05f210007:  40% ▕███████           ▏ 1.9 GB/4.7 GB   98 MB/s     28s[K[?25h[?2026l[?2026h[?25l[A[1Gpulling manifest [K
pulling 60e05f210007:  40% ▕███████           ▏ 1.9 GB/4.7 GB   98 MB/s     28s[K[?25h[?2026l[?2026h[?25l[A[1Gpulling manifest [K
pulling 60e05f210007:  41% ▕███████           ▏ 1.9 GB/4.7 GB   98 MB/s     28s[K[?25h[?2026l[?2026h[?25l[A[1Gpulling manifest [K
pulling 60e05f210007:  41% ▕███████           ▏ 1.9 GB/4.7 GB   99 MB/s     27s[K[?25h[?2026l[?2026h[?25l[A[1Gpulling manifest [K
pulling 60e05f210007:  41% ▕███████           ▏ 1.9 GB/4.7 GB   99 MB/s     27s[K[?25h[?2026l[?2026h[?25l[A[1Gpulling manifest [K
pulling 60e05f210007:  41% ▕███████           ▏ 1.9 GB/4.7 GB   99 MB/s     27s[K[?25h[?2026l[?2026h[?25l[A[1Gpulling manifest [K
pulling 60e05f210007:  41% ▕███████           ▏ 1.9 GB/4.7 GB   99 MB/s     27s[K[?25h[?2026l[?2026h[?25l[A[1Gpulling manifest [K
pulling 60e05f210007:  42% ▕███████           ▏ 1.9 GB/4.7 GB   99 MB/s     27s[K[?25h[?2026l[?2026h[?25l[A[1Gpulling manifest [K
pulling 60e05f210007:  42% ▕███████           ▏ 2.0 GB/4.7 GB   99 MB/s     27s[K[?25h[?2026l[?2026h[?25l[A[1Gpulling manifest [K
pulling 60e05f210007:  42% ▕███████           ▏ 2.0 GB/4.7 GB   99 MB/s     27s[K[?25h[?2026l[?2026h[?25l[A[1Gpulling manifest [K
pulling 60e05f210007:  42% ▕███████           ▏ 2.0 GB/4.7 GB   99 MB/s     27s[K[?25h[?2026l[?2026h[?25l[A[1Gpulling manifest [K
pulling 60e05f210007:  42% ▕███████           ▏ 2.0 GB/4.7 GB   99 MB/s     27s[K[?25h[?2026l[?2026h[?25l[A[1Gpulling manifest [K
pulling 60e05f210007:  43% ▕███████           ▏ 2.0 GB/4.7 GB   99 MB/s     26s[K[?25h[?2026l[?2026h[?25l[A[1Gpulling manifest [K
pulling 60e05f210007:  43% ▕███████           ▏ 2.0 GB/4.7 GB   99 MB/s     26s[K[?25h[?2026l[?2026h[?25l[A[1Gpulling manifest [K
pulling 60e05f210007:  43% ▕███████           ▏ 2.0 GB/4.7 GB   99 MB/s     26s[K[?25h[?2026l[?2026h[?25l[A[1Gpulling manifest [K
pulling 60e05f210007:  43% ▕███████           ▏ 2.0 GB/4.7 GB   99 MB/s     26s[K[?25h[?2026l[?2026h[?25l[A[1Gpulling manifest [K
pulling 60e05f210007:  43% ▕███████           ▏ 2.0 GB/4.7 GB   99 MB/s     26s[K[?25h[?2026l[?2026h[?25l[A[1Gpulling manifest [K
pulling 60e05f210007:  44% ▕███████           ▏ 2.0 GB/4.7 GB   99 MB/s     26s[K[?25h[?2026l[?2026h[?25l[A[1Gpulling manifest [K
pulling 60e05f210007:  44% ▕███████           ▏ 2.1 GB/4.7 GB   99 MB/s     26s[K[?25h[?2026l[?2026h[?25l[A[1Gpulling manifest [K
pulling 60e05f210007:  44% ▕███████           ▏ 2.1 GB/4.7 GB   99 MB/s     26s[K[?25h[?2026l[?2026h[?25l[A[1Gpulling manifest [K
pulling 60e05f210007:  44% ▕███████           ▏ 2.1 GB/4.7 GB   99 MB/s     26s[K[?25h[?2026l[?2026h[?25l[A[1Gpulling manifest [K
pulling 60e05f210007:  45% ▕████████          ▏ 2.1 GB/4.7 GB   99 MB/s     26s[K[?25h[?2026l[?2026h[?25l[A[1Gpulling manifest [K
pulling 60e05f210007:  45% ▕████████          ▏ 2.1 GB/4.7 GB   99 MB/s     25s[K[?25h[?2026l[?2026h[?25l[A[1Gpulling manifest [K
pulling 60e05f210007:  45% ▕████████          ▏ 2.1 GB/4.7 GB  100 MB/s     25s[K[?25h[?2026l[?2026h[?25l[A[1Gpulling manifest [K
pulling 60e05f210007:  45% ▕████████          ▏ 2.1 GB/4.7 GB  100 MB/s     25s[K[?25h[?2026l[?2026h[?25l[A[1Gpulling manifest [K
pulling 60e05f210007:  45% ▕████████          ▏ 2.1 GB/4.7 GB  100 MB/s     25s[K[?25h[?2026l[?2026h[?25l[A[1Gpulling manifest [K
pulling 60e05f210007:  46% ▕████████          ▏ 2.1 GB/4.7 GB  100 MB/s     25s[K[?25h[?2026l[?2026h[?25l[A[1Gpulling manifest [K
pulling 60e05f210007:  46% ▕████████          ▏ 2.2 GB/4.7 GB  100 MB/s     25s[K[?25h[?2026l[?2026h[?25l[A[1Gpulling manifest [K
pulling 60e05f210007:  46% ▕████████          ▏ 2.2 GB/4.7 GB  100 MB/s     25s[K[?25h[?2026l[?2026h[?25l[A[1Gpulling manifest [K
pulling 60e05f210007:  46% ▕████████          ▏ 2.2 GB/4.7 GB  100 MB/s     25s[K[?25h[?2026l[?2026h[?25l[A[1Gpulling manifest [K
pulling 60e05f210007:  47% ▕████████          ▏ 2.2 GB/4.7 GB  100 MB/s     24s[K[?25h[?2026l[?2026h[?25l[A[1Gpulling manifest [K
pulling 60e05f210007:  47% ▕████████          ▏ 2.2 GB/4.7 GB  100 MB/s     24s[K[?25h[?2026l[?2026h[?25l[A[1Gpulling manifest [K
pulling 60e05f210007:  47% ▕████████          ▏ 2.2 GB/4.7 GB  100 MB/s     24s[K[?25h[?2026l[?2026h[?25l[A[1Gpulling manifest [K
pulling 60e05f210007:  47% ▕████████          ▏ 2.2 GB/4.7 GB  100 MB/s     24s[K[?25h[?2026l[?2026h[?25l[A[1Gpulling manifest [K
pulling 60e05f210007:  47% ▕████████          ▏ 2.2 GB/4.7 GB  100 MB/s     24s[K[?25h[?2026l[?2026h[?25l[A[1Gpulling manifest [K
pulling 60e05f210007:  48% ▕████████          ▏ 2.2 GB/4.7 GB  100 MB/s     24s[K[?25h[?2026l[?2026h[?25l[A[1Gpulling manifest [K
pulling 60e05f210007:  48% ▕████████          ▏ 2.2 GB/4.7 GB  100 MB/s     24s[K[?25h[?2026l[?2026h[?25l[A[1Gpulling manifest [K
pulling 60e05f210007:  48% ▕████████          ▏ 2.2 GB/4.7 GB  100 MB/s     24s[K[?25h[?2026l[?2026h[?25l[A[1Gpulling manifest [K
pulling 60e05f210007:  48% ▕████████          ▏ 2.3 GB/4.7 GB  100 MB/s     23s[K[?25h[?2026l[?2026h[?25l[A[1Gpulling manifest [K
pulling 60e05f210007:  49% ▕████████          ▏ 2.3 GB/4.7 GB  100 MB/s     23s[K[?25h[?2026l[?2026h[?25l[A[1Gpulling manifest [K
pulling 60e05f210007:  49% ▕████████          ▏ 2.3 GB/4.7 GB  100 MB/s     23s[K[?25h[?2026l[?2026h[?25l[A[1Gpulling manifest [K
pulling 60e05f210007:  49% ▕████████          ▏ 2.3 GB/4.7 GB  100 MB/s     23s[K[?25h[?2026l[?2026h[?25l[A[1Gpulling manifest [K
pulling 60e05f210007:  49% ▕████████          ▏ 2.3 GB/4.7 GB  100 MB/s     23s[K[?25h[?2026l[?2026h[?25l[A[1Gpulling manifest [K
pulling 60e05f210007:  49% ▕████████          ▏ 2.3 GB/4.7 GB  100 MB/s     23s[K[?25h[?2026l[?2026h[?25l[A[1Gpulling manifest [K
pulling 60e05f210007:  49% ▕████████          ▏ 2.3 GB/4.7 GB   99 MB/s     23s[K[?25h[?2026l[?2026h[?25l[A[1Gpulling manifest [K
pulling 60e05f210007:  50% ▕████████          ▏ 2.3 GB/4.7 GB   99 MB/s     23s[K[?25h[?2026l[?2026h[?25l[A[1Gpulling manifest [K
pulling 60e05f210007:  50% ▕████████          ▏ 2.3 GB/4.7 GB   99 MB/s     23s[K[?25h[?2026l[?2026h[?25l[A[1Gpulling manifest [K
pulling 60e05f210007:  50% ▕█████████         ▏ 2.3 GB/4.7 GB   99 MB/s     23s[K[?25h[?2026l[?2026h[?25l[A[1Gpulling manifest [K
pulling 60e05f210007:  50% ▕█████████         ▏ 2.4 GB/4.7 GB   99 MB/s     23s[K[?25h[?2026l[?2026h[?25l[A[1Gpulling manifest [K
pulling 60e05f210007:  50% ▕█████████         ▏ 2.4 GB/4.7 GB   99 MB/s     23s[K[?25h[?2026l[?2026h[?25l[A[1Gpulling manifest [K
pulling 60e05f210007:  51% ▕█████████         ▏ 2.4 GB/4.7 GB   99 MB/s     23s[K[?25h[?2026l[?2026h[?25l[A[1Gpulling manifest [K
pulling 60e05f210007:  51% ▕█████████         ▏ 2.4 GB/4.7 GB   99 MB/s     23s[K[?25h[?2026l[?2026h[?25l[A[1Gpulling manifest [K
pulling 60e05f210007:  51% ▕█████████         ▏ 2.4 GB/4.7 GB   99 MB/s     23s[K[?25h[?2026l[?2026h[?25l[A[1Gpulling manifest [K
pulling 60e05f210007:  51% ▕█████████         ▏ 2.4 GB/4.7 GB   99 MB/s     23s[K[?25h[?2026l[?2026h[?25l[A[1Gpulling manifest [K
pulling 60e05f210007:  51% ▕█████████         ▏ 2.4 GB/4.7 GB   99 MB/s     22s[K[?25h[?2026l[?2026h[?25l[A[1Gpulling manifest [K
pulling 60e05f210007:  52% ▕█████████         ▏ 2.4 GB/4.7 GB   99 MB/s     22s[K[?25h[?2026l[?2026h[?25l[A[1Gpulling manifest [K
pulling 60e05f210007:  52% ▕█████████         ▏ 2.4 GB/4.7 GB   99 MB/s     22s[K[?25h[?2026l[?2026h[?25l[A[1Gpulling manifest [K
pulling 60e05f210007:  52% ▕█████████         ▏ 2.4 GB/4.7 GB   99 MB/s     22s[K[?25h[?2026l[?2026h[?25l[A[1Gpulling manifest [K
pulling 60e05f210007:  52% ▕█████████         ▏ 2.4 GB/4.7 GB   99 MB/s     22s[K[?25h[?2026l[?2026h[?25l[A[1Gpulling manifest [K
pulling 60e05f210007:  52% ▕█████████         ▏ 2.5 GB/4.7 GB   99 MB/s     22s[K[?25h[?2026l[?2026h[?25l[A[1Gpulling manifest [K
pulling 60e05f210007:  53% ▕█████████         ▏ 2.5 GB/4.7 GB   99 MB/s     22s[K[?25h[?2026l[?2026h[?25l[A[1Gpulling manifest [K
pulling 60e05f210007:  53% ▕█████████         ▏ 2.5 GB/4.7 GB   99 MB/s     22s[K[?25h[?2026l[?2026h[?25l[A[1Gpulling manifest [K
pulling 60e05f210007:  53% ▕█████████         ▏ 2.5 GB/4.7 GB   99 MB/s     22s[K[?25h[?2026l[?2026h[?25l[A[1Gpulling manifest [K
pulling 60e05f210007:  53% ▕█████████         ▏ 2.5 GB/4.7 GB   99 MB/s     21s[K[?25h[?2026l[?2026h[?25l[A[1Gpulling manifest [K
pulling 60e05f210007:  53% ▕█████████         ▏ 2.5 GB/4.7 GB   99 MB/s     22s[K[?25h[?2026l[?2026h[?25l[A[1Gpulling manifest [K
pulling 60e05f210007:  54% ▕█████████         ▏ 2.5 GB/4.7 GB   99 MB/s     21s[K[?25h[?2026l[?2026h[?25l[A[1Gpulling manifest [K
pulling 60e05f210007:  54% ▕█████████         ▏ 2.5 GB/4.7 GB   99 MB/s     21s[K[?25h[?2026l[?2026h[?25l[A[1Gpulling manifest [K
pulling 60e05f210007:  54% ▕█████████         ▏ 2.5 GB/4.7 GB   99 MB/s     21s[K[?25h[?2026l[?2026h[?25l[A[1Gpulling manifest [K
pulling 60e05f210007:  54% ▕█████████         ▏ 2.5 GB/4.7 GB   99 MB/s     21s[K[?25h[?2026l[?2026h[?25l[A[1Gpulling manifest [K
pulling 60e05f210007:  54% ▕█████████         ▏ 2.6 GB/4.7 GB   99 MB/s     21s[K[?25h[?2026l[?2026h[?25l[A[1Gpulling manifest [K
pulling 60e05f210007:  55% ▕█████████         ▏ 2.6 GB/4.7 GB   99 MB/s     21s[K[?25h[?2026l[?2026h[?25l[A[1Gpulling manifest [K
pulling 60e05f210007:  55% ▕█████████         ▏ 2.6 GB/4.7 GB   99 MB/s     21s[K[?25h[?2026l[?2026h[?25l[A[1Gpulling manifest [K
pulling 60e05f210007:  55% ▕█████████         ▏ 2.6 GB/4.7 GB   99 MB/s     21s[K[?25h[?2026l[?2026h[?25l[A[1Gpulling manifest [K
pulling 60e05f210007:  55% ▕█████████         ▏ 2.6 GB/4.7 GB   99 MB/s     21s[K[?25h[?2026l[?2026h[?25l[A[1Gpulling manifest [K
pulling 60e05f210007:  55% ▕█████████         ▏ 2.6 GB/4.7 GB   98 MB/s     21s[K[?25h[?2026l[?2026h[?25l[A[1Gpulling manifest [K
pulling 60e05f210007:  56% ▕██████████        ▏ 2.6 GB/4.7 GB   98 MB/s     21s[K[?25h[?2026l[?2026h[?25l[A[1Gpulling manifest [K
pulling 60e05f210007:  56% ▕██████████        ▏ 2.6 GB/4.7 GB   98 MB/s     20s[K[?25h[?2026l[?2026h[?25l[A[1Gpulling manifest [K
pulling 60e05f210007:  56% ▕██████████        ▏ 2.6 GB/4.7 GB   98 MB/s     20s[K[?25h[?2026l[?2026h[?25l[A[1Gpulling manifest [K
pulling 60e05f210007:  56% ▕██████████        ▏ 2.6 GB/4.7 GB   98 MB/s     20s[K[?25h[?2026l[?2026h[?25l[A[1Gpulling manifest [K
pulling 60e05f210007:  56% ▕██████████        ▏ 2.6 GB/4.7 GB   98 MB/s     20s[K[?25h[?2026l[?2026h[?25l[A[1Gpulling manifest [K
pulling 60e05f210007:  57% ▕██████████        ▏ 2.7 GB/4.7 GB   98 MB/s     20s[K[?25h[?2026l[?2026h[?25l[A[1Gpulling manifest [K
pulling 60e05f210007:  57% ▕██████████        ▏ 2.7 GB/4.7 GB   98 MB/s     20s[K[?25h[?2026l[?2026h[?25l[A[1Gpulling manifest [K
pulling 60e05f210007:  57% ▕██████████        ▏ 2.7 GB/4.7 GB   98 MB/s     20s[K[?25h[?2026l[?2026h[?25l[A[1Gpulling manifest [K
pulling 60e05f210007:  57% ▕██████████        ▏ 2.7 GB/4.7 GB   98 MB/s     20s[K[?25h[?2026l[?2026h[?25l[A[1Gpulling manifest [K
pulling 60e05f210007:  57% ▕██████████        ▏ 2.7 GB/4.7 GB   99 MB/s     20s[K[?25h[?2026l[?2026h[?25l[A[1Gpulling manifest [K
pulling 60e05f210007:  58% ▕██████████        ▏ 2.7 GB/4.7 GB   99 MB/s     20s[K[?25h[?2026l[?2026h[?25l[A[1Gpulling manifest [K
pulling 60e05f210007:  58% ▕██████████        ▏ 2.7 GB/4.7 GB   99 MB/s     19s[K[?25h[?2026l[?2026h[?25l[A[1Gpulling manifest [K
pulling 60e05f210007:  58% ▕██████████        ▏ 2.7 GB/4.7 GB   99 MB/s     19s[K[?25h[?2026l[?2026h[?25l[A[1Gpulling manifest [K
pulling 60e05f210007:  58% ▕██████████        ▏ 2.7 GB/4.7 GB   99 MB/s     19s[K[?25h[?2026l[?2026h[?25l[A[1Gpulling manifest [K
pulling 60e05f210007:  58% ▕██████████        ▏ 2.7 GB/4.7 GB   99 MB/s     19s[K[?25h[?2026l[?2026h[?25l[A[1Gpulling manifest [K
pulling 60e05f210007:  59% ▕██████████        ▏ 2.8 GB/4.7 GB   99 MB/s     19s[K[?25h[?2026l[?2026h[?25l[A[1Gpulling manifest [K
pulling 60e05f210007:  59% ▕██████████        ▏ 2.8 GB/4.7 GB   99 MB/s     19s[K[?25h[?2026l[?2026h[?25l[A[1Gpulling manifest [K
pulling 60e05f210007:  59% ▕██████████        ▏ 2.8 GB/4.7 GB   99 MB/s     19s[K[?25h[?2026l[?2026h[?25l[A[1Gpulling manifest [K
pulling 60e05f210007:  59% ▕██████████        ▏ 2.8 GB/4.7 GB   99 MB/s     19s[K[?25h[?2026l[?2026h[?25l[A[1Gpulling manifest [K
pulling 60e05f210007:  59% ▕██████████        ▏ 2.8 GB/4.7 GB   99 MB/s     19s[K[?25h[?2026l[?2026h[?25l[A[1Gpulling manifest [K
pulling 60e05f210007:  60% ▕██████████        ▏ 2.8 GB/4.7 GB   98 MB/s     19s[K[?25h[?2026l[?2026h[?25l[A[1Gpulling manifest [K
pulling 60e05f210007:  60% ▕██████████        ▏ 2.8 GB/4.7 GB   98 MB/s     19s[K[?25h[?2026l[?2026h[?25l[A[1Gpulling manifest [K
pulling 60e05f210007:  60% ▕██████████        ▏ 2.8 GB/4.7 GB   98 MB/s     19s[K[?25h[?2026l[?2026h[?25l[A[1Gpulling manifest [K
pulling 60e05f210007:  60% ▕██████████        ▏ 2.8 GB/4.7 GB   98 MB/s     18s[K[?25h[?2026l[?2026h[?25l[A[1Gpulling manifest [K
pulling 60e05f210007:  61% ▕██████████        ▏ 2.8 GB/4.7 GB   98 MB/s     18s[K[?25h[?2026l[?2026h[?25l[A[1Gpulling manifest [K
pulling 60e05f210007:  61% ▕██████████        ▏ 2.8 GB/4.7 GB   98 MB/s     18s[K[?25h[?2026l[?2026h[?25l[A[1Gpulling manifest [K
pulling 60e05f210007:  61% ▕██████████        ▏ 2.9 GB/4.7 GB   98 MB/s     18s[K[?25h[?2026l[?2026h[?25l[A[1Gpulling manifest [K
pulling 60e05f210007:  61% ▕███████████       ▏ 2.9 GB/4.7 GB   98 MB/s     18s[K[?25h[?2026l[?2026h[?25l[A[1Gpulling manifest [K
pulling 60e05f210007:  61% ▕███████████       ▏ 2.9 GB/4.7 GB   98 MB/s     18s[K[?25h[?2026l[?2026h[?25l[A[1Gpulling manifest [K
pulling 60e05f210007:  62% ▕███████████       ▏ 2.9 GB/4.7 GB   98 MB/s     18s[K[?25h[?2026l[?2026h[?25l[A[1Gpulling manifest [K
pulling 60e05f210007:  62% ▕███████████       ▏ 2.9 GB/4.7 GB   97 MB/s     18s[K[?25h[?2026l[?2026h[?25l[A[1Gpulling manifest [K
pulling 60e05f210007:  62% ▕███████████       ▏ 2.9 GB/4.7 GB   97 MB/s     18s[K[?25h[?2026l[?2026h[?25l[A[1Gpulling manifest [K
pulling 60e05f210007:  62% ▕███████████       ▏ 2.9 GB/4.7 GB   97 MB/s     18s[K[?25h[?2026l[?2026h[?25l[A[1Gpulling manifest [K
pulling 60e05f210007:  62% ▕███████████       ▏ 2.9 GB/4.7 GB   97 MB/s     17s[K[?25h[?2026l[?2026h[?25l[A[1Gpulling manifest [K
pulling 60e05f210007:  63% ▕███████████       ▏ 2.9 GB/4.7 GB   97 MB/s     17s[K[?25h[?2026l[?2026h[?25l[A[1Gpulling manifest [K
pulling 60e05f210007:  63% ▕███████████       ▏ 2.9 GB/4.7 GB   97 MB/s     17s[K[?25h[?2026l[?2026h[?25l[A[1Gpulling manifest [K
pulling 60e05f210007:  63% ▕███████████       ▏ 3.0 GB/4.7 GB   97 MB/s     17s[K[?25h[?2026l[?2026h[?25l[A[1Gpulling manifest [K
pulling 60e05f210007:  63% ▕███████████       ▏ 3.0 GB/4.7 GB   97 MB/s     17s[K[?25h[?2026l[?2026h[?25l[A[1Gpulling manifest [K
pulling 60e05f210007:  63% ▕███████████       ▏ 3.0 GB/4.7 GB   97 MB/s     17s[K[?25h[?2026l[?2026h[?25l[A[1Gpulling manifest [K
pulling 60e05f210007:  64% ▕███████████       ▏ 3.0 GB/4.7 GB   97 MB/s     17s[K[?25h[?2026l[?2026h[?25l[A[1Gpulling manifest [K
pulling 60e05f210007:  64% ▕███████████       ▏ 3.0 GB/4.7 GB   97 MB/s     17s[K[?25h[?2026l[?2026h[?25l[A[1Gpulling manifest [K
pulling 60e05f210007:  64% ▕███████████       ▏ 3.0 GB/4.7 GB   97 MB/s     17s[K[?25h[?2026l[?2026h[?25l[A[1Gpulling manifest [K
pulling 60e05f210007:  64% ▕███████████       ▏ 3.0 GB/4.7 GB   97 MB/s     17s[K[?25h[?2026l[?2026h[?25l[A[1Gpulling manifest [K
pulling 60e05f210007:  64% ▕███████████       ▏ 3.0 GB/4.7 GB   97 MB/s     17s[K[?25h[?2026l[?2026h[?25l[A[1Gpulling manifest [K
pulling 60e05f210007:  65% ▕███████████       ▏ 3.0 GB/4.7 GB   97 MB/s     17s[K[?25h[?2026l[?2026h[?25l[A[1Gpulling manifest [K
pulling 60e05f210007:  65% ▕███████████       ▏ 3.0 GB/4.7 GB   97 MB/s     16s[K[?25h[?2026l[?2026h[?25l[A[1Gpulling manifest [K
pulling 60e05f210007:  65% ▕███████████       ▏ 3.0 GB/4.7 GB   97 MB/s     16s[K[?25h[?2026l[?2026h[?25l[A[1Gpulling manifest [K
pulling 60e05f210007:  65% ▕███████████       ▏ 3.1 GB/4.7 GB   97 MB/s     16s[K[?25h[?2026l[?2026h[?25l[A[1Gpulling manifest [K
pulling 60e05f210007:  65% ▕███████████       ▏ 3.1 GB/4.7 GB   97 MB/s     16s[K[?25h[?2026l[?2026h[?25l[A[1Gpulling manifest [K
pulling 60e05f210007:  66% ▕███████████       ▏ 3.1 GB/4.7 GB   97 MB/s     16s[K[?25h[?2026l[?2026h[?25l[A[1Gpulling manifest [K
pulling 60e05f210007:  66% ▕███████████       ▏ 3.1 GB/4.7 GB   96 MB/s     16s[K[?25h[?2026l[?2026h[?25l[A[1Gpulling manifest [K
pulling 60e05f210007:  66% ▕███████████       ▏ 3.1 GB/4.7 GB   96 MB/s     16s[K[?25h[?2026l[?2026h[?25l[A[1Gpulling manifest [K
pulling 60e05f210007:  66% ▕███████████       ▏ 3.1 GB/4.7 GB   96 MB/s     16s[K[?25h[?2026l[?2026h[?25l[A[1Gpulling manifest [K
pulling 60e05f210007:  67% ▕███████████       ▏ 3.1 GB/4.7 GB   96 MB/s     16s[K[?25h[?2026l[?2026h[?25l[A[1Gpulling manifest [K
pulling 60e05f210007:  67% ▕████████████      ▏ 3.1 GB/4.7 GB   96 MB/s     15s[K[?25h[?2026l[?2026h[?25l[A[1Gpulling manifest [K
pulling 60e05f210007:  67% ▕████████████      ▏ 3.1 GB/4.7 GB   96 MB/s     15s[K[?25h[?2026l[?2026h[?25l[A[1Gpulling manifest [K
pulling 60e05f210007:  67% ▕████████████      ▏ 3.1 GB/4.7 GB   96 MB/s     15s[K[?25h[?2026l[?2026h[?25l[A[1Gpulling manifest [K
pulling 60e05f210007:  67% ▕████████████      ▏ 3.2 GB/4.7 GB   96 MB/s     15s[K[?25h[?2026l[?2026h[?25l[A[1Gpulling manifest [K
pulling 60e05f210007:  68% ▕████████████      ▏ 3.2 GB/4.7 GB   96 MB/s     15s[K[?25h[?2026l[?2026h[?25l[A[1Gpulling manifest [K
pulling 60e05f210007:  68% ▕████████████      ▏ 3.2 GB/4.7 GB   96 MB/s     15s[K[?25h[?2026l[?2026h[?25l[A[1Gpulling manifest [K
pulling 60e05f210007:  68% ▕████████████      ▏ 3.2 GB/4.7 GB   97 MB/s     15s[K[?25h[?2026l[?2026h[?25l[A[1Gpulling manifest [K
pulling 60e05f210007:  68% ▕████████████      ▏ 3.2 GB/4.7 GB   97 MB/s     15s[K[?25h[?2026l[?2026h[?25l[A[1Gpulling manifest [K
pulling 60e05f210007:  69% ▕████████████      ▏ 3.2 GB/4.7 GB   97 MB/s     15s[K[?25h[?2026l[?2026h[?25l[A[1Gpulling manifest [K
pulling 60e05f210007:  69% ▕████████████      ▏ 3.2 GB/4.7 GB   97 MB/s     14s[K[?25h[?2026l[?2026h[?25l[A[1Gpulling manifest [K
pulling 60e05f210007:  69% ▕████████████      ▏ 3.2 GB/4.7 GB   97 MB/s     14s[K[?25h[?2026l[?2026h[?25l[A[1Gpulling manifest [K
pulling 60e05f210007:  69% ▕████████████      ▏ 3.2 GB/4.7 GB   97 MB/s     14s[K[?25h[?2026l[?2026h[?25l[A[1Gpulling manifest [K
pulling 60e05f210007:  69% ▕████████████      ▏ 3.3 GB/4.7 GB   97 MB/s     14s[K[?25h[?2026l[?2026h[?25l[A[1Gpulling manifest [K
pulling 60e05f210007:  70% ▕████████████      ▏ 3.3 GB/4.7 GB   97 MB/s     14s[K[?25h[?2026l[?2026h[?25l[A[1Gpulling manifest [K
pulling 60e05f210007:  70% ▕████████████      ▏ 3.3 GB/4.7 GB   97 MB/s     14s[K[?25h[?2026l[?2026h[?25l[A[1Gpulling manifest [K
pulling 60e05f210007:  70% ▕████████████      ▏ 3.3 GB/4.7 GB   97 MB/s     14s[K[?25h[?2026l[?2026h[?25l[A[1Gpulling manifest [K
pulling 60e05f210007:  70% ▕████████████      ▏ 3.3 GB/4.7 GB   97 MB/s     14s[K[?25h[?2026l[?2026h[?25l[A[1Gpulling manifest [K
pulling 60e05f210007:  71% ▕████████████      ▏ 3.3 GB/4.7 GB   99 MB/s     13s[K[?25h[?2026l[?2026h[?25l[A[1Gpulling manifest [K
pulling 60e05f210007:  71% ▕████████████      ▏ 3.3 GB/4.7 GB   99 MB/s     13s[K[?25h[?2026l[?2026h[?25l[A[1Gpulling manifest [K
pulling 60e05f210007:  71% ▕████████████      ▏ 3.3 GB/4.7 GB   99 MB/s     13s[K[?25h[?2026l[?2026h[?25l[A[1Gpulling manifest [K
pulling 60e05f210007:  71% ▕████████████      ▏ 3.3 GB/4.7 GB   99 MB/s     13s[K[?25h[?2026l[?2026h[?25l[A[1Gpulling manifest [K
pulling 60e05f210007:  71% ▕████████████      ▏ 3.3 GB/4.7 GB   99 MB/s     13s[K[?25h[?2026l[?2026h[?25l[A[1Gpulling manifest [K
pulling 60e05f210007:  72% ▕████████████      ▏ 3.3 GB/4.7 GB   99 MB/s     13s[K[?25h[?2026l[?2026h[?25l[A[1Gpulling manifest [K
pulling 60e05f210007:  72% ▕████████████      ▏ 3.4 GB/4.7 GB   99 MB/s     13s[K[?25h[?2026l[?2026h[?25l[A[1Gpulling manifest [K
pulling 60e05f210007:  72% ▕████████████      ▏ 3.4 GB/4.7 GB   99 MB/s     13s[K[?25h[?2026l[?2026h[?25l[A[1Gpulling manifest [K
pulling 60e05f210007:  72% ▕████████████      ▏ 3.4 GB/4.7 GB   99 MB/s     13s[K[?25h[?2026l[?2026h[?25l[A[1Gpulling manifest [K
pulling 60e05f210007:  72% ▕█████████████     ▏ 3.4 GB/4.7 GB   99 MB/s     13s[K[?25h[?2026l[?2026h[?25l[A[1Gpulling manifest [K
pulling 60e05f210007:  73% ▕█████████████     ▏ 3.4 GB/4.7 GB   99 MB/s     12s[K[?25h[?2026l[?2026h[?25l[A[1Gpulling manifest [K
pulling 60e05f210007:  73% ▕█████████████     ▏ 3.4 GB/4.7 GB   99 MB/s     12s[K[?25h[?2026l[?2026h[?25l[A[1Gpulling manifest [K
pulling 60e05f210007:  73% ▕█████████████     ▏ 3.4 GB/4.7 GB   99 MB/s     12s[K[?25h[?2026l[?2026h[?25l[A[1Gpulling manifest [K
pulling 60e05f210007:  73% ▕█████████████     ▏ 3.4 GB/4.7 GB   99 MB/s     12s[K[?25h[?2026l[?2026h[?25l[A[1Gpulling manifest [K
pulling 60e05f210007:  74% ▕█████████████     ▏ 3.4 GB/4.7 GB   99 MB/s     12s[K[?25h[?2026l[?2026h[?25l[A[1Gpulling manifest [K
pulling 60e05f210007:  74% ▕█████████████     ▏ 3.5 GB/4.7 GB   99 MB/s     12s[K[?25h[?2026l[?2026h[?25l[A[1Gpulling manifest [K
pulling 60e05f210007:  74% ▕█████████████     ▏ 3.5 GB/4.7 GB   99 MB/s     12s[K[?25h[?2026l[?2026h[?25l[A[1Gpulling manifest [K
pulling 60e05f210007:  74% ▕█████████████     ▏ 3.5 GB/4.7 GB   99 MB/s     12s[K[?25h[?2026l[?2026h[?25l[A[1Gpulling manifest [K
pulling 60e05f210007:  74% ▕█████████████     ▏ 3.5 GB/4.7 GB   99 MB/s     11s[K[?25h[?2026l[?2026h[?25l[A[1Gpulling manifest [K
pulling 60e05f210007:  75% ▕█████████████     ▏ 3.5 GB/4.7 GB   99 MB/s     11s[K[?25h[?2026l[?2026h[?25l[A[1Gpulling manifest [K
pulling 60e05f210007:  75% ▕█████████████     ▏ 3.5 GB/4.7 GB  101 MB/s     11s[K[?25h[?2026l[?2026h[?25l[A[1Gpulling manifest [K
pulling 60e05f210007:  75% ▕█████████████     ▏ 3.5 GB/4.7 GB  101 MB/s     11s[K[?25h[?2026l[?2026h[?25l[A[1Gpulling manifest [K
pulling 60e05f210007:  75% ▕█████████████     ▏ 3.5 GB/4.7 GB  101 MB/s     11s[K[?25h[?2026l[?2026h[?25l[A[1Gpulling manifest [K
pulling 60e05f210007:  75% ▕█████████████     ▏ 3.5 GB/4.7 GB  101 MB/s     11s[K[?25h[?2026l[?2026h[?25l[A[1Gpulling manifest [K
pulling 60e05f210007:  76% ▕█████████████     ▏ 3.5 GB/4.7 GB  101 MB/s     11s[K[?25h[?2026l[?2026h[?25l[A[1Gpulling manifest [K
pulling 60e05f210007:  76% ▕█████████████     ▏ 3.6 GB/4.7 GB  101 MB/s     11s[K[?25h[?2026l[?2026h[?25l[A[1Gpulling manifest [K
pulling 60e05f210007:  76% ▕█████████████     ▏ 3.6 GB/4.7 GB  101 MB/s     11s[K[?25h[?2026l[?2026h[?25l[A[1Gpulling manifest [K
pulling 60e05f210007:  76% ▕█████████████     ▏ 3.6 GB/4.7 GB  101 MB/s     10s[K[?25h[?2026l[?2026h[?25l[A[1Gpulling manifest [K
pulling 60e05f210007:  76% ▕█████████████     ▏ 3.6 GB/4.7 GB  101 MB/s     10s[K[?25h[?2026l[?2026h[?25l[A[1Gpulling manifest [K
pulling 60e05f210007:  77% ▕█████████████     ▏ 3.6 GB/4.7 GB  101 MB/s     10s[K[?25h[?2026l[?2026h[?25l[A[1Gpulling manifest [K
pulling 60e05f210007:  77% ▕█████████████     ▏ 3.6 GB/4.7 GB  100 MB/s     10s[K[?25h[?2026l[?2026h[?25l[A[1Gpulling manifest [K
pulling 60e05f210007:  77% ▕█████████████     ▏ 3.6 GB/4.7 GB  100 MB/s     10s[K[?25h[?2026l[?2026h[?25l[A[1Gpulling manifest [K
pulling 60e05f210007:  77% ▕█████████████     ▏ 3.6 GB/4.7 GB  100 MB/s     10s[K[?25h[?2026l[?2026h[?25l[A[1Gpulling manifest [K
pulling 60e05f210007:  77% ▕█████████████     ▏ 3.6 GB/4.7 GB  100 MB/s     10s[K[?25h[?2026l[?2026h[?25l[A[1Gpulling manifest [K
pulling 60e05f210007:  78% ▕█████████████     ▏ 3.6 GB/4.7 GB  100 MB/s     10s[K[?25h[?2026l[?2026h[?25l[A[1Gpulling manifest [K
pulling 60e05f210007:  78% ▕██████████████    ▏ 3.6 GB/4.7 GB  100 MB/s     10s[K[?25h[?2026l[?2026h[?25l[A[1Gpulling manifest [K
pulling 60e05f210007:  78% ▕██████████████    ▏ 3.7 GB/4.7 GB  100 MB/s     10s[K[?25h[?2026l[?2026h[?25l[A[1Gpulling manifest [K
pulling 60e05f210007:  78% ▕██████████████    ▏ 3.7 GB/4.7 GB  100 MB/s     10s[K[?25h[?2026l[?2026h[?25l[A[1Gpulling manifest [K
pulling 60e05f210007:  78% ▕██████████████    ▏ 3.7 GB/4.7 GB  100 MB/s     10s[K[?25h[?2026l[?2026h[?25l[A[1Gpulling manifest [K
pulling 60e05f210007:  79% ▕██████████████    ▏ 3.7 GB/4.7 GB  100 MB/s      9s[K[?25h[?2026l[?2026h[?25l[A[1Gpulling manifest [K
pulling 60e05f210007:  79% ▕██████████████    ▏ 3.7 GB/4.7 GB  100 MB/s      9s[K[?25h[?2026l[?2026h[?25l[A[1Gpulling manifest [K
pulling 60e05f210007:  79% ▕██████████████    ▏ 3.7 GB/4.7 GB  100 MB/s      9s[K[?25h[?2026l[?2026h[?25l[A[1Gpulling manifest [K
pulling 60e05f210007:  79% ▕██████████████    ▏ 3.7 GB/4.7 GB  100 MB/s      9s[K[?25h[?2026l[?2026h[?25l[A[1Gpulling manifest [K
pulling 60e05f210007:  80% ▕██████████████    ▏ 3.7 GB/4.7 GB  100 MB/s      9s[K[?25h[?2026l[?2026h[?25l[A[1Gpulling manifest [K
pulling 60e05f210007:  80% ▕██████████████    ▏ 3.7 GB/4.7 GB  100 MB/s      9s[K[?25h[?2026l[?2026h[?25l[A[1Gpulling manifest [K
pulling 60e05f210007:  80% ▕██████████████    ▏ 3.7 GB/4.7 GB  100 MB/s      9s[K[?25h[?2026l[?2026h[?25l[A[1Gpulling manifest [K
pulling 60e05f210007:  80% ▕██████████████    ▏ 3.8 GB/4.7 GB  100 MB/s      9s[K[?25h[?2026l[?2026h[?25l[A[1Gpulling manifest [K
pulling 60e05f210007:  80% ▕██████████████    ▏ 3.8 GB/4.7 GB  100 MB/s      9s[K[?25h[?2026l[?2026h[?25l[A[1Gpulling manifest [K
pulling 60e05f210007:  81% ▕██████████████    ▏ 3.8 GB/4.7 GB  100 MB/s      8s[K[?25h[?2026l[?2026h[?25l[A[1Gpulling manifest [K
pulling 60e05f210007:  81% ▕██████████████    ▏ 3.8 GB/4.7 GB  100 MB/s      8s[K[?25h[?2026l[?2026h[?25l[A[1Gpulling manifest [K
pulling 60e05f210007:  81% ▕██████████████    ▏ 3.8 GB/4.7 GB  100 MB/s      8s[K[?25h[?2026l[?2026h[?25l[A[1Gpulling manifest [K
pulling 60e05f210007:  81% ▕██████████████    ▏ 3.8 GB/4.7 GB  101 MB/s      8s[K[?25h[?2026l[?2026h[?25l[A[1Gpulling manifest [K
pulling 60e05f210007:  82% ▕██████████████    ▏ 3.8 GB/4.7 GB  101 MB/s      8s[K[?25h[?2026l[?2026h[?25l[A[1Gpulling manifest [K
pulling 60e05f210007:  82% ▕██████████████    ▏ 3.8 GB/4.7 GB  101 MB/s      8s[K[?25h[?2026l[?2026h[?25l[A[1Gpulling manifest [K
pulling 60e05f210007:  82% ▕██████████████    ▏ 3.8 GB/4.7 GB  101 MB/s      8s[K[?25h[?2026l[?2026h[?25l[A[1Gpulling manifest [K
pulling 60e05f210007:  82% ▕██████████████    ▏ 3.9 GB/4.7 GB  101 MB/s      8s[K[?25h[?2026l[?2026h[?25l[A[1Gpulling manifest [K
pulling 60e05f210007:  82% ▕██████████████    ▏ 3.9 GB/4.7 GB  101 MB/s      8s[K[?25h[?2026l[?2026h[?25l[A[1Gpulling manifest [K
pulling 60e05f210007:  83% ▕██████████████    ▏ 3.9 GB/4.7 GB  101 MB/s      7s[K[?25h[?2026l[?2026h[?25l[A[1Gpulling manifest [K
pulling 60e05f210007:  83% ▕██████████████    ▏ 3.9 GB/4.7 GB  101 MB/s      7s[K[?25h[?2026l[?2026h[?25l[A[1Gpulling manifest [K
pulling 60e05f210007:  83% ▕██████████████    ▏ 3.9 GB/4.7 GB  101 MB/s      7s[K[?25h[?2026l[?2026h[?25l[A[1Gpulling manifest [K
pulling 60e05f210007:  83% ▕███████████████   ▏ 3.9 GB/4.7 GB  101 MB/s      7s[K[?25h[?2026l[?2026h[?25l[A[1Gpulling manifest [K
pulling 60e05f210007:  84% ▕███████████████   ▏ 3.9 GB/4.7 GB  103 MB/s      7s[K[?25h[?2026l[?2026h[?25l[A[1Gpulling manifest [K
pulling 60e05f210007:  84% ▕███████████████   ▏ 3.9 GB/4.7 GB  103 MB/s      7s[K[?25h[?2026l[?2026h[?25l[A[1Gpulling manifest [K
pulling 60e05f210007:  84% ▕███████████████   ▏ 3.9 GB/4.7 GB  103 MB/s      7s[K[?25h[?2026l[?2026h[?25l[A[1Gpulling manifest [K
pulling 60e05f210007:  84% ▕███████████████   ▏ 4.0 GB/4.7 GB  103 MB/s      7s[K[?25h[?2026l[?2026h[?25l[A[1Gpulling manifest [K
pulling 60e05f210007:  84% ▕███████████████   ▏ 4.0 GB/4.7 GB  103 MB/s      7s[K[?25h[?2026l[?2026h[?25l[A[1Gpulling manifest [K
pulling 60e05f210007:  85% ▕███████████████   ▏ 4.0 GB/4.7 GB  103 MB/s      6s[K[?25h[?2026l[?2026h[?25l[A[1Gpulling manifest [K
pulling 60e05f210007:  85% ▕███████████████   ▏ 4.0 GB/4.7 GB  103 MB/s      6s[K[?25h[?2026l[?2026h[?25l[A[1Gpulling manifest [K
pulling 60e05f210007:  85% ▕███████████████   ▏ 4.0 GB/4.7 GB  103 MB/s      6s[K[?25h[?2026l[?2026h[?25l[A[1Gpulling manifest [K
pulling 60e05f210007:  85% ▕███████████████   ▏ 4.0 GB/4.7 GB  103 MB/s      6s[K[?25h[?2026l[?2026h[?25l[A[1Gpulling manifest [K
pulling 60e05f210007:  86% ▕███████████████   ▏ 4.0 GB/4.7 GB  103 MB/s      6s[K[?25h[?2026l[?2026h[?25l[A[1Gpulling manifest [K
pulling 60e05f210007:  86% ▕███████████████   ▏ 4.0 GB/4.7 GB  102 MB/s      6s[K[?25h[?2026l[?2026h[?25l[A[1Gpulling manifest [K
pulling 60e05f210007:  86% ▕███████████████   ▏ 4.0 GB/4.7 GB  102 MB/s      6s[K[?25h[?2026l[?2026h[?25l[A[1Gpulling manifest [K
pulling 60e05f210007:  86% ▕███████████████   ▏ 4.0 GB/4.7 GB  102 MB/s      6s[K[?25h[?2026l[?2026h[?25l[A[1Gpulling manifest [K
pulling 60e05f210007:  86% ▕███████████████   ▏ 4.0 GB/4.7 GB  102 MB/s      6s[K[?25h[?2026l[?2026h[?25l[A[1Gpulling manifest [K
pulling 60e05f210007:  87% ▕███████████████   ▏ 4.1 GB/4.7 GB  102 MB/s      6s[K[?25h[?2026l[?2026h[?25l[A[1Gpulling manifest [K
pulling 60e05f210007:  87% ▕███████████████   ▏ 4.1 GB/4.7 GB  102 MB/s      6s[K[?25h[?2026l[?2026h[?25l[A[1Gpulling manifest [K
pulling 60e05f210007:  87% ▕███████████████   ▏ 4.1 GB/4.7 GB  102 MB/s      6s[K[?25h[?2026l[?2026h[?25l[A[1Gpulling manifest [K
pulling 60e05f210007:  87% ▕███████████████   ▏ 4.1 GB/4.7 GB  102 MB/s      5s[K[?25h[?2026l[?2026h[?25l[A[1Gpulling manifest [K
pulling 60e05f210007:  87% ▕███████████████   ▏ 4.1 GB/4.7 GB  102 MB/s      5s[K[?25h[?2026l[?2026h[?25l[A[1Gpulling manifest [K
pulling 60e05f210007:  87% ▕███████████████   ▏ 4.1 GB/4.7 GB  102 MB/s      5s[K[?25h[?2026l[?2026h[?25l[A[1Gpulling manifest [K
pulling 60e05f210007:  88% ▕███████████████   ▏ 4.1 GB/4.7 GB  102 MB/s      5s[K[?25h[?2026l[?2026h[?25l[A[1Gpulling manifest [K
pulling 60e05f210007:  88% ▕███████████████   ▏ 4.1 GB/4.7 GB  102 MB/s      5s[K[?25h[?2026l[?2026h[?25l[A[1Gpulling manifest [K
pulling 60e05f210007:  88% ▕███████████████   ▏ 4.1 GB/4.7 GB  102 MB/s      5s[K[?25h[?2026l[?2026h[?25l[A[1Gpulling manifest [K
pulling 60e05f210007:  88% ▕███████████████   ▏ 4.1 GB/4.7 GB  102 MB/s      5s[K[?25h[?2026l[?2026h[?25l[A[1Gpulling manifest [K
pulling 60e05f210007:  89% ▕███████████████   ▏ 4.2 GB/4.7 GB  102 MB/s      5s[K[?25h[?2026l[?2026h[?25l[A[1Gpulling manifest [K
pulling 60e05f210007:  89% ▕███████████████   ▏ 4.2 GB/4.7 GB  102 MB/s      5s[K[?25h[?2026l[?2026h[?25l[A[1Gpulling manifest [K
pulling 60e05f210007:  89% ▕████████████████  ▏ 4.2 GB/4.7 GB  102 MB/s      5s[K[?25h[?2026l[?2026h[?25l[A[1Gpulling manifest [K
pulling 60e05f210007:  89% ▕████████████████  ▏ 4.2 GB/4.7 GB  102 MB/s      4s[K[?25h[?2026l[?2026h[?25l[A[1Gpulling manifest [K
pulling 60e05f210007:  89% ▕████████████████  ▏ 4.2 GB/4.7 GB  102 MB/s      4s[K[?25h[?2026l[?2026h[?25l[A[1Gpulling manifest [K
pulling 60e05f210007:  90% ▕████████████████  ▏ 4.2 GB/4.7 GB  102 MB/s      4s[K[?25h[?2026l[?2026h[?25l[A[1Gpulling manifest [K
pulling 60e05f210007:  90% ▕████████████████  ▏ 4.2 GB/4.7 GB  101 MB/s      4s[K[?25h[?2026l[?2026h[?25l[A[1Gpulling manifest [K
pulling 60e05f210007:  90% ▕████████████████  ▏ 4.2 GB/4.7 GB  101 MB/s      4s[K[?25h[?2026l[?2026h[?25l[A[1Gpulling manifest [K
pulling 60e05f210007:  90% ▕████████████████  ▏ 4.2 GB/4.7 GB  101 MB/s      4s[K[?25h[?2026l[?2026h[?25l[A[1Gpulling manifest [K
pulling 60e05f210007:  90% ▕████████████████  ▏ 4.2 GB/4.7 GB  101 MB/s      4s[K[?25h[?2026l[?2026h[?25l[A[1Gpulling manifest [K
pulling 60e05f210007:  90% ▕████████████████  ▏ 4.2 GB/4.7 GB  101 MB/s      4s[K[?25h[?2026l[?2026h[?25l[A[1Gpulling manifest [K
pulling 60e05f210007:  91% ▕████████████████  ▏ 4.2 GB/4.7 GB  101 MB/s      4s[K[?25h[?2026l[?2026h[?25l[A[1Gpulling manifest [K
pulling 60e05f210007:  91% ▕████████████████  ▏ 4.3 GB/4.7 GB  101 MB/s      4s[K[?25h[?2026l[?2026h[?25l[A[1Gpulling manifest [K
pulling 60e05f210007:  91% ▕████████████████  ▏ 4.3 GB/4.7 GB  101 MB/s      4s[K[?25h[?2026l[?2026h[?25l[A[1Gpulling manifest [K
pulling 60e05f210007:  91% ▕████████████████  ▏ 4.3 GB/4.7 GB  101 MB/s      4s[K[?25h[?2026l[?2026h[?25l[A[1Gpulling manifest [K
pulling 60e05f210007:  91% ▕████████████████  ▏ 4.3 GB/4.7 GB  101 MB/s      4s[K[?25h[?2026l[?2026h[?25l[A[1Gpulling manifest [K
pulling 60e05f210007:  91% ▕████████████████  ▏ 4.3 GB/4.7 GB  101 MB/s      4s[K[?25h[?2026l[?2026h[?25l[A[1Gpulling manifest [K
pulling 60e05f210007:  91% ▕████████████████  ▏ 4.3 GB/4.7 GB   97 MB/s      4s[K[?25h[?2026l[?2026h[?25l[A[1Gpulling manifest [K
pulling 60e05f210007:  91% ▕████████████████  ▏ 4.3 GB/4.7 GB   97 MB/s      4s[K[?25h[?2026l[?2026h[?25l[A[1Gpulling manifest [K
pulling 60e05f210007:  91% ▕████████████████  ▏ 4.3 GB/4.7 GB   97 MB/s      4s[K[?25h[?2026l[?2026h[?25l[A[1Gpulling manifest [K
pulling 60e05f210007:  91% ▕████████████████  ▏ 4.3 GB/4.7 GB   97 MB/s      4s[K[?25h[?2026l[?2026h[?25l[A[1Gpulling manifest [K
pulling 60e05f210007:  92% ▕████████████████  ▏ 4.3 GB/4.7 GB   97 MB/s      4s[K[?25h[?2026l[?2026h[?25l[A[1Gpulling manifest [K
pulling 60e05f210007:  92% ▕████████████████  ▏ 4.3 GB/4.7 GB   97 MB/s      4s[K[?25h[?2026l[?2026h[?25l[A[1Gpulling manifest [K
pulling 60e05f210007:  92% ▕████████████████  ▏ 4.3 GB/4.7 GB   97 MB/s      3s[K[?25h[?2026l[?2026h[?25l[A[1Gpulling manifest [K
pulling 60e05f210007:  92% ▕████████████████  ▏ 4.3 GB/4.7 GB   97 MB/s      3s[K[?25h[?2026l[?2026h[?25l[A[1Gpulling manifest [K
pulling 60e05f210007:  92% ▕████████████████  ▏ 4.3 GB/4.7 GB   97 MB/s      3s[K[?25h[?2026l[?2026h[?25l[A[1Gpulling manifest [K
pulling 60e05f210007:  92% ▕████████████████  ▏ 4.3 GB/4.7 GB   97 MB/s      3s[K[?25h[?2026l[?2026h[?25l[A[1Gpulling manifest [K
pulling 60e05f210007:  92% ▕████████████████  ▏ 4.3 GB/4.7 GB   88 MB/s      4s[K[?25h[?2026l[?2026h[?25l[A[1Gpulling manifest [K
pulling 60e05f210007:  92% ▕████████████████  ▏ 4.3 GB/4.7 GB   88 MB/s      4s[K[?25h[?2026l[?2026h[?25l[A[1Gpulling manifest [K
pulling 60e05f210007:  92% ▕████████████████  ▏ 4.3 GB/4.7 GB   88 MB/s      4s[K[?25h[?2026l[?2026h[?25l[A[1Gpulling manifest [K
pulling 60e05f210007:  92% ▕████████████████  ▏ 4.3 GB/4.7 GB   88 MB/s      4s[K[?25h[?2026l[?2026h[?25l[A[1Gpulling manifest [K
pulling 60e05f210007:  92% ▕████████████████  ▏ 4.3 GB/4.7 GB   88 MB/s      4s[K[?25h[?2026l[?2026h[?25l[A[1Gpulling manifest [K
pulling 60e05f210007:  92% ▕████████████████  ▏ 4.3 GB/4.7 GB   88 MB/s      4s[K[?25h[?2026l[?2026h[?25l[A[1Gpulling manifest [K
pulling 60e05f210007:  92% ▕████████████████  ▏ 4.3 GB/4.7 GB   88 MB/s      3s[K[?25h[?2026l[?2026h[?25l[A[1Gpulling manifest [K
pulling 60e05f210007:  93% ▕████████████████  ▏ 4.3 GB/4.7 GB   88 MB/s      3s[K[?25h[?2026l[?2026h[?25l[A[1Gpulling manifest [K
pulling 60e05f210007:  93% ▕████████████████  ▏ 4.3 GB/4.7 GB   88 MB/s      3s[K[?25h[?2026l[?2026h[?25l[A[1Gpulling manifest [K
pulling 60e05f210007:  93% ▕████████████████  ▏ 4.3 GB/4.7 GB   88 MB/s      3s[K[?25h[?2026l[?2026h[?25l[A[1Gpulling manifest [K
pulling 60e05f210007:  93% ▕████████████████  ▏ 4.3 GB/4.7 GB   83 MB/s      4s[K[?25h[?2026l[?2026h[?25l[A[1Gpulling manifest [K
pulling 60e05f210007:  93% ▕████████████████  ▏ 4.4 GB/4.7 GB   83 MB/s      3s[K[?25h[?2026l[?2026h[?25l[A[1Gpulling manifest [K
pulling 60e05f210007:  93% ▕████████████████  ▏ 4.4 GB/4.7 GB   83 MB/s      3s[K[?25h[?2026l[?2026h[?25l[A[1Gpulling manifest [K
pulling 60e05f210007:  93% ▕████████████████  ▏ 4.4 GB/4.7 GB   83 MB/s      3s[K[?25h[?2026l[?2026h[?25l[A[1Gpulling manifest [K
pulling 60e05f210007:  93% ▕████████████████  ▏ 4.4 GB/4.7 GB   83 MB/s      3s[K[?25h[?2026l[?2026h[?25l[A[1Gpulling manifest [K
pulling 60e05f210007:  93% ▕████████████████  ▏ 4.4 GB/4.7 GB   83 MB/s      3s[K[?25h[?2026l[?2026h[?25l[A[1Gpulling manifest [K
pulling 60e05f210007:  93% ▕████████████████  ▏ 4.4 GB/4.7 GB   83 MB/s      3s[K[?25h[?2026l[?2026h[?25l[A[1Gpulling manifest [K
pulling 60e05f210007:  93% ▕████████████████  ▏ 4.4 GB/4.7 GB   83 MB/s      3s[K[?25h[?2026l[?2026h[?25l[A[1Gpulling manifest [K
pulling 60e05f210007:  94% ▕████████████████  ▏ 4.4 GB/4.7 GB   83 MB/s      3s[K[?25h[?2026l[?2026h[?25l[A[1Gpulling manifest [K
pulling 60e05f210007:  94% ▕████████████████  ▏ 4.4 GB/4.7 GB   83 MB/s      3s[K[?25h[?2026l[?2026h[?25l[A[1Gpulling manifest [K
pulling 60e05f210007:  94% ▕████████████████  ▏ 4.4 GB/4.7 GB   77 MB/s      3s[K[?25h[?2026l[?2026h[?25l[A[1Gpulling manifest [K
pulling 60e05f210007:  94% ▕████████████████  ▏ 4.4 GB/4.7 GB   77 MB/s      3s[K[?25h[?2026l[?2026h[?25l[A[1Gpulling manifest [K
pulling 60e05f210007:  94% ▕████████████████  ▏ 4.4 GB/4.7 GB   77 MB/s      3s[K[?25h[?2026l[?2026h[?25l[A[1Gpulling manifest [K
pulling 60e05f210007:  94% ▕████████████████  ▏ 4.4 GB/4.7 GB   77 MB/s      3s[K[?25h[?2026l[?2026h[?25l[A[1Gpulling manifest [K
pulling 60e05f210007:  94% ▕████████████████  ▏ 4.4 GB/4.7 GB   77 MB/s      3s[K[?25h[?2026l[?2026h[?25l[A[1Gpulling manifest [K
pulling 60e05f210007:  94% ▕████████████████  ▏ 4.4 GB/4.7 GB   77 MB/s      3s[K[?25h[?2026l[?2026h[?25l[A[1Gpulling manifest [K
pulling 60e05f210007:  95% ▕█████████████████ ▏ 4.4 GB/4.7 GB   77 MB/s      3s[K[?25h[?2026l[?2026h[?25l[A[1Gpulling manifest [K
pulling 60e05f210007:  95% ▕█████████████████ ▏ 4.4 GB/4.7 GB   77 MB/s      3s[K[?25h[?2026l[?2026h[?25l[A[1Gpulling manifest [K
pulling 60e05f210007:  95% ▕█████████████████ ▏ 4.4 GB/4.7 GB   77 MB/s      3s[K[?25h[?2026l[?2026h[?25l[A[1Gpulling manifest [K
pulling 60e05f210007:  95% ▕█████████████████ ▏ 4.5 GB/4.7 GB   77 MB/s      2s[K[?25h[?2026l[?2026h[?25l[A[1Gpulling manifest [K
pulling 60e05f210007:  95% ▕█████████████████ ▏ 4.5 GB/4.7 GB   73 MB/s      2s[K[?25h[?2026l[?2026h[?25l[A[1Gpulling manifest [K
pulling 60e05f210007:  96% ▕█████████████████ ▏ 4.5 GB/4.7 GB   73 MB/s      2s[K[?25h[?2026l[?2026h[?25l[A[1Gpulling manifest [K
pulling 60e05f210007:  96% ▕█████████████████ ▏ 4.5 GB/4.7 GB   73 MB/s      2s[K[?25h[?2026l[?2026h[?25l[A[1Gpulling manifest [K
pulling 60e05f210007:  96% ▕█████████████████ ▏ 4.5 GB/4.7 GB   73 MB/s      2s[K[?25h[?2026l[?2026h[?25l[A[1Gpulling manifest [K
pulling 60e05f210007:  96% ▕█████████████████ ▏ 4.5 GB/4.7 GB   73 MB/s      2s[K[?25h[?2026l[?2026h[?25l[A[1Gpulling manifest [K
pulling 60e05f210007:  97% ▕█████████████████ ▏ 4.5 GB/4.7 GB   73 MB/s      2s[K[?25h[?2026l[?2026h[?25l[A[1Gpulling manifest [K
pulling 60e05f210007:  97% ▕█████████████████ ▏ 4.5 GB/4.7 GB   73 MB/s      2s[K[?25h[?2026l[?2026h[?25l[A[1Gpulling manifest [K
pulling 60e05f210007:  97% ▕█████████████████ ▏ 4.5 GB/4.7 GB   73 MB/s      1s[K[?25h[?2026l[?2026h[?25l[A[1Gpulling manifest [K
pulling 60e05f210007:  97% ▕█████████████████ ▏ 4.6 GB/4.7 GB   73 MB/s      1s[K[?25h[?2026l[?2026h[?25l[A[1Gpulling manifest [K
pulling 60e05f210007:  97% ▕█████████████████ ▏ 4.6 GB/4.7 GB   73 MB/s      1s[K[?25h[?2026l[?2026h[?25l[A[1Gpulling manifest [K
pulling 60e05f210007:  98% ▕█████████████████ ▏ 4.6 GB/4.7 GB   73 MB/s      1s[K[?25h[?2026l[?2026h[?25l[A[1Gpulling manifest [K
pulling 60e05f210007:  98% ▕█████████████████ ▏ 4.6 GB/4.7 GB   73 MB/s      1s[K[?25h[?2026l[?2026h[?25l[A[1Gpulling manifest [K
pulling 60e05f210007:  98% ▕█████████████████ ▏ 4.6 GB/4.7 GB   73 MB/s      1s[K[?25h[?2026l[?2026h[?25l[A[1Gpulling manifest [K
pulling 60e05f210007:  98% ▕█████████████████ ▏ 4.6 GB/4.7 GB   73 MB/s      1s[K[?25h[?2026l[?2026h[?25l[A[1Gpulling manifest [K
pulling 60e05f210007:  98% ▕█████████████████ ▏ 4.6 GB/4.7 GB   73 MB/s      0s[K[?25h[?2026l[?2026h[?25l[A[1Gpulling manifest [K
pulling 60e05f210007:  99% ▕█████████████████ ▏ 4.6 GB/4.7 GB   73 MB/s      0s[K[?25h[?2026l[?2026h[?25l[A[1Gpulling manifest [K
pulling 60e05f210007:  99% ▕█████████████████ ▏ 4.6 GB/4.7 GB   73 MB/s      0s[K[?25h[?2026l[?2026h[?25l[A[1Gpulling manifest [K
pulling 60e05f210007:  99% ▕█████████████████ ▏ 4.6 GB/4.7 GB   73 MB/s      0s[K[?25h[?2026l[?2026h[?25l[A[1Gpulling manifest [K
pulling 60e05f210007:  99% ▕█████████████████ ▏ 4.6 GB/4.7 GB   73 MB/s      0s[K[?25h[?2026l[?2026h[?25l[A[1Gpulling manifest [K
pulling 60e05f210007:  99% ▕█████████████████ ▏ 4.7 GB/4.7 GB   73 MB/s      0s[K[?25h[?2026l[?2026h[?25l[A[1Gpulling manifest [K
pulling 60e05f210007: 100% ▕█████████████████ ▏ 4.7 GB/4.7 GB   73 MB/s      0s[K[?25h[?2026l[?2026h[?25l[A[1Gpulling manifest [K
pulling 60e05f210007: 100% ▕█████████████████ ▏ 4.7 GB/4.7 GB   73 MB/s      0s[K[?25h[?2026l[?2026h[?25l[A[1Gpulling manifest [K
pulling 60e05f210007: 100% ▕█████████████████ ▏ 4.7 GB/4.7 GB   73 MB/s      0s[K[?25h[?2026l[?2026h[?25l[A[1Gpulling manifest [K
pulling 60e05f210007: 100% ▕█████████████████ ▏ 4.7 GB/4.7 GB   73 MB/s      0s[K[?25h[?2026l[?2026h[?25l[A[1Gpulling manifest [K
pulling 60e05f210007: 100% ▕██████████████████▏ 4.7 GB                         [K[?25h[?2026l[?2026h[?25l[A[1Gpulling manifest [K
pulling 60e05f210007: 100% ▕██████████████████▏ 4.7 GB                         [K[?25h[?2026l[?2026h[?25l[A[1Gpulling manifest [K
pulling 60e05f210007: 100% ▕██████████████████▏ 4.7 GB                         [K[?25h[?2026l[?2026h[?25l[A[1Gpulling manifest [K
pulling 60e05f210007: 100% ▕██████████████████▏ 4.7 GB                         [K[?25h[?2026l[?2026h[?25l[A[1Gpulling manifest [K
pulling 60e05f210007: 100% ▕██████████████████▏ 4.7 GB                         [K[?25h[?2026l[?2026h[?25l[A[1Gpulling manifest [K
pulling 60e05f210007: 100% ▕██████████████████▏ 4.7 GB                         [K[?25h[?2026l[?2026h[?25l[A[1Gpulling manifest [K
pulling 60e05f210007: 100% ▕██████████████████▏ 4.7 GB                         [K[?25h[?2026l[?2026h[?25l[A[1Gpulling manifest [K
pulling 60e05f210007: 100% ▕██████████████████▏ 4.7 GB                         [K[?25h[?2026l[?2026h[?25l[A[1Gpulling manifest [K
pulling 60e05f210007: 100% ▕██████████████████▏ 4.7 GB                         [K[?25h[?2026l[?2026h[?25l[A[1Gpulling manifest [K
pulling 60e05f210007: 100% ▕██████████████████▏ 4.7 GB                         [K[?25h[?2026l[?2026h[?25l[A[1Gpulling manifest [K
pulling 60e05f210007: 100% ▕██████████████████▏ 4.7 GB                         [K[?25h[?2026l[?2026h[?25l[A[1Gpulling manifest [K
pulling 60e05f210007: 100% ▕██████████████████▏ 4.7 GB                         [K[?25h[?2026l[?2026h[?25l[A[1Gpulling manifest [K
pulling 60e05f210007: 100% ▕██████████████████▏ 4.7 GB                         [K[?25h[?2026l[?2026h[?25l[A[1Gpulling manifest [K
pulling 60e05f210007: 100% ▕██████████████████▏ 4.7 GB                         [K[?25h[?2026l[?2026h[?25l[A[1Gpulling manifest [K
pulling 60e05f210007: 100% ▕██████████████████▏ 4.7 GB                         [K[?25h[?2026l[?2026h[?25l[A[1Gpulling manifest [K
pulling 60e05f210007: 100% ▕██████████████████▏ 4.7 GB                         [K[?25h[?2026l[?2026h[?25l[A[1Gpulling manifest [K
pulling 60e05f210007: 100% ▕██████████████████▏ 4.7 GB                         [K[?25h[?2026l[?2026h[?25l[A[1Gpulling manifest [K
pulling 60e05f210007: 100% ▕██████████████████▏ 4.7 GB                         [K[?25h[?2026l[?2026h[?25l[A[1Gpulling manifest [K
pulling 60e05f210007: 100% ▕██████████████████▏ 4.7 GB                         [K[?25h[?2026l[?2026h[?25l[A[1Gpulling manifest [K
pulling 60e05f210007: 100% ▕██████████████████▏ 4.7 GB                         [K[?25h[?2026l[?2026h[?25l[A[1Gpulling manifest [K
pulling 60e05f210007: 100% ▕██████████████████▏ 4.7 GB                         [K[?25h[?2026l[?2026h[?25l[A[1Gpulling manifest [K
pulling 60e05f210007: 100% ▕██████████████████▏ 4.7 GB                         [K[?25h[?2026l[?2026h[?25l[A[1Gpulling manifest [K
pulling 60e05f210007: 100% ▕██████████████████▏ 4.7 GB                         [K[?25h[?2026l[?2026h[?25l[A[1Gpulling manifest [K
pulling 60e05f210007: 100% ▕██████████████████▏ 4.7 GB                         [K[?25h[?2026l[?2026h[?25l[A[1Gpulling manifest [K
pulling 60e05f210007: 100% ▕██████████████████▏ 4.7 GB                         [K[?25h[?2026l[?2026h[?25l[A[1Gpulling manifest [K
pulling 60e05f210007: 100% ▕██████████████████▏ 4.7 GB                         [K[?25h[?2026l[?2026h[?25l[A[1Gpulling manifest [K
pulling 60e05f210007: 100% ▕██████████████████▏ 4.7 GB                         [K[?25h[?2026l[?2026h[?25l[A[1Gpulling manifest [K
pulling 60e05f210007: 100% ▕██████████████████▏ 4.7 GB                         [K[?25h[?2026l[?2026h[?25l[A[1Gpulling manifest [K
pulling 60e05f210007: 100% ▕██████████████████▏ 4.7 GB                         [K[?25h[?2026l[?2026h[?25l[A[1Gpulling manifest [K
pulling 60e05f210007: 100% ▕██████████████████▏ 4.7 GB                         [K[?25h[?2026l[?2026h[?25l[A[1Gpulling manifest [K
pulling 60e05f210007: 100% ▕██████████████████▏ 4.7 GB                         [K[?25h[?2026l[?2026h[?25l[A[1Gpulling manifest [K
pulling 60e05f210007: 100% ▕██████████████████▏ 4.7 GB                         [K[?25h[?2026l[?2026h[?25l[A[1Gpulling manifest [K
pulling 60e05f210007: 100% ▕██████████████████▏ 4.7 GB                         [K[?25h[?2026l[?2026h[?25l[A[1Gpulling manifest [K
pulling 60e05f210007: 100% ▕██████████████████▏ 4.7 GB                         [K[?25h[?2026l[?2026h[?25l[A[1Gpulling manifest [K
pulling 60e05f210007: 100% ▕██████████████████▏ 4.7 GB                         [K[?25h[?2026l[?2026h[?25l[A[1Gpulling manifest [K
pulling 60e05f210007: 100% ▕██████████████████▏ 4.7 GB                         [K[?25h[?2026l[?2026h[?25l[A[1Gpulling manifest [K
pulling 60e05f210007: 100% ▕██████████████████▏ 4.7 GB                         [K[?25h[?2026l[?2026h[?25l[A[1Gpulling manifest [K
pulling 60e05f210007: 100% ▕██████████████████▏ 4.7 GB                         [K[?25h[?2026l[?2026h[?25l[A[1Gpulling manifest [K
pulling 60e05f210007: 100% ▕██████████████████▏ 4.7 GB                         [K[?25h[?2026l[?2026h[?25l[A[1Gpulling manifest [K
pulling 60e05f210007: 100% ▕██████████████████▏ 4.7 GB                         [K[?25h[?2026l[?2026h[?25l[A[1Gpulling manifest [K
pulling 60e05f210007: 100% ▕██████████████████▏ 4.7 GB                         [K[?25h[?2026l[?2026h[?25l[A[1Gpulling manifest [K
pulling 60e05f210007: 100% ▕██████████████████▏ 4.7 GB                         [K[?25h[?2026l[?2026h[?25l[A[1Gpulling manifest [K
pulling 60e05f210007: 100% ▕██████████████████▏ 4.7 GB                         [K[?25h[?2026l[?2026h[?25l[A[1Gpulling manifest [K
pulling 60e05f210007: 100% ▕██████████████████▏ 4.7 GB                         [K[?25h[?2026l[?2026h[?25l[A[1Gpulling manifest [K
pulling 60e05f210007: 100% ▕██████████████████▏ 4.7 GB                         [K[?25h[?2026l[?2026h[?25l[A[1Gpulling manifest [K
pulling 60e05f210007: 100% ▕██████████████████▏ 4.7 GB                         [K[?25h[?2026l[?2026h[?25l[A[1Gpulling manifest [K
pulling 60e05f210007: 100% ▕██████████████████▏ 4.7 GB                         [K[?25h[?2026l[?2026h[?25l[A[1Gpulling manifest [K
pulling 60e05f210007: 100% ▕██████████████████▏ 4.7 GB                         [K[?25h[?2026l[?2026h[?25l[A[1Gpulling manifest [K
pulling 60e05f210007: 100% ▕██████████████████▏ 4.7 GB                         [K[?25h[?2026l[?2026h[?25l[A[1Gpulling manifest [K
pulling 60e05f210007: 100% ▕██████████████████▏ 4.7 GB                         [K[?25h[?2026l[?2026h[?25l[A[1Gpulling manifest [K
pulling 60e05f210007: 100% ▕██████████████████▏ 4.7 GB                         [K[?25h[?2026l[?2026h[?25l[A[1Gpulling manifest [K
pulling 60e05f210007: 100% ▕██████████████████▏ 4.7 GB                         [K[?25h[?2026l[?2026h[?25l[A[1Gpulling manifest [K
pulling 60e05f210007: 100% ▕██████████████████▏ 4.7 GB                         [K[?25h[?2026l[?2026h[?25l[A[1Gpulling manifest [K
pulling 60e05f210007: 100% ▕██████████████████▏ 4.7 GB                         [K[?25h[?2026l[?2026h[?25l[A[1Gpulling manifest [K
pulling 60e05f210007: 100% ▕██████████████████▏ 4.7 GB                         [K[?25h[?2026l[?2026h[?25l[A[1Gpulling manifest [K
pulling 60e05f210007: 100% ▕██████████████████▏ 4.7 GB                         [K[?25h[?2026l[?2026h[?25l[A[1Gpulling manifest [K
pulling 60e05f210007: 100% ▕██████████████████▏ 4.7 GB                         [K[?25h[?2026l[?2026h[?25l[A[1Gpulling manifest [K
pulling 60e05f210007: 100% ▕██████████████████▏ 4.7 GB                         [K
verifying sha256 digest ⠋ [K[?25h[?2026l[?2026h[?25l[A[A[1Gpulling manifest [K
pulling 60e05f210007: 100% ▕██████████████████▏ 4.7 GB                         [K
verifying sha256 digest ⠙ [K[?25h[?2026l[?2026h[?25l[A[A[1Gpulling manifest [K
pulling 60e05f210007: 100% ▕██████████████████▏ 4.7 GB                         [K
verifying sha256 digest ⠹ [K[?25h[?2026l[?2026h[?25l[A[A[1Gpulling manifest [K
pulling 60e05f210007: 100% ▕██████████████████▏ 4.7 GB                         [K
verifying sha256 digest ⠸ [K[?25h[?2026l[?2026h[?25l[A[A[1Gpulling manifest [K
pulling 60e05f210007: 100% ▕██████████████████▏ 4.7 GB                         [K
verifying sha256 digest ⠼ [K[?25h[?2026l[?2026h[?25l[A[A[1Gpulling manifest [K
pulling 60e05f210007: 100% ▕██████████████████▏ 4.7 GB                         [K
verifying sha256 digest ⠴ [K[?25h[?2026l[?2026h[?25l[A[A[1Gpulling manifest [K
pulling 60e05f210007: 100% ▕██████████████████▏ 4.7 GB                         [K
verifying sha256 digest ⠦ [K[?25h[?2026l[?2026h[?25l[A[A[1Gpulling manifest [K
pulling 60e05f210007: 100% ▕██████████████████▏ 4.7 GB                         [K
verifying sha256 digest ⠧ [K[?25h[?2026l[?2026h[?25l[A[A[1Gpulling manifest [K
pulling 60e05f210007: 100% ▕██████████████████▏ 4.7 GB                         [K
verifying sha256 digest ⠇ [K[?25h[?2026l[?2026h[?25l[A[A[1Gpulling manifest [K
pulling 60e05f210007: 100% ▕██████████████████▏ 4.7 GB                         [K
verifying sha256 digest ⠏ [K[?25h[?2026l[?2026h[?25l[A[A[1Gpulling manifest [K
pulling 60e05f210007: 100% ▕██████████████████▏ 4.7 GB                         [K
verifying sha256 digest ⠋ [K[?25h[?2026l[?2026h[?25l[A[A[1Gpulling manifest [K
pulling 60e05f210007: 100% ▕██████████████████▏ 4.7 GB                         [K
verifying sha256 digest ⠙ [K[?25h[?2026l[?2026h[?25l[A[A[1Gpulling manifest [K
pulling 60e05f210007: 100% ▕██████████████████▏ 4.7 GB                         [K
verifying sha256 digest ⠹ [K[?25h[?2026l[?2026h[?25l[A[A[1Gpulling manifest [K
pulling 60e05f210007: 100% ▕██████████████████▏ 4.7 GB                         [K
verifying sha256 digest ⠸ [K[?25h[?2026l[?2026h[?25l[A[A[1Gpulling manifest [K
pulling 60e05f210007: 100% ▕██████████████████▏ 4.7 GB                         [K
verifying sha256 digest ⠼ [K[?25h[?2026l[?2026h[?25l[A[A[1Gpulling manifest [K
pulling 60e05f210007: 100% ▕██████████████████▏ 4.7 GB                         [K
verifying sha256 digest ⠴ [K[?25h[?2026l[?2026h[?25l[A[A[1Gpulling manifest [K
pulling 60e05f210007: 100% ▕██████████████████▏ 4.7 GB                         [K
verifying sha256 digest ⠦ [K[?25h[?2026l[?2026h[?25l[A[A[1Gpulling manifest [K
pulling 60e05f210007: 100% ▕██████████████████▏ 4.7 GB                         [K
verifying sha256 digest ⠧ [K[?25h[?2026l[?2026h[?25l[A[A[1Gpulling manifest [K
pulling 60e05f210007: 100% ▕██████████████████▏ 4.7 GB                         [K
verifying sha256 digest ⠇ [K[?25h[?2026l[?2026h[?25l[A[A[1Gpulling manifest [K
pulling 60e05f210007: 100% ▕██████████████████▏ 4.7 GB                         [K
verifying sha256 digest ⠏ [K[?25h[?2026l[?2026h[?25l[A[A[1Gpulling manifest [K
pulling 60e05f210007: 100% ▕██████████████████▏ 4.7 GB                         [K
verifying sha256 digest ⠋ [K[?25h[?2026l[?2026h[?25l[A[A[1Gpulling manifest [K
pulling 60e05f210007: 100% ▕██████████████████▏ 4.7 GB                         [K
verifying sha256 digest [K
writing manifest [K
success [K[?25h[?2026l
